Archive member included to satisfy reference by file (symbol)

F:/SES_nRF/lib/libc_v7em_fpv4_sp_d16_hard_t_le_eabi.a(libc2.o)
                              Output/twi_mpu6050_pca10056 Debug/Obj/nrf_log_str_formatter.o (isprint)
F:/SES_nRF/lib/libc_v7em_fpv4_sp_d16_hard_t_le_eabi.a(libc2_asm.o)
                              Output/twi_mpu6050_pca10056 Debug/Obj/nrf_log_frontend.o (memcpy)
F:/SES_nRF/lib/libc_v7em_fpv4_sp_d16_hard_t_le_eabi.a(libc.o)
                              F:/SES_nRF/lib/libc_v7em_fpv4_sp_d16_hard_t_le_eabi.a(libc2.o) (__heap_lock)
F:/SES_nRF/lib/libc_v7em_fpv4_sp_d16_hard_t_le_eabi.a(libc_asm.o)
                              F:/SES_nRF/lib/libc_v7em_fpv4_sp_d16_hard_t_le_eabi.a(libc2.o) (__aeabi_uldivmod)
F:/SES_nRF/lib/libdebugio_v7em_fpv4_sp_d16_hard_t_le_eabi.a(libdebugio.o)
                              Output/twi_mpu6050_pca10056 Debug/Obj/thumb_crt0.o (debug_fopen)
F:/SES_nRF/lib/libdebugio_mempoll_v7em_fpv4_sp_d16_hard_t_le_eabi.a(mempoll_debug_operations.o)
                              F:/SES_nRF/lib/libdebugio_v7em_fpv4_sp_d16_hard_t_le_eabi.a(libdebugio.o) (__do_debug_operation)
F:/SES_nRF/lib/libdebugio_mempoll_v7em_fpv4_sp_d16_hard_t_le_eabi.a(do_nv_debug_operation.o)
                              F:/SES_nRF/lib/libdebugio_v7em_fpv4_sp_d16_hard_t_le_eabi.a(libdebugio.o) (__do_nvdebug_operation)
F:/SES_nRF/lib/libm_v7em_fpv4_sp_d16_hard_t_le_eabi.a(libm_asm.o)
                              F:/SES_nRF/lib/libc_v7em_fpv4_sp_d16_hard_t_le_eabi.a(libc2.o) (__aeabi_dadd)
F:/SES_nRF/lib/libm_v7em_fpv4_sp_d16_hard_t_le_eabi.a(libm2.o)
                              F:/SES_nRF/lib/libvfprintf_v7em_fpv4_sp_d16_hard_t_le_eabi.o (frexp)

Discarded input sections

 .text          0x0000000000000000        0x0 Output/twi_mpu6050_pca10056 Debug/Obj/thumb_crt0.o
 .data          0x0000000000000000        0x0 Output/twi_mpu6050_pca10056 Debug/Obj/thumb_crt0.o
 .bss           0x0000000000000000        0x0 Output/twi_mpu6050_pca10056 Debug/Obj/thumb_crt0.o
 .text.__aeabi_read_tp
                0x0000000000000000        0x8 Output/twi_mpu6050_pca10056 Debug/Obj/thumb_crt0.o
 .text.abort    0x0000000000000000        0x2 Output/twi_mpu6050_pca10056 Debug/Obj/thumb_crt0.o
 .text.__assert
                0x0000000000000000        0x2 Output/twi_mpu6050_pca10056 Debug/Obj/thumb_crt0.o
 .text.__assert_func
                0x0000000000000000        0x2 Output/twi_mpu6050_pca10056 Debug/Obj/thumb_crt0.o
 .text.__aeabi_assert
                0x0000000000000000        0x2 Output/twi_mpu6050_pca10056 Debug/Obj/thumb_crt0.o
 .text.__sync_synchronize
                0x0000000000000000        0x2 Output/twi_mpu6050_pca10056 Debug/Obj/thumb_crt0.o
 .text.__getchar
                0x0000000000000000        0x4 Output/twi_mpu6050_pca10056 Debug/Obj/thumb_crt0.o
 .text.__putchar
                0x0000000000000000        0x4 Output/twi_mpu6050_pca10056 Debug/Obj/thumb_crt0.o
 .text.__open   0x0000000000000000        0x4 Output/twi_mpu6050_pca10056 Debug/Obj/thumb_crt0.o
 .text.__close  0x0000000000000000        0x4 Output/twi_mpu6050_pca10056 Debug/Obj/thumb_crt0.o
 .text.__write  0x0000000000000000        0xa Output/twi_mpu6050_pca10056 Debug/Obj/thumb_crt0.o
 .text.__read   0x0000000000000000        0xa Output/twi_mpu6050_pca10056 Debug/Obj/thumb_crt0.o
 .text.__seek   0x0000000000000000       0x1a Output/twi_mpu6050_pca10056 Debug/Obj/thumb_crt0.o
 .bss.__user_locale_name_buffer
                0x0000000000000000        0x4 Output/twi_mpu6050_pca10056 Debug/Obj/thumb_crt0.o
 .stack         0x0000000000000000        0x0 Output/twi_mpu6050_pca10056 Debug/Obj/thumb_crt0.o
 .stack_process
                0x0000000000000000        0x0 Output/twi_mpu6050_pca10056 Debug/Obj/thumb_crt0.o
 .heap          0x0000000000000000        0x0 Output/twi_mpu6050_pca10056 Debug/Obj/thumb_crt0.o
 .group         0x0000000000000000        0xc Output/twi_mpu6050_pca10056 Debug/Obj/nrf_log_backend_rtt.o
 .group         0x0000000000000000        0xc Output/twi_mpu6050_pca10056 Debug/Obj/nrf_log_backend_rtt.o
 .group         0x0000000000000000        0xc Output/twi_mpu6050_pca10056 Debug/Obj/nrf_log_backend_rtt.o
 .group         0x0000000000000000        0xc Output/twi_mpu6050_pca10056 Debug/Obj/nrf_log_backend_rtt.o
 .group         0x0000000000000000        0xc Output/twi_mpu6050_pca10056 Debug/Obj/nrf_log_backend_rtt.o
 .group         0x0000000000000000        0xc Output/twi_mpu6050_pca10056 Debug/Obj/nrf_log_backend_rtt.o
 .group         0x0000000000000000        0xc Output/twi_mpu6050_pca10056 Debug/Obj/nrf_log_backend_rtt.o
 .group         0x0000000000000000        0xc Output/twi_mpu6050_pca10056 Debug/Obj/nrf_log_backend_rtt.o
 .group         0x0000000000000000        0xc Output/twi_mpu6050_pca10056 Debug/Obj/nrf_log_backend_rtt.o
 .group         0x0000000000000000        0xc Output/twi_mpu6050_pca10056 Debug/Obj/nrf_log_backend_rtt.o
[...]
Memory Configuration

Name             Origin             Length             Attributes
UNPLACED_SECTIONS 0x0000000100000000 0x0000000000000000 xw
RAM1             0x0000000020000000 0x0000000000040000 xw
FLASH            0x0000000000000000 0x0000000000100000 xw
*default*        0x0000000000000000 0xffffffffffffffff

Linker script and memory map

                0x00000000000066c8                __vfprintf = __vfprintf_long
                0x0000000000000000                __vfscanf = __vfscanf_long
                0x0000000020000000                __RAM1_segment_start__ = 0x20000000
                0x0000000020040000                __RAM1_segment_end__ = 0x20040000
                0x0000000000040000                __RAM1_segment_size__ = 0x40000
                0x0000000000000000                __FLASH_segment_start__ = 0x0
                0x0000000000100000                __FLASH_segment_end__ = 0x100000
                0x0000000000100000                __FLASH_segment_size__ = 0x100000
                0x0000000000002000                __HEAPSIZE__ = 0x2000
                0x0000000000000000                __STACKSIZE_PROCESS__ = 0x0
                0x0000000000002000                __STACKSIZE__ = 0x2000
                0x0000000020000000                __vectors_ram_load_start__ = 0x20000000

.vectors_ram    0x0000000020000000        0x0
                0x0000000020000000                __vectors_ram_start__ = .
                0x0000000020000000                __app_ram_start__ = __vectors_ram_start__
 *(.vectors_ram .vectors_ram.*)
                0x0000000020000000                __vectors_ram_end__ = (__vectors_ram_start__ + SIZEOF (.vectors_ram))
                0x0000000000000000                __vectors_ram_size__ = SIZEOF (.vectors_ram)
                0x0000000020000000                __vectors_ram_load_end__ = __vectors_ram_end__
                0x0000000000000001                . = ASSERT (((__vectors_ram_start__ == __vectors_ram_end__) || ((__vectors_ram_end__ - __RAM1_segment_start__) <= __RAM1_segment_size__)), error: .vectors_ram is too large to fit in RAM1 memory segment)
                0x0000000020000000                __nrf_sections_run_load_start__ = ALIGN (__vectors_ram_end__, 0x4)

.nrf_sections_run
                0x0000000020000000        0x0
                0x0000000020000000                __nrf_sections_run_start__ = .
                0x0000000020000000                __start_nrf_sections_run = __nrf_sections_run_start__
 *(.nrf_sections_run .nrf_sections_run.*)
                0x0000000020000000                __nrf_sections_run_end__ = (__nrf_sections_run_start__ + SIZEOF (.nrf_sections_run))
                0x0000000000000000                __nrf_sections_run_size__ = SIZEOF (.nrf_sections_run)
                0x0000000020000000                __nrf_sections_run_load_end__ = __nrf_sections_run_end__
                0x0000000000000001                . = ASSERT (((__nrf_sections_run_start__ == __nrf_sections_run_end__) || ((__nrf_sections_run_end__ - __RAM1_segment_start__) <= __RAM1_segment_size__)), error: .nrf_sections_run is too large to fit in RAM1 memory segment)
                0x0000000000000000                __vectors_load_start__ = 0x0

.vectors        0x0000000000000000      0x200
                0x0000000000000000                __vectors_start__ = .
 *(.vectors .vectors.*)
 .vectors       0x0000000000000000      0x200 Output/twi_mpu6050_pca10056 Debug/Obj/ses_startup_nrf52840.o
                0x0000000000000000                _vectors
                0x0000000000000200                __vectors_end__ = (__vectors_start__ + SIZEOF (.vectors))
                0x0000000000000200                __vectors_size__ = SIZEOF (.vectors)
                0x0000000000000200                __vectors_load_end__ = __vectors_end__
                0x0000000000000001                . = ASSERT (((__vectors_start__ == __vectors_end__) || ((__vectors_end__ - __FLASH_segment_start__) <= __FLASH_segment_size__)), error: .vectors is too large to fit in FLASH memory segment)
                0x0000000000000200                __init_load_start__ = ALIGN (__vectors_end__, 0x4)

.init           0x0000000000000200      0x1d0
                0x0000000000000200                __init_start__ = .
 *(.init .init.*)
 .init          0x0000000000000200      0x15c Output/twi_mpu6050_pca10056 Debug/Obj/thumb_crt0.o
                0x0000000000000200                _start
                0x00000000000002b4                exit
 .init          0x000000000000035c       0x18 Output/twi_mpu6050_pca10056 Debug/Obj/ses_startup_nrf52840.o
                0x000000000000035c                NMI_Handler
                0x000000000000035e                HardFault_Handler
                0x0000000000000360                MemoryManagement_Handler
                0x0000000000000362                BusFault_Handler
                0x0000000000000364                UsageFault_Handler
                0x0000000000000366                SVC_Handler
                0x0000000000000368                DebugMon_Handler
                0x000000000000036a                PendSV_Handler
                0x000000000000036c                SysTick_Handler
                0x000000000000036e                PWM1_IRQHandler
                0x000000000000036e                GPIOTE_IRQHandler
                0x000000000000036e                RTC0_IRQHandler
                0x000000000000036e                POWER_CLOCK_IRQHandler
                0x000000000000036e                RADIO_IRQHandler
                0x000000000000036e                PDM_IRQHandler
                0x000000000000036e                TEMP_IRQHandler
                0x000000000000036e                QDEC_IRQHandler
                0x000000000000036e                TIMER3_IRQHandler
                0x000000000000036e                PWM3_IRQHandler
                0x000000000000036e                FPU_IRQHandler
                0x000000000000036e                USBD_IRQHandler
                0x000000000000036e                QSPI_IRQHandler
                0x000000000000036e                TIMER4_IRQHandler
                0x000000000000036e                CRYPTOCELL_IRQHandler
                0x000000000000036e                SWI2_EGU2_IRQHandler
                0x000000000000036e                SWI4_EGU4_IRQHandler
                0x000000000000036e                TIMER0_IRQHandler
                0x000000000000036e                UARTE1_IRQHandler
                0x000000000000036e                Dummy_Handler
                0x000000000000036e                TIMER1_IRQHandler
                0x000000000000036e                SPIM3_IRQHandler
                0x000000000000036e                PWM2_IRQHandler
                0x000000000000036e                ECB_IRQHandler
                0x000000000000036e                SPIM1_SPIS1_TWIM1_TWIS1_SPI1_TWI1_IRQHandler
                0x000000000000036e                SAADC_IRQHandler
                0x000000000000036e                CCM_AAR_IRQHandler
                0x000000000000036e                WDT_IRQHandler
                0x000000000000036e                SWI0_EGU0_IRQHandler
                0x000000000000036e                SWI5_EGU5_IRQHandler
                0x000000000000036e                RNG_IRQHandler
                0x000000000000036e                RTC2_IRQHandler
                0x000000000000036e                PWM0_IRQHandler
                0x000000000000036e                SWI3_EGU3_IRQHandler
                0x000000000000036e                RTC1_IRQHandler
                0x000000000000036e                SWI1_EGU1_IRQHandler
                0x000000000000036e                SPIM2_SPIS2_SPI2_IRQHandler
                0x000000000000036e                NFCT_IRQHandler
                0x000000000000036e                I2S_IRQHandler
                0x000000000000036e                MWU_IRQHandler
                0x000000000000036e                TIMER2_IRQHandler
                0x000000000000036e                COMP_LPCOMP_IRQHandler
                0x0000000000000370                nRFInitialize
 .init          0x0000000000000374       0x5c Output/twi_mpu6050_pca10056 Debug/Obj/ses_startup_nrf_common.o
                0x0000000000000374                Reset_Handler
                0x0000000000000378                afterInitialize
                0x000000000000039c                InitializeUserMemorySections
                0x00000000000003d0                __init_end__ = (__init_start__ + SIZEOF (.init))
                0x00000000000001d0                __init_size__ = SIZEOF (.init)
                0x00000000000003d0                __init_load_end__ = __init_end__
                0x0000000000000001                . = ASSERT (((__init_start__ == __init_end__) || ((__init_end__ - __FLASH_segment_start__) <= __FLASH_segment_size__)), error: .init is too large to fit in FLASH memory segment)
                0x00000000000003d0                __init_rodata_load_start__ = ALIGN (__init_end__, 0x4)

.init_rodata    0x00000000000003d0        0x0
                0x00000000000003d0                __init_rodata_start__ = .
 *(.init_rodata .init_rodata.*)
                0x00000000000003d0                __init_rodata_end__ = (__init_rodata_start__ + SIZEOF (.init_rodata))
                0x0000000000000000                __init_rodata_size__ = SIZEOF (.init_rodata)
                0x00000000000003d0                __init_rodata_load_end__ = __init_rodata_end__
                0x0000000000000001                . = ASSERT (((__init_rodata_start__ == __init_rodata_end__) || ((__init_rodata_end__ - __FLASH_segment_start__) <= __FLASH_segment_size__)), error: .init_rodata is too large to fit in FLASH memory segment)
                0x00000000000003d0                __text_load_start__ = ALIGN (__init_rodata_end__, 0x4)

.text           0x00000000000003d0     0x692c
                0x00000000000003d0                __text_start__ = .
 *(.text .text.* .glue_7t .glue_7 .gnu.linkonce.t.* .gcc_except_table .ARM.extab* .gnu.linkonce.armextab.*)
 .glue_7        0x00000000000003d0        0x0 linker stubs
 .glue_7t       0x00000000000003d0        0x0 linker stubs
 .text.nrf_log_backend_serial_put
                0x00000000000003d0      0x124 Output/twi_mpu6050_pca10056 Debug/Obj/nrf_log_backend_serial.o
                0x00000000000003d0                nrf_log_backend_serial_put
 .text.nrf_drv_uart_uninit
                0x00000000000004f4       0x44 Output/twi_mpu6050_pca10056 Debug/Obj/nrf_log_backend_uart.o
 .text.nrf_drv_uart_tx
                0x0000000000000538       0x64 Output/twi_mpu6050_pca10056 Debug/Obj/nrf_log_backend_uart.o
 .text.uart_evt_handler
                0x000000000000059c       0x18 Output/twi_mpu6050_pca10056 Debug/Obj/nrf_log_backend_uart.o
 .text.uart_init
                0x00000000000005b4       0x88 Output/twi_mpu6050_pca10056 Debug/Obj/nrf_log_backend_uart.o
 .text.nrf_log_backend_uart_init
                0x000000000000063c       0x1c Output/twi_mpu6050_pca10056 Debug/Obj/nrf_log_backend_uart.o
                0x000000000000063c                nrf_log_backend_uart_init
 .text.serial_tx
                0x0000000000000658       0x6c Output/twi_mpu6050_pca10056 Debug/Obj/nrf_log_backend_uart.o
 .text.nrf_log_backend_uart_put
                0x00000000000006c4       0x28 Output/twi_mpu6050_pca10056 Debug/Obj/nrf_log_backend_uart.o
 .text.nrf_log_backend_uart_flush
                0x00000000000006ec        0xa Output/twi_mpu6050_pca10056 Debug/Obj/nrf_log_backend_uart.o
 *fill*         0x00000000000006f6        0x2 
 .text.nrf_log_backend_uart_panic_set
                0x00000000000006f8       0x20 Output/twi_mpu6050_pca10056 Debug/Obj/nrf_log_backend_uart.o
 .text.nrf_log_backend_enable
                0x0000000000000718       0x12 Output/twi_mpu6050_pca10056 Debug/Obj/nrf_log_default_backends.o
 *fill*         0x000000000000072a        0x2 
 .text.nrf_log_default_backends_init
                0x000000000000072c       0x3c Output/twi_mpu6050_pca10056 Debug/Obj/nrf_log_default_backends.o
                0x000000000000072c                nrf_log_default_backends_init
 .text.nrf_log_backend_put
                0x0000000000000768       0x1c Output/twi_mpu6050_pca10056 Debug/Obj/nrf_log_frontend.o
 .text.nrf_log_backend_panic_set
                0x0000000000000784       0x18 Output/twi_mpu6050_pca10056 Debug/Obj/nrf_log_frontend.o
 .text.nrf_log_backend_flush
                0x000000000000079c       0x18 Output/twi_mpu6050_pca10056 Debug/Obj/nrf_log_frontend.o
 .text.nrf_log_backend_id_set
                0x00000000000007b4       0x1a Output/twi_mpu6050_pca10056 Debug/Obj/nrf_log_frontend.o
 .text.nrf_log_backend_id_get
                0x00000000000007ce       0x10 Output/twi_mpu6050_pca10056 Debug/Obj/nrf_log_frontend.o
 .text.nrf_log_backend_enable
                0x00000000000007de       0x12 Output/twi_mpu6050_pca10056 Debug/Obj/nrf_log_frontend.o
 .text.nrf_log_backend_is_enabled
                0x00000000000007f0       0x10 Output/twi_mpu6050_pca10056 Debug/Obj/nrf_log_frontend.o
 .text.nrf_log_init
                0x0000000000000800       0x50 Output/twi_mpu6050_pca10056 Debug/Obj/nrf_log_frontend.o
                0x0000000000000800                nrf_log_init
 .text.nrf_log_module_cnt_get
                0x0000000000000850       0x14 Output/twi_mpu6050_pca10056 Debug/Obj/nrf_log_frontend.o
                0x0000000000000850                nrf_log_module_cnt_get
 .text.module_idx_get
                0x0000000000000864       0x64 Output/twi_mpu6050_pca10056 Debug/Obj/nrf_log_frontend.o
 .text.nrf_log_module_name_get
                0x00000000000008c8       0x40 Output/twi_mpu6050_pca10056 Debug/Obj/nrf_log_frontend.o
                0x00000000000008c8                nrf_log_module_name_get
 .text.nrf_log_color_id_get
                0x0000000000000908       0x70 Output/twi_mpu6050_pca10056 Debug/Obj/nrf_log_frontend.o
                0x0000000000000908                nrf_log_color_id_get
 .text.invalid_packets_omit
                0x0000000000000978       0x6e Output/twi_mpu6050_pca10056 Debug/Obj/nrf_log_frontend.o
 *fill*         0x00000000000009e6        0x2 
 .text.log_skip
                0x00000000000009e8      0x118 Output/twi_mpu6050_pca10056 Debug/Obj/nrf_log_frontend.o
 .text.dropped_sat16_get
                0x0000000000000b00       0x28 Output/twi_mpu6050_pca10056 Debug/Obj/nrf_log_frontend.o
 .text.std_header_set
                0x0000000000000b28       0xb4 Output/twi_mpu6050_pca10056 Debug/Obj/nrf_log_frontend.o
 .text.buf_prealloc
                0x0000000000000bdc      0x128 Output/twi_mpu6050_pca10056 Debug/Obj/nrf_log_frontend.o
 .text.std_n    0x0000000000000d04       0x94 Output/twi_mpu6050_pca10056 Debug/Obj/nrf_log_frontend.o
 .text.nrf_log_frontend_std_0
                0x0000000000000d98       0x1c Output/twi_mpu6050_pca10056 Debug/Obj/nrf_log_frontend.o
                0x0000000000000d98                nrf_log_frontend_std_0
 .text.nrf_log_frontend_std_1
                0x0000000000000db4       0x22 Output/twi_mpu6050_pca10056 Debug/Obj/nrf_log_frontend.o
                0x0000000000000db4                nrf_log_frontend_std_1
 .text.nrf_log_frontend_std_2
                0x0000000000000dd6       0x28 Output/twi_mpu6050_pca10056 Debug/Obj/nrf_log_frontend.o
                0x0000000000000dd6                nrf_log_frontend_std_2
 .text.nrf_log_frontend_std_5
                0x0000000000000dfe       0x34 Output/twi_mpu6050_pca10056 Debug/Obj/nrf_log_frontend.o
                0x0000000000000dfe                nrf_log_frontend_std_5
 *fill*         0x0000000000000e32        0x2 
 .text.buffer_is_empty
                0x0000000000000e34       0x1c Output/twi_mpu6050_pca10056 Debug/Obj/nrf_log_frontend.o
                0x0000000000000e34                buffer_is_empty
 .text.nrf_log_frontend_dequeue
                0x0000000000000e50      0x3a0 Output/twi_mpu6050_pca10056 Debug/Obj/nrf_log_frontend.o
                0x0000000000000e50                nrf_log_frontend_dequeue
 .text.backend_id_assign
                0x00000000000011f0       0x68 Output/twi_mpu6050_pca10056 Debug/Obj/nrf_log_frontend.o
 .text.nrf_log_backend_add
                0x0000000000001258       0x70 Output/twi_mpu6050_pca10056 Debug/Obj/nrf_log_frontend.o
                0x0000000000001258                nrf_log_backend_add
 .text.nrf_log_panic
                0x00000000000012c8       0x3c Output/twi_mpu6050_pca10056 Debug/Obj/nrf_log_frontend.o
                0x00000000000012c8                nrf_log_panic
 .text.timestamp_print
                0x0000000000001304        0xc Output/twi_mpu6050_pca10056 Debug/Obj/nrf_log_str_formatter.o
 .text.prefix_process
                0x0000000000001310       0xb0 Output/twi_mpu6050_pca10056 Debug/Obj/nrf_log_str_formatter.o
 .text.postfix_process
                0x00000000000013c0       0x60 Output/twi_mpu6050_pca10056 Debug/Obj/nrf_log_str_formatter.o
 .text.nrf_log_std_entry_process
                0x0000000000001420      0x144 Output/twi_mpu6050_pca10056 Debug/Obj/nrf_log_str_formatter.o
                0x0000000000001420                nrf_log_std_entry_process
 .text.nrf_log_hexdump_entry_process
                0x0000000000001564       0xf0 Output/twi_mpu6050_pca10056 Debug/Obj/nrf_log_str_formatter.o
                0x0000000000001564                nrf_log_hexdump_entry_process
 .text.nrf_gpio_pin_port_decode
                0x0000000000001654       0x4c Output/twi_mpu6050_pca10056 Debug/Obj/boards.o
 .text.nrf_gpio_cfg
                0x00000000000016a0       0x62 Output/twi_mpu6050_pca10056 Debug/Obj/boards.o
 .text.nrf_gpio_cfg_output
                0x0000000000001702       0x22 Output/twi_mpu6050_pca10056 Debug/Obj/boards.o
 .text.nrf_gpio_cfg_input
                0x0000000000001724       0x2a Output/twi_mpu6050_pca10056 Debug/Obj/boards.o
 .text.nrf_gpio_pin_set
                0x000000000000174e       0x28 Output/twi_mpu6050_pca10056 Debug/Obj/boards.o
 .text.nrf_gpio_pin_clear
                0x0000000000001776       0x28 Output/twi_mpu6050_pca10056 Debug/Obj/boards.o
 .text.nrf_gpio_pin_write
                0x000000000000179e       0x24 Output/twi_mpu6050_pca10056 Debug/Obj/boards.o
 .text.nrf_gpio_port_out_set
                0x00000000000017c2       0x14 Output/twi_mpu6050_pca10056 Debug/Obj/boards.o
 .text.nrf_gpio_port_out_clear
                0x00000000000017d6       0x14 Output/twi_mpu6050_pca10056 Debug/Obj/boards.o
 .text.nrf_gpio_pin_present_check
                0x00000000000017ea       0x50 Output/twi_mpu6050_pca10056 Debug/Obj/boards.o
 *fill*         0x000000000000183a        0x2 
 .text.bsp_board_led_off
                0x000000000000183c       0x34 Output/twi_mpu6050_pca10056 Debug/Obj/boards.o
                0x000000000000183c                bsp_board_led_off
 .text.bsp_board_leds_off
                0x0000000000001870       0x26 Output/twi_mpu6050_pca10056 Debug/Obj/boards.o
                0x0000000000001870                bsp_board_leds_off
 *fill*         0x0000000000001896        0x2 
 .text.bsp_board_leds_init
                0x0000000000001898       0x34 Output/twi_mpu6050_pca10056 Debug/Obj/boards.o
 .text.bsp_board_buttons_init
                0x00000000000018cc       0x34 Output/twi_mpu6050_pca10056 Debug/Obj/boards.o
 .text.bsp_board_init
                0x0000000000001900       0x2a Output/twi_mpu6050_pca10056 Debug/Obj/boards.o
                0x0000000000001900                bsp_board_init
 *fill*         0x000000000000192a        0x2 
 .text.app_error_save_and_stop
                0x000000000000192c       0x98 Output/twi_mpu6050_pca10056 Debug/Obj/app_error.o
                0x000000000000192c                app_error_save_and_stop
 .text.app_error_handler
                0x00000000000019c4       0x1c Output/twi_mpu6050_pca10056 Debug/Obj/app_error_handler_gcc.o
                0x00000000000019c4                app_error_handler
 .text.app_error_fault_handler
                0x00000000000019e0      0x104 Output/twi_mpu6050_pca10056 Debug/Obj/app_error_weak.o
                0x00000000000019e0                app_error_fault_handler
 .text.app_util_disable_irq
                0x0000000000001ae4       0x18 Output/twi_mpu6050_pca10056 Debug/Obj/app_util_platform.o
                0x0000000000001ae4                app_util_disable_irq
 .text.app_util_enable_irq
                0x0000000000001afc       0x20 Output/twi_mpu6050_pca10056 Debug/Obj/app_util_platform.o
                0x0000000000001afc                app_util_enable_irq
 .text.app_util_critical_region_enter
                0x0000000000001b1c       0x28 Output/twi_mpu6050_pca10056 Debug/Obj/app_util_platform.o
                0x0000000000001b1c                app_util_critical_region_enter
 .text.app_util_critical_region_exit
                0x0000000000001b44       0x2c Output/twi_mpu6050_pca10056 Debug/Obj/app_util_platform.o
                0x0000000000001b44                app_util_critical_region_exit
 .text.privilege_level_get
                0x0000000000001b70       0x3a Output/twi_mpu6050_pca10056 Debug/Obj/app_util_platform.o
                0x0000000000001b70                privilege_level_get
 .text.assert_nrf_callback
                0x0000000000001baa       0x2c Output/twi_mpu6050_pca10056 Debug/Obj/nrf_assert.o
                0x0000000000001baa                assert_nrf_callback
 .text.nrf_atomic_u32_fetch_store
                0x0000000000001bd6       0x2e Output/twi_mpu6050_pca10056 Debug/Obj/nrf_atomic.o
                0x0000000000001bd6                nrf_atomic_u32_fetch_store
 .text.nrf_atomic_u32_or
                0x0000000000001c04       0x30 Output/twi_mpu6050_pca10056 Debug/Obj/nrf_atomic.o
                0x0000000000001c04                nrf_atomic_u32_or
 .text.nrf_atomic_u32_fetch_and
                0x0000000000001c34       0x30 Output/twi_mpu6050_pca10056 Debug/Obj/nrf_atomic.o
                0x0000000000001c34                nrf_atomic_u32_fetch_and
 .text.nrf_atomic_u32_add
                0x0000000000001c64       0x30 Output/twi_mpu6050_pca10056 Debug/Obj/nrf_atomic.o
                0x0000000000001c64                nrf_atomic_u32_add
 .text.nrf_atomic_u32_sub
                0x0000000000001c94       0x30 Output/twi_mpu6050_pca10056 Debug/Obj/nrf_atomic.o
                0x0000000000001c94                nrf_atomic_u32_sub
 .text.nrf_atomic_flag_set
                0x0000000000001cc4       0x18 Output/twi_mpu6050_pca10056 Debug/Obj/nrf_atomic.o
                0x0000000000001cc4                nrf_atomic_flag_set
 .text.nrf_atomic_flag_clear_fetch
                0x0000000000001cdc       0x18 Output/twi_mpu6050_pca10056 Debug/Obj/nrf_atomic.o
                0x0000000000001cdc                nrf_atomic_flag_clear_fetch
 .text.nrf_balloc_idx2block
                0x0000000000001cf4       0x38 Output/twi_mpu6050_pca10056 Debug/Obj/nrf_balloc.o
 .text.nrf_balloc_block2idx
                0x0000000000001d2c       0x34 Output/twi_mpu6050_pca10056 Debug/Obj/nrf_balloc.o
 .text.nrf_balloc_init
                0x0000000000001d60       0xb8 Output/twi_mpu6050_pca10056 Debug/Obj/nrf_balloc.o
                0x0000000000001d60                nrf_balloc_init
 .text.nrf_balloc_alloc
                0x0000000000001e18       0x84 Output/twi_mpu6050_pca10056 Debug/Obj/nrf_balloc.o
                0x0000000000001e18                nrf_balloc_alloc
 .text.nrf_balloc_free
                0x0000000000001e9c       0x58 Output/twi_mpu6050_pca10056 Debug/Obj/nrf_balloc.o
                0x0000000000001e9c                nrf_balloc_free
 .text.nrf_fprintf_buffer_flush
                0x0000000000001ef4       0x44 Output/twi_mpu6050_pca10056 Debug/Obj/nrf_fprintf.o
                0x0000000000001ef4                nrf_fprintf_buffer_flush
 .text.nrf_fprintf
                0x0000000000001f38       0x74 Output/twi_mpu6050_pca10056 Debug/Obj/nrf_fprintf.o
                0x0000000000001f38                nrf_fprintf
 .text.buffer_add
                0x0000000000001fac       0x4c Output/twi_mpu6050_pca10056 Debug/Obj/nrf_fprintf_format.o
 .text.string_print
                0x0000000000001ff8       0xc2 Output/twi_mpu6050_pca10056 Debug/Obj/nrf_fprintf_format.o
 *fill*         0x00000000000020ba        0x2 
 .text.unsigned_print
                0x00000000000020bc      0x130 Output/twi_mpu6050_pca10056 Debug/Obj/nrf_fprintf_format.o
 .text.int_print
                0x00000000000021ec      0x11c Output/twi_mpu6050_pca10056 Debug/Obj/nrf_fprintf_format.o
 .text.nrf_fprintf_fmt
                0x0000000000002308      0x388 Output/twi_mpu6050_pca10056 Debug/Obj/nrf_fprintf_format.o
                0x0000000000002308                nrf_fprintf_fmt
 .text.nrf_memobj_pool_init
                0x0000000000002690       0x16 Output/twi_mpu6050_pca10056 Debug/Obj/nrf_memobj.o
                0x0000000000002690                nrf_memobj_pool_init
 .text.nrf_memobj_alloc
                0x00000000000026a6       0xae Output/twi_mpu6050_pca10056 Debug/Obj/nrf_memobj.o
                0x00000000000026a6                nrf_memobj_alloc
 .text.nrf_memobj_free
                0x0000000000002754       0x74 Output/twi_mpu6050_pca10056 Debug/Obj/nrf_memobj.o
                0x0000000000002754                nrf_memobj_free
 .text.nrf_memobj_get
                0x00000000000027c8       0x1e Output/twi_mpu6050_pca10056 Debug/Obj/nrf_memobj.o
                0x00000000000027c8                nrf_memobj_get
 .text.nrf_memobj_put
                0x00000000000027e6       0x34 Output/twi_mpu6050_pca10056 Debug/Obj/nrf_memobj.o
                0x00000000000027e6                nrf_memobj_put
 *fill*         0x000000000000281a        0x2 
 .text.memobj_op
                0x000000000000281c      0x124 Output/twi_mpu6050_pca10056 Debug/Obj/nrf_memobj.o
 .text.nrf_memobj_write
                0x0000000000002940       0x3c Output/twi_mpu6050_pca10056 Debug/Obj/nrf_memobj.o
                0x0000000000002940                nrf_memobj_write
 .text.nrf_memobj_read
                0x000000000000297c       0x40 Output/twi_mpu6050_pca10056 Debug/Obj/nrf_memobj.o
                0x000000000000297c                nrf_memobj_read
 .text.nrf_ringbuf_init
                0x00000000000029bc       0x3a Output/twi_mpu6050_pca10056 Debug/Obj/nrf_ringbuf.o
                0x00000000000029bc                nrf_ringbuf_init
 *fill*         0x00000000000029f6        0x2 
 .text.nrf_strerror_get
                0x00000000000029f8       0x28 Output/twi_mpu6050_pca10056 Debug/Obj/nrf_strerror.o
                0x00000000000029f8                nrf_strerror_get
 .text.nrf_strerror_find
                0x0000000000002a20       0x68 Output/twi_mpu6050_pca10056 Debug/Obj/nrf_strerror.o
                0x0000000000002a20                nrf_strerror_find
 .text.nrfx_coredep_delay_us
                0x0000000000002a88       0x30 Output/twi_mpu6050_pca10056 Debug/Obj/nrf_drv_twi.o
 .text.nrf_gpio_pin_port_decode
                0x0000000000002ab8       0x4c Output/twi_mpu6050_pca10056 Debug/Obj/nrf_drv_twi.o
 .text.nrf_gpio_pin_set
                0x0000000000002b04       0x28 Output/twi_mpu6050_pca10056 Debug/Obj/nrf_drv_twi.o
 .text.nrf_gpio_pin_clear
                0x0000000000002b2c       0x28 Output/twi_mpu6050_pca10056 Debug/Obj/nrf_drv_twi.o
 .text.nrf_gpio_pin_read
                0x0000000000002b54       0x2a Output/twi_mpu6050_pca10056 Debug/Obj/nrf_drv_twi.o
 .text.nrf_gpio_port_in_read
                0x0000000000002b7e       0x10 Output/twi_mpu6050_pca10056 Debug/Obj/nrf_drv_twi.o
 .text.nrf_gpio_port_out_set
                0x0000000000002b8e       0x14 Output/twi_mpu6050_pca10056 Debug/Obj/nrf_drv_twi.o
 .text.nrf_gpio_port_out_clear
                0x0000000000002ba2       0x14 Output/twi_mpu6050_pca10056 Debug/Obj/nrf_drv_twi.o
 .text.nrf_gpio_pin_present_check
                0x0000000000002bb6       0x50 Output/twi_mpu6050_pca10056 Debug/Obj/nrf_drv_twi.o
 .text.twi_clear_bus
                0x0000000000002c06       0xde Output/twi_mpu6050_pca10056 Debug/Obj/nrf_drv_twi.o
 .text.twim_evt_handler
                0x0000000000002ce4       0x6c Output/twi_mpu6050_pca10056 Debug/Obj/nrf_drv_twi.o
 .text.nrf_drv_twi_init
                0x0000000000002d50       0x68 Output/twi_mpu6050_pca10056 Debug/Obj/nrf_drv_twi.o
                0x0000000000002d50                nrf_drv_twi_init
 .text.uarte_evt_handler
                0x0000000000002db8       0x50 Output/twi_mpu6050_pca10056 Debug/Obj/nrf_drv_uart.o
 .text.uart_evt_handler
                0x0000000000002e08       0x50 Output/twi_mpu6050_pca10056 Debug/Obj/nrf_drv_uart.o
 .text.nrf_drv_uart_init
                0x0000000000002e58       0xdc Output/twi_mpu6050_pca10056 Debug/Obj/nrf_drv_uart.o
                0x0000000000002e58                nrf_drv_uart_init
 .text.UARTE0_UART0_IRQHandler
                0x0000000000002f34       0x24 Output/twi_mpu6050_pca10056 Debug/Obj/nrfx_prs.o
                0x0000000000002f34                UARTE0_UART0_IRQHandler
 .text.prs_box_get
                0x0000000000002f58       0x20 Output/twi_mpu6050_pca10056 Debug/Obj/nrfx_prs.o
 .text.nrfx_prs_acquire
                0x0000000000002f78       0x74 Output/twi_mpu6050_pca10056 Debug/Obj/nrfx_prs.o
                0x0000000000002f78                nrfx_prs_acquire
 .text.nrfx_prs_release
                0x0000000000002fec       0x3c Output/twi_mpu6050_pca10056 Debug/Obj/nrfx_prs.o
                0x0000000000002fec                nrfx_prs_release
 .text.__NVIC_EnableIRQ
                0x0000000000003028       0x34 Output/twi_mpu6050_pca10056 Debug/Obj/nrfx_twim.o
 .text.__NVIC_ClearPendingIRQ
                0x000000000000305c       0x38 Output/twi_mpu6050_pca10056 Debug/Obj/nrfx_twim.o
 .text.__NVIC_SetPriority
                0x0000000000003094       0x50 Output/twi_mpu6050_pca10056 Debug/Obj/nrfx_twim.o
 .text.nrfx_is_in_ram
                0x00000000000030e4       0x1c Output/twi_mpu6050_pca10056 Debug/Obj/nrfx_twim.o
 .text.nrfx_get_irq_number
                0x0000000000003100       0x10 Output/twi_mpu6050_pca10056 Debug/Obj/nrfx_twim.o
 .text._NRFX_IRQ_PRIORITY_SET
                0x0000000000003110       0x40 Output/twi_mpu6050_pca10056 Debug/Obj/nrfx_twim.o
 .text._NRFX_IRQ_ENABLE
                0x0000000000003150       0x1c Output/twi_mpu6050_pca10056 Debug/Obj/nrfx_twim.o
 .text._NRFX_IRQ_PENDING_CLEAR
                0x000000000000316c       0x1c Output/twi_mpu6050_pca10056 Debug/Obj/nrfx_twim.o
 .text.nrf_twim_task_trigger
                0x0000000000003188       0x1c Output/twi_mpu6050_pca10056 Debug/Obj/nrfx_twim.o
 .text.nrf_twim_event_clear
                0x00000000000031a4       0x2a Output/twi_mpu6050_pca10056 Debug/Obj/nrfx_twim.o
 .text.nrf_twim_event_check
                0x00000000000031ce       0x24 Output/twi_mpu6050_pca10056 Debug/Obj/nrfx_twim.o
 .text.nrf_twim_int_enable
                0x00000000000031f2       0x14 Output/twi_mpu6050_pca10056 Debug/Obj/nrfx_twim.o
 .text.nrf_twim_int_disable
                0x0000000000003206       0x14 Output/twi_mpu6050_pca10056 Debug/Obj/nrfx_twim.o
 .text.nrf_twim_enable
                0x000000000000321a       0x12 Output/twi_mpu6050_pca10056 Debug/Obj/nrfx_twim.o
 .text.nrf_twim_disable
                0x000000000000322c       0x12 Output/twi_mpu6050_pca10056 Debug/Obj/nrfx_twim.o
 .text.nrf_twim_pins_set
                0x000000000000323e       0x1e Output/twi_mpu6050_pca10056 Debug/Obj/nrfx_twim.o
 .text.nrf_twim_frequency_set
                0x000000000000325c       0x14 Output/twi_mpu6050_pca10056 Debug/Obj/nrfx_twim.o
 .text.nrf_twim_errorsrc_get_and_clear
                0x0000000000003270       0x1c Output/twi_mpu6050_pca10056 Debug/Obj/nrfx_twim.o
 .text.nrf_twim_address_set
                0x000000000000328c       0x1a Output/twi_mpu6050_pca10056 Debug/Obj/nrfx_twim.o
 .text.nrf_twim_tx_buffer_set
                0x00000000000032a6       0x1e Output/twi_mpu6050_pca10056 Debug/Obj/nrfx_twim.o
 .text.nrf_twim_rx_buffer_set
                0x00000000000032c4       0x1e Output/twi_mpu6050_pca10056 Debug/Obj/nrfx_twim.o
 .text.nrf_twim_shorts_set
                0x00000000000032e2       0x14 Output/twi_mpu6050_pca10056 Debug/Obj/nrfx_twim.o
 .text.nrf_twim_txd_amount_get
                0x00000000000032f6       0x10 Output/twi_mpu6050_pca10056 Debug/Obj/nrfx_twim.o
 .text.nrf_twim_shorts_get
                0x0000000000003306       0x10 Output/twi_mpu6050_pca10056 Debug/Obj/nrfx_twim.o
 .text.nrf_twim_rxd_amount_get
                0x0000000000003316       0x10 Output/twi_mpu6050_pca10056 Debug/Obj/nrfx_twim.o
 .text.nrf_twim_tx_list_enable
                0x0000000000003326       0x12 Output/twi_mpu6050_pca10056 Debug/Obj/nrfx_twim.o
 .text.nrf_twim_tx_list_disable
                0x0000000000003338       0x12 Output/twi_mpu6050_pca10056 Debug/Obj/nrfx_twim.o
 .text.nrf_twim_rx_list_enable
                0x000000000000334a       0x12 Output/twi_mpu6050_pca10056 Debug/Obj/nrfx_twim.o
 .text.nrf_twim_rx_list_disable
                0x000000000000335c       0x12 Output/twi_mpu6050_pca10056 Debug/Obj/nrfx_twim.o
 *fill*         0x000000000000336e        0x2 
 .text.nrf_gpio_pin_port_decode
                0x0000000000003370       0x4c Output/twi_mpu6050_pca10056 Debug/Obj/nrfx_twim.o
 .text.nrf_gpio_cfg
                0x00000000000033bc       0x62 Output/twi_mpu6050_pca10056 Debug/Obj/nrfx_twim.o
 .text.nrf_gpio_pin_present_check
                0x000000000000341e       0x50 Output/twi_mpu6050_pca10056 Debug/Obj/nrfx_twim.o
 .text.twi_process_error
                0x000000000000346e       0x40 Output/twi_mpu6050_pca10056 Debug/Obj/nrfx_twim.o
 *fill*         0x00000000000034ae        0x2 
 .text.xfer_completeness_check
                0x00000000000034b0       0xfc Output/twi_mpu6050_pca10056 Debug/Obj/nrfx_twim.o
 .text.nrfx_twim_init
                0x00000000000035ac      0x148 Output/twi_mpu6050_pca10056 Debug/Obj/nrfx_twim.o
                0x00000000000035ac                nrfx_twim_init
 .text.nrfx_twim_enable
                0x00000000000036f4       0x50 Output/twi_mpu6050_pca10056 Debug/Obj/nrfx_twim.o
                0x00000000000036f4                nrfx_twim_enable
 .text.twim_list_enable_handle
                0x0000000000003744       0x40 Output/twi_mpu6050_pca10056 Debug/Obj/nrfx_twim.o
 .text.twim_xfer
                0x0000000000003784      0x440 Output/twi_mpu6050_pca10056 Debug/Obj/nrfx_twim.o
 .text.nrfx_twim_xfer
                0x0000000000003bc4       0x9c Output/twi_mpu6050_pca10056 Debug/Obj/nrfx_twim.o
                0x0000000000003bc4                nrfx_twim_xfer
 .text.nrfx_twim_tx
                0x0000000000003c60       0x50 Output/twi_mpu6050_pca10056 Debug/Obj/nrfx_twim.o
                0x0000000000003c60                nrfx_twim_tx
 .text.nrfx_twim_rx
                0x0000000000003cb0       0x44 Output/twi_mpu6050_pca10056 Debug/Obj/nrfx_twim.o
                0x0000000000003cb0                nrfx_twim_rx
 .text.twim_irq_handler
                0x0000000000003cf4      0x2a4 Output/twi_mpu6050_pca10056 Debug/Obj/nrfx_twim.o
 .text.SPIM0_SPIS0_TWIM0_TWIS0_SPI0_TWI0_IRQHandler
                0x0000000000003f98       0x18 Output/twi_mpu6050_pca10056 Debug/Obj/nrfx_twim.o
                0x0000000000003f98                SPIM0_SPIS0_TWIM0_TWIS0_SPI0_TWI0_IRQHandler
 .text.__NVIC_EnableIRQ
                0x0000000000003fb0       0x34 Output/twi_mpu6050_pca10056 Debug/Obj/nrfx_uart.o
 .text.__NVIC_DisableIRQ
                0x0000000000003fe4       0x44 Output/twi_mpu6050_pca10056 Debug/Obj/nrfx_uart.o
 .text.__NVIC_SetPriority
                0x0000000000004028       0x50 Output/twi_mpu6050_pca10056 Debug/Obj/nrfx_uart.o
 .text.nrfx_get_irq_number
                0x0000000000004078       0x10 Output/twi_mpu6050_pca10056 Debug/Obj/nrfx_uart.o
 .text._NRFX_IRQ_PRIORITY_SET
                0x0000000000004088       0x40 Output/twi_mpu6050_pca10056 Debug/Obj/nrfx_uart.o
 .text._NRFX_IRQ_ENABLE
                0x00000000000040c8       0x1c Output/twi_mpu6050_pca10056 Debug/Obj/nrfx_uart.o
 .text._NRFX_IRQ_DISABLE
                0x00000000000040e4       0x1c Output/twi_mpu6050_pca10056 Debug/Obj/nrfx_uart.o
 .text.nrf_uart_event_clear
                0x0000000000004100       0x2a Output/twi_mpu6050_pca10056 Debug/Obj/nrfx_uart.o
 .text.nrf_uart_event_check
                0x000000000000412a       0x24 Output/twi_mpu6050_pca10056 Debug/Obj/nrfx_uart.o
 .text.nrf_uart_int_enable
                0x000000000000414e       0x14 Output/twi_mpu6050_pca10056 Debug/Obj/nrfx_uart.o
 .text.nrf_uart_int_enable_check
                0x0000000000004162       0x20 Output/twi_mpu6050_pca10056 Debug/Obj/nrfx_uart.o
 .text.nrf_uart_int_disable
                0x0000000000004182       0x14 Output/twi_mpu6050_pca10056 Debug/Obj/nrfx_uart.o
 .text.nrf_uart_errorsrc_get_and_clear
                0x0000000000004196       0x1c Output/twi_mpu6050_pca10056 Debug/Obj/nrfx_uart.o
 .text.nrf_uart_enable
                0x00000000000041b2       0x12 Output/twi_mpu6050_pca10056 Debug/Obj/nrfx_uart.o
 .text.nrf_uart_disable
                0x00000000000041c4       0x12 Output/twi_mpu6050_pca10056 Debug/Obj/nrfx_uart.o
 .text.nrf_uart_txrx_pins_set
                0x00000000000041d6       0x1e Output/twi_mpu6050_pca10056 Debug/Obj/nrfx_uart.o
 .text.nrf_uart_txrx_pins_disconnect
                0x00000000000041f4       0x1c Output/twi_mpu6050_pca10056 Debug/Obj/nrfx_uart.o
 .text.nrf_uart_tx_pin_get
                0x0000000000004210       0x10 Output/twi_mpu6050_pca10056 Debug/Obj/nrfx_uart.o
 .text.nrf_uart_rx_pin_get
                0x0000000000004220       0x10 Output/twi_mpu6050_pca10056 Debug/Obj/nrfx_uart.o
 .text.nrf_uart_rts_pin_get
                0x0000000000004230       0x10 Output/twi_mpu6050_pca10056 Debug/Obj/nrfx_uart.o
 .text.nrf_uart_cts_pin_get
                0x0000000000004240       0x10 Output/twi_mpu6050_pca10056 Debug/Obj/nrfx_uart.o
 .text.nrf_uart_hwfc_pins_set
                0x0000000000004250       0x1e Output/twi_mpu6050_pca10056 Debug/Obj/nrfx_uart.o
 .text.nrf_uart_hwfc_pins_disconnect
                0x000000000000426e       0x1c Output/twi_mpu6050_pca10056 Debug/Obj/nrfx_uart.o
 .text.nrf_uart_rxd_get
                0x000000000000428a       0x12 Output/twi_mpu6050_pca10056 Debug/Obj/nrfx_uart.o
 .text.nrf_uart_txd_set
                0x000000000000429c       0x1a Output/twi_mpu6050_pca10056 Debug/Obj/nrfx_uart.o
 .text.nrf_uart_task_trigger
                0x00000000000042b6       0x1c Output/twi_mpu6050_pca10056 Debug/Obj/nrfx_uart.o
 .text.nrf_uart_configure
                0x00000000000042d2       0x2a Output/twi_mpu6050_pca10056 Debug/Obj/nrfx_uart.o
 .text.nrf_uart_baudrate_set
                0x00000000000042fc       0x14 Output/twi_mpu6050_pca10056 Debug/Obj/nrfx_uart.o
 .text.nrf_gpio_pin_port_decode
                0x0000000000004310       0x4c Output/twi_mpu6050_pca10056 Debug/Obj/nrfx_uart.o
 .text.nrf_gpio_cfg
                0x000000000000435c       0x62 Output/twi_mpu6050_pca10056 Debug/Obj/nrfx_uart.o
 .text.nrf_gpio_cfg_output
                0x00000000000043be       0x22 Output/twi_mpu6050_pca10056 Debug/Obj/nrfx_uart.o
 .text.nrf_gpio_cfg_input
                0x00000000000043e0       0x2a Output/twi_mpu6050_pca10056 Debug/Obj/nrfx_uart.o
 .text.nrf_gpio_cfg_default
                0x000000000000440a       0x22 Output/twi_mpu6050_pca10056 Debug/Obj/nrfx_uart.o
 .text.nrf_gpio_pin_set
                0x000000000000442c       0x28 Output/twi_mpu6050_pca10056 Debug/Obj/nrfx_uart.o
 .text.nrf_gpio_port_out_set
                0x0000000000004454       0x14 Output/twi_mpu6050_pca10056 Debug/Obj/nrfx_uart.o
 .text.nrf_gpio_pin_present_check
                0x0000000000004468       0x50 Output/twi_mpu6050_pca10056 Debug/Obj/nrfx_uart.o
 .text.apply_config
                0x00000000000044b8       0xc6 Output/twi_mpu6050_pca10056 Debug/Obj/nrfx_uart.o
 *fill*         0x000000000000457e        0x2 
 .text.interrupts_enable
                0x0000000000004580       0x6c Output/twi_mpu6050_pca10056 Debug/Obj/nrfx_uart.o
 .text.interrupts_disable
                0x00000000000045ec       0x30 Output/twi_mpu6050_pca10056 Debug/Obj/nrfx_uart.o
 .text.pins_to_default
                0x000000000000461c       0x8a Output/twi_mpu6050_pca10056 Debug/Obj/nrfx_uart.o
 *fill*         0x00000000000046a6        0x2 
 .text.nrfx_uart_init
                0x00000000000046a8       0xd4 Output/twi_mpu6050_pca10056 Debug/Obj/nrfx_uart.o
                0x00000000000046a8                nrfx_uart_init
 .text.nrfx_uart_uninit
                0x000000000000477c       0x5c Output/twi_mpu6050_pca10056 Debug/Obj/nrfx_uart.o
                0x000000000000477c                nrfx_uart_uninit
 .text.tx_byte  0x00000000000047d8       0x40 Output/twi_mpu6050_pca10056 Debug/Obj/nrfx_uart.o
 .text.tx_blocking
                0x0000000000004818       0x52 Output/twi_mpu6050_pca10056 Debug/Obj/nrfx_uart.o
 *fill*         0x000000000000486a        0x2 
 .text.nrfx_uart_tx
                0x000000000000486c      0x110 Output/twi_mpu6050_pca10056 Debug/Obj/nrfx_uart.o
                0x000000000000486c                nrfx_uart_tx
 .text.nrfx_uart_tx_in_progress
                0x000000000000497c       0x2c Output/twi_mpu6050_pca10056 Debug/Obj/nrfx_uart.o
                0x000000000000497c                nrfx_uart_tx_in_progress
 .text.rx_byte  0x00000000000049a8       0x4e Output/twi_mpu6050_pca10056 Debug/Obj/nrfx_uart.o
 .text.rx_done_event
                0x00000000000049f6       0x2e Output/twi_mpu6050_pca10056 Debug/Obj/nrfx_uart.o
 .text.tx_done_event
                0x0000000000004a24       0x34 Output/twi_mpu6050_pca10056 Debug/Obj/nrfx_uart.o
 .text.uart_irq_handler
                0x0000000000004a58      0x1de Output/twi_mpu6050_pca10056 Debug/Obj/nrfx_uart.o
 *fill*         0x0000000000004c36        0x2 
 .text.nrfx_uart_0_irq_handler
                0x0000000000004c38       0x18 Output/twi_mpu6050_pca10056 Debug/Obj/nrfx_uart.o
                0x0000000000004c38                nrfx_uart_0_irq_handler
 .text.__NVIC_EnableIRQ
                0x0000000000004c50       0x34 Output/twi_mpu6050_pca10056 Debug/Obj/nrfx_uarte.o
 .text.__NVIC_DisableIRQ
                0x0000000000004c84       0x44 Output/twi_mpu6050_pca10056 Debug/Obj/nrfx_uarte.o
 .text.__NVIC_SetPriority
                0x0000000000004cc8       0x50 Output/twi_mpu6050_pca10056 Debug/Obj/nrfx_uarte.o
 .text.nrfx_is_in_ram
                0x0000000000004d18       0x1c Output/twi_mpu6050_pca10056 Debug/Obj/nrfx_uarte.o
 .text.nrfx_get_irq_number
                0x0000000000004d34       0x10 Output/twi_mpu6050_pca10056 Debug/Obj/nrfx_uarte.o
 .text._NRFX_IRQ_PRIORITY_SET
                0x0000000000004d44       0x40 Output/twi_mpu6050_pca10056 Debug/Obj/nrfx_uarte.o
 .text._NRFX_IRQ_ENABLE
                0x0000000000004d84       0x1c Output/twi_mpu6050_pca10056 Debug/Obj/nrfx_uarte.o
 .text._NRFX_IRQ_DISABLE
                0x0000000000004da0       0x1c Output/twi_mpu6050_pca10056 Debug/Obj/nrfx_uarte.o
 .text.nrf_uarte_event_clear
                0x0000000000004dbc       0x2a Output/twi_mpu6050_pca10056 Debug/Obj/nrfx_uarte.o
 .text.nrf_uarte_event_check
                0x0000000000004de6       0x24 Output/twi_mpu6050_pca10056 Debug/Obj/nrfx_uarte.o
 .text.nrf_uarte_shorts_disable
                0x0000000000004e0a       0x1e Output/twi_mpu6050_pca10056 Debug/Obj/nrfx_uarte.o
 .text.nrf_uarte_int_enable
                0x0000000000004e28       0x14 Output/twi_mpu6050_pca10056 Debug/Obj/nrfx_uarte.o
 .text.nrf_uarte_int_disable
                0x0000000000004e3c       0x14 Output/twi_mpu6050_pca10056 Debug/Obj/nrfx_uarte.o
 .text.nrf_uarte_errorsrc_get_and_clear
                0x0000000000004e50       0x1c Output/twi_mpu6050_pca10056 Debug/Obj/nrfx_uarte.o
 .text.nrf_uarte_enable
                0x0000000000004e6c       0x12 Output/twi_mpu6050_pca10056 Debug/Obj/nrfx_uarte.o
 .text.nrf_uarte_disable
                0x0000000000004e7e       0x12 Output/twi_mpu6050_pca10056 Debug/Obj/nrfx_uarte.o
 .text.nrf_uarte_txrx_pins_set
                0x0000000000004e90       0x1e Output/twi_mpu6050_pca10056 Debug/Obj/nrfx_uarte.o
 .text.nrf_uarte_txrx_pins_disconnect
                0x0000000000004eae       0x1c Output/twi_mpu6050_pca10056 Debug/Obj/nrfx_uarte.o
 .text.nrf_uarte_tx_pin_get
                0x0000000000004eca       0x10 Output/twi_mpu6050_pca10056 Debug/Obj/nrfx_uarte.o
 .text.nrf_uarte_rx_pin_get
                0x0000000000004eda       0x10 Output/twi_mpu6050_pca10056 Debug/Obj/nrfx_uarte.o
 .text.nrf_uarte_rts_pin_get
                0x0000000000004eea       0x10 Output/twi_mpu6050_pca10056 Debug/Obj/nrfx_uarte.o
 .text.nrf_uarte_cts_pin_get
                0x0000000000004efa       0x10 Output/twi_mpu6050_pca10056 Debug/Obj/nrfx_uarte.o
 .text.nrf_uarte_hwfc_pins_set
                0x0000000000004f0a       0x1e Output/twi_mpu6050_pca10056 Debug/Obj/nrfx_uarte.o
 .text.nrf_uarte_hwfc_pins_disconnect
                0x0000000000004f28       0x1c Output/twi_mpu6050_pca10056 Debug/Obj/nrfx_uarte.o
 .text.nrf_uarte_task_trigger
                0x0000000000004f44       0x1c Output/twi_mpu6050_pca10056 Debug/Obj/nrfx_uarte.o
 .text.nrf_uarte_configure
                0x0000000000004f60       0x2a Output/twi_mpu6050_pca10056 Debug/Obj/nrfx_uarte.o
 .text.nrf_uarte_baudrate_set
                0x0000000000004f8a       0x14 Output/twi_mpu6050_pca10056 Debug/Obj/nrfx_uarte.o
 .text.nrf_uarte_tx_buffer_set
                0x0000000000004f9e       0x1e Output/twi_mpu6050_pca10056 Debug/Obj/nrfx_uarte.o
 .text.nrf_uarte_tx_amount_get
                0x0000000000004fbc       0x10 Output/twi_mpu6050_pca10056 Debug/Obj/nrfx_uarte.o
 .text.nrf_uarte_rx_amount_get
                0x0000000000004fcc       0x10 Output/twi_mpu6050_pca10056 Debug/Obj/nrfx_uarte.o
 .text.nrf_gpio_pin_port_decode
                0x0000000000004fdc       0x4c Output/twi_mpu6050_pca10056 Debug/Obj/nrfx_uarte.o
 .text.nrf_gpio_cfg
                0x0000000000005028       0x62 Output/twi_mpu6050_pca10056 Debug/Obj/nrfx_uarte.o
 .text.nrf_gpio_cfg_output
                0x000000000000508a       0x22 Output/twi_mpu6050_pca10056 Debug/Obj/nrfx_uarte.o
 .text.nrf_gpio_cfg_input
                0x00000000000050ac       0x2a Output/twi_mpu6050_pca10056 Debug/Obj/nrfx_uarte.o
 .text.nrf_gpio_cfg_default
                0x00000000000050d6       0x22 Output/twi_mpu6050_pca10056 Debug/Obj/nrfx_uarte.o
 .text.nrf_gpio_pin_set
                0x00000000000050f8       0x28 Output/twi_mpu6050_pca10056 Debug/Obj/nrfx_uarte.o
 .text.nrf_gpio_port_out_set
                0x0000000000005120       0x14 Output/twi_mpu6050_pca10056 Debug/Obj/nrfx_uarte.o
 .text.nrf_gpio_pin_present_check
                0x0000000000005134       0x50 Output/twi_mpu6050_pca10056 Debug/Obj/nrfx_uarte.o
 .text.apply_config
                0x0000000000005184       0xc6 Output/twi_mpu6050_pca10056 Debug/Obj/nrfx_uarte.o
 *fill*         0x000000000000524a        0x2 
 .text.interrupts_enable
                0x000000000000524c       0x98 Output/twi_mpu6050_pca10056 Debug/Obj/nrfx_uarte.o
 .text.interrupts_disable
                0x00000000000052e4       0x30 Output/twi_mpu6050_pca10056 Debug/Obj/nrfx_uarte.o
 .text.pins_to_default
                0x0000000000005314       0x8a Output/twi_mpu6050_pca10056 Debug/Obj/nrfx_uarte.o
 *fill*         0x000000000000539e        0x2 
 .text.nrfx_uarte_init
                0x00000000000053a0       0xcc Output/twi_mpu6050_pca10056 Debug/Obj/nrfx_uarte.o
                0x00000000000053a0                nrfx_uarte_init
 .text.nrfx_uarte_uninit
                0x000000000000546c       0xc4 Output/twi_mpu6050_pca10056 Debug/Obj/nrfx_uarte.o
                0x000000000000546c                nrfx_uarte_uninit
 .text.nrfx_uarte_tx
                0x0000000000005530      0x180 Output/twi_mpu6050_pca10056 Debug/Obj/nrfx_uarte.o
                0x0000000000005530                nrfx_uarte_tx
 .text.nrfx_uarte_tx_in_progress
                0x00000000000056b0       0x30 Output/twi_mpu6050_pca10056 Debug/Obj/nrfx_uarte.o
                0x00000000000056b0                nrfx_uarte_tx_in_progress
 .text.rx_done_event
                0x00000000000056e0       0x2e Output/twi_mpu6050_pca10056 Debug/Obj/nrfx_uarte.o
 .text.tx_done_event
                0x000000000000570e       0x34 Output/twi_mpu6050_pca10056 Debug/Obj/nrfx_uarte.o
 .text.uarte_irq_handler
                0x0000000000005742      0x18c Output/twi_mpu6050_pca10056 Debug/Obj/nrfx_uarte.o
 *fill*         0x00000000000058ce        0x2 
 .text.nrfx_uarte_0_irq_handler
                0x00000000000058d0       0x18 Output/twi_mpu6050_pca10056 Debug/Obj/nrfx_uarte.o
                0x00000000000058d0                nrfx_uarte_0_irq_handler
 .text.nrf_drv_twi_enable
                0x00000000000058e8       0x18 Output/twi_mpu6050_pca10056 Debug/Obj/main.o
 .text.nrf_drv_twi_tx
                0x0000000000005900       0x40 Output/twi_mpu6050_pca10056 Debug/Obj/main.o
 .text.nrf_drv_twi_rx
                0x0000000000005940       0x38 Output/twi_mpu6050_pca10056 Debug/Obj/main.o
 .text.twi_handler
                0x0000000000005978      0x1e8 Output/twi_mpu6050_pca10056 Debug/Obj/main.o
                0x0000000000005978                twi_handler
 .text.twi_master_init
                0x0000000000005b60       0x60 Output/twi_mpu6050_pca10056 Debug/Obj/main.o
                0x0000000000005b60                twi_master_init
 .text.main     0x0000000000005bc0       0xa4 Output/twi_mpu6050_pca10056 Debug/Obj/main.o
                0x0000000000005bc0                main
 .text._DoInit  0x0000000000005c64       0x9c Output/twi_mpu6050_pca10056 Debug/Obj/SEGGER_RTT.o
 .text._WriteBlocking
                0x0000000000005d00       0xb2 Output/twi_mpu6050_pca10056 Debug/Obj/SEGGER_RTT.o
 .text._WriteNoCheck
                0x0000000000005db2       0x7e Output/twi_mpu6050_pca10056 Debug/Obj/SEGGER_RTT.o
 .text._GetAvailWriteSpace
                0x0000000000005e30       0x3c Output/twi_mpu6050_pca10056 Debug/Obj/SEGGER_RTT.o
 .text.SEGGER_RTT_WriteNoLock
                0x0000000000005e6c       0xa0 Output/twi_mpu6050_pca10056 Debug/Obj/SEGGER_RTT.o
                0x0000000000005e6c                SEGGER_RTT_WriteNoLock
 .text.SEGGER_RTT_Write
                0x0000000000005f0c       0x3c Output/twi_mpu6050_pca10056 Debug/Obj/SEGGER_RTT.o
                0x0000000000005f0c                SEGGER_RTT_Write
 .text.printf   0x0000000000005f48       0x4c Output/twi_mpu6050_pca10056 Debug/Obj/SEGGER_RTT_Syscalls_SES.o
                0x0000000000005f48                printf
 .text.__NVIC_SystemReset
                0x0000000000005f94       0x28 Output/twi_mpu6050_pca10056 Debug/Obj/system_nrf52840.o
 .text.nrf52_errata_36
                0x0000000000005fbc       0x54 Output/twi_mpu6050_pca10056 Debug/Obj/system_nrf52840.o
 .text.nrf52_errata_66
                0x0000000000006010       0x54 Output/twi_mpu6050_pca10056 Debug/Obj/system_nrf52840.o
 .text.nrf52_errata_98
                0x0000000000006064       0x54 Output/twi_mpu6050_pca10056 Debug/Obj/system_nrf52840.o
 .text.nrf52_errata_103
                0x00000000000060b8       0x54 Output/twi_mpu6050_pca10056 Debug/Obj/system_nrf52840.o
 .text.nrf52_errata_115
                0x000000000000610c       0x54 Output/twi_mpu6050_pca10056 Debug/Obj/system_nrf52840.o
 .text.nrf52_errata_120
                0x0000000000006160       0x54 Output/twi_mpu6050_pca10056 Debug/Obj/system_nrf52840.o
 .text.nrf52_errata_136
                0x00000000000061b4       0x54 Output/twi_mpu6050_pca10056 Debug/Obj/system_nrf52840.o
 .text.SystemCoreClockUpdate
                0x0000000000006208       0x14 Output/twi_mpu6050_pca10056 Debug/Obj/system_nrf52840.o
                0x0000000000006208                SystemCoreClockUpdate
 .text.SystemInit
                0x000000000000621c      0x254 Output/twi_mpu6050_pca10056 Debug/Obj/system_nrf52840.o
                0x000000000000621c                SystemInit
 .text.libc.__RAL_ascii_isctype
                0x0000000000006470       0x1c F:/SES_nRF/lib/libc_v7em_fpv4_sp_d16_hard_t_le_eabi.a(libc2.o)
 .text.libc.__RAL_ascii_toupper
                0x000000000000648c        0xc F:/SES_nRF/lib/libc_v7em_fpv4_sp_d16_hard_t_le_eabi.a(libc2.o)
 .text.libc.__RAL_ascii_tolower
                0x0000000000006498        0xc F:/SES_nRF/lib/libc_v7em_fpv4_sp_d16_hard_t_le_eabi.a(libc2.o)
 .text.libc.__RAL_ascii_iswctype
                0x00000000000064a4       0x1c F:/SES_nRF/lib/libc_v7em_fpv4_sp_d16_hard_t_le_eabi.a(libc2.o)
 .text.libc.__RAL_ascii_towupper
                0x00000000000064c0        0xc F:/SES_nRF/lib/libc_v7em_fpv4_sp_d16_hard_t_le_eabi.a(libc2.o)
 .text.libc.__RAL_ascii_towlower
                0x00000000000064cc        0xc F:/SES_nRF/lib/libc_v7em_fpv4_sp_d16_hard_t_le_eabi.a(libc2.o)
 .text.libc.__RAL_ascii_wctomb
                0x00000000000064d8        0xe F:/SES_nRF/lib/libc_v7em_fpv4_sp_d16_hard_t_le_eabi.a(libc2.o)
                0x00000000000064d8                __RAL_ascii_wctomb
 .text.libc.__RAL_ascii_mbtowc
                0x00000000000064e6       0x24 F:/SES_nRF/lib/libc_v7em_fpv4_sp_d16_hard_t_le_eabi.a(libc2.o)
                0x00000000000064e6                __RAL_ascii_mbtowc
 .text.libc.__putc
                0x000000000000650a       0x34 F:/SES_nRF/lib/libc_v7em_fpv4_sp_d16_hard_t_le_eabi.a(libc2.o)
                0x000000000000650a                __putc
 .text.libc.__RAL_print_padding
                0x000000000000653e       0x1c F:/SES_nRF/lib/libc_v7em_fpv4_sp_d16_hard_t_le_eabi.a(libc2.o)
                0x000000000000653e                __RAL_print_padding
 .text.libc.__RAL_pre_padding
                0x000000000000655a       0x1a F:/SES_nRF/lib/libc_v7em_fpv4_sp_d16_hard_t_le_eabi.a(libc2.o)
                0x000000000000655a                __RAL_pre_padding
 .text.libc.__RAL_isctype
                0x0000000000006574       0x14 F:/SES_nRF/lib/libc_v7em_fpv4_sp_d16_hard_t_le_eabi.a(libc2.o)
                0x0000000000006574                __RAL_isctype
 .text.libc.isprint
                0x0000000000006588        0xa F:/SES_nRF/lib/libc_v7em_fpv4_sp_d16_hard_t_le_eabi.a(libc2.o)
                0x0000000000006588                isprint
 .text.libc.strnlen
                0x0000000000006592       0x22 F:/SES_nRF/lib/libc_v7em_fpv4_sp_d16_hard_t_le_eabi.a(libc2.o)
                0x0000000000006592                strnlen
 .text.libc.vsnprintf
                0x00000000000065b4       0x1c F:/SES_nRF/lib/libc_v7em_fpv4_sp_d16_hard_t_le_eabi.a(libc2.o)
                0x00000000000065b4                vsnprintf
 .text.libc.memcpy
                0x00000000000065d0       0x52 F:/SES_nRF/lib/libc_v7em_fpv4_sp_d16_hard_t_le_eabi.a(libc2_asm.o)
                0x00000000000065d0                __aeabi_memcpy
                0x00000000000065d0                memcpy
                0x00000000000065dc                __aeabi_memcpy8
                0x00000000000065dc                __aeabi_memcpy4
 .text.libc.strcpy
                0x0000000000006622       0x44 F:/SES_nRF/lib/libc_v7em_fpv4_sp_d16_hard_t_le_eabi.a(libc2_asm.o)
                0x0000000000006622                strcpy
 .text.libc.strlen
                0x0000000000006666       0x60 F:/SES_nRF/lib/libc_v7em_fpv4_sp_d16_hard_t_le_eabi.a(libc2_asm.o)
                0x0000000000006666                strlen
 *fill*         0x00000000000066c6        0x2 
 .text.libc.__vfprintf_long
                0x00000000000066c8      0x634 F:/SES_nRF/lib/libvfprintf_v7em_fpv4_sp_d16_hard_t_le_eabi.o
                0x00000000000066c8                __vfprintf_long
                0x0000000000006cfc                __text_end__ = (__text_start__ + SIZEOF (.text))
                0x000000000000692c                __text_size__ = SIZEOF (.text)
                0x0000000000006cfc                __text_load_end__ = __text_end__

.vfp11_veneer   0x0000000100000000        0x0
 .vfp11_veneer  0x0000000100000000        0x0 linker stubs

.v4_bx          0x0000000100000000        0x0
 .v4_bx         0x0000000100000000        0x0 linker stubs

.iplt           0x0000000100000000        0x0
 .iplt          0x0000000100000000        0x0 Output/twi_mpu6050_pca10056 Debug/Obj/thumb_crt0.o
                0x0000000000000001                . = ASSERT (((__text_start__ == __text_end__) || ((__text_end__ - __FLASH_segment_start__) <= __FLASH_segment_size__)), error: .text is too large to fit in FLASH memory segment)
                0x0000000000006cfc                __log_const_data_load_start__ = ALIGN (__text_end__, 0x4)

.log_const_data
                0x0000000000006cfc       0x28
                0x0000000000006cfc                __log_const_data_start__ = .
                0x0000000000006cfc                __start_log_const_data = __log_const_data_start__
 *(SORT_BY_NAME(.log_const_data*))
 .log_const_data_PRS
                0x0000000000006cfc        0x8 Output/twi_mpu6050_pca10056 Debug/Obj/nrfx_prs.o
                0x0000000000006cfc                m_nrf_log_PRS_logs_data_const
 .log_const_data_TWIM
                0x0000000000006d04        0x8 Output/twi_mpu6050_pca10056 Debug/Obj/nrfx_twim.o
                0x0000000000006d04                m_nrf_log_TWIM_logs_data_const
 .log_const_data_UART
                0x0000000000006d0c        0x8 Output/twi_mpu6050_pca10056 Debug/Obj/nrfx_uart.o
                0x0000000000006d0c                m_nrf_log_UART_logs_data_const
 .log_const_data_UARTE
                0x0000000000006d14        0x8 Output/twi_mpu6050_pca10056 Debug/Obj/nrfx_uarte.o
                0x0000000000006d14                m_nrf_log_UARTE_logs_data_const
 .log_const_data_app
                0x0000000000006d1c        0x8 Output/twi_mpu6050_pca10056 Debug/Obj/nrf_log_frontend.o
                0x0000000000006d1c                m_nrf_log_app_logs_data_const
                0x0000000000006d24                __log_const_data_end__ = (__log_const_data_start__ + SIZEOF (.log_const_data))
                0x0000000000000028                __log_const_data_size__ = SIZEOF (.log_const_data)
                0x0000000000006d24                __stop_log_const_data = __log_const_data_end__
                0x0000000000006d24                __log_const_data_load_end__ = __log_const_data_end__
                0x0000000000000001                . = ASSERT (((__log_const_data_start__ == __log_const_data_end__) || ((__log_const_data_end__ - __FLASH_segment_start__) <= __FLASH_segment_size__)), error: .log_const_data is too large to fit in FLASH memory segment)
                0x0000000000006d24                __log_backends_load_start__ = ALIGN (__log_const_data_end__, 0x4)

.log_backends   0x0000000000006d24       0x10
                0x0000000000006d24                __log_backends_start__ = .
                0x0000000000006d24                __start_log_backends = __log_backends_start__
 *(SORT_BY_NAME(.log_backends*))
 .log_backends  0x0000000000006d24       0x10 Output/twi_mpu6050_pca10056 Debug/Obj/nrf_log_default_backends.o
                0x0000000000006d34                __log_backends_end__ = (__log_backends_start__ + SIZEOF (.log_backends))
                0x0000000000000010                __log_backends_size__ = SIZEOF (.log_backends)
                0x0000000000006d34                __stop_log_backends = __log_backends_end__
                0x0000000000006d34                __log_backends_load_end__ = __log_backends_end__
                0x0000000000000001                . = ASSERT (((__log_backends_start__ == __log_backends_end__) || ((__log_backends_end__ - __FLASH_segment_start__) <= __FLASH_segment_size__)), error: .log_backends is too large to fit in FLASH memory segment)
                0x0000000000006d34                __nrf_balloc_load_start__ = ALIGN (__log_backends_end__, 0x4)

.nrf_balloc     0x0000000000006d34       0x14
                0x0000000000006d34                __nrf_balloc_start__ = .
                0x0000000000006d34                __start_nrf_balloc = __nrf_balloc_start__
 *(.nrf_balloc*)
 .nrf_balloc    0x0000000000006d34       0x14 Output/twi_mpu6050_pca10056 Debug/Obj/nrf_log_frontend.o
                0x0000000000006d34                log_mempool
                0x0000000000006d48                __nrf_balloc_end__ = (__nrf_balloc_start__ + SIZEOF (.nrf_balloc))
                0x0000000000000014                __nrf_balloc_size__ = SIZEOF (.nrf_balloc)
                0x0000000000006d48                __stop_nrf_balloc = __nrf_balloc_end__
                0x0000000000006d48                __nrf_balloc_load_end__ = __nrf_balloc_end__
                0x0000000000000001                . = ASSERT (((__nrf_balloc_start__ == __nrf_balloc_end__) || ((__nrf_balloc_end__ - __FLASH_segment_start__) <= __FLASH_segment_size__)), error: .nrf_balloc is too large to fit in FLASH memory segment)
                0x0000000000006d48                __nrf_sections_load_start__ = ALIGN (__nrf_balloc_end__, 0x4)

.nrf_sections   0x0000000000006d48        0x0
                0x0000000000006d48                __nrf_sections_start__ = .
                0x0000000000006d48                __start_nrf_sections = __nrf_sections_start__
 *(.nrf_sections .nrf_sections.*)
                0x0000000000006d48                __nrf_sections_end__ = (__nrf_sections_start__ + SIZEOF (.nrf_sections))
                0x0000000000000000                __nrf_sections_size__ = SIZEOF (.nrf_sections)
                0x0000000000006d48                __nrf_sections_load_end__ = __nrf_sections_end__
                0x0000000000000001                . = ASSERT (((__nrf_sections_start__ == __nrf_sections_end__) || ((__nrf_sections_end__ - __FLASH_segment_start__) <= __FLASH_segment_size__)), error: .nrf_sections is too large to fit in FLASH memory segment)
                0x0000000000006d48                __log_dynamic_data_load_start__ = ALIGN (__nrf_sections_end__, 0x4)

.log_dynamic_data
                0x0000000020000000        0x0 load address 0x0000000000006d48
                0x0000000020000000                __log_dynamic_data_start__ = .
 *(SORT_BY_NAME(.log_dynamic_data*))
                0x0000000020000000                __log_dynamic_data_end__ = (__log_dynamic_data_start__ + SIZEOF (.log_dynamic_data))
                0x0000000000000000                __log_dynamic_data_size__ = SIZEOF (.log_dynamic_data)
                0x0000000000006d48                __log_dynamic_data_load_end__ = (__log_dynamic_data_load_start__ + SIZEOF (.log_dynamic_data))
                0x0000000000000001                . = ASSERT (((__log_dynamic_data_load_start__ == __log_dynamic_data_load_end__) || ((__log_dynamic_data_load_end__ - __FLASH_segment_start__) <= __FLASH_segment_size__)), error: .log_dynamic_data is too large to fit in FLASH memory segment)

.log_dynamic_data_run
                0x0000000020000000        0x0
                0x0000000020000000                __log_dynamic_data_run_start__ = .
                0x0000000020000000                __start_log_dynamic_data = __log_dynamic_data_run_start__
                0x0000000020000000                . = MAX ((__log_dynamic_data_run_start__ + SIZEOF (.log_dynamic_data)), .)
                0x0000000020000000                __log_dynamic_data_run_end__ = (__log_dynamic_data_run_start__ + SIZEOF (.log_dynamic_data_run))
                0x0000000000000000                __log_dynamic_data_run_size__ = SIZEOF (.log_dynamic_data_run)
                0x0000000020000000                __stop_log_dynamic_data = __log_dynamic_data_run_end__
                0x0000000020000000                __log_dynamic_data_run_load_end__ = __log_dynamic_data_run_end__
                0x0000000000000001                . = ASSERT (((__log_dynamic_data_run_start__ == __log_dynamic_data_run_end__) || ((__log_dynamic_data_run_end__ - __RAM1_segment_start__) <= __RAM1_segment_size__)), error: .log_dynamic_data_run is too large to fit in RAM1 memory segment)
                0x0000000000006d48                __log_filter_data_load_start__ = ALIGN ((__log_dynamic_data_load_start__ + SIZEOF (.log_dynamic_data)), 0x4)

.log_filter_data
                0x0000000020000000        0x0 load address 0x0000000000006d48
                0x0000000020000000                __log_filter_data_start__ = .
 *(SORT_BY_NAME(.log_filter_data*))
                0x0000000020000000                __log_filter_data_end__ = (__log_filter_data_start__ + SIZEOF (.log_filter_data))
                0x0000000000000000                __log_filter_data_size__ = SIZEOF (.log_filter_data)
                0x0000000000006d48                __log_filter_data_load_end__ = (__log_filter_data_load_start__ + SIZEOF (.log_filter_data))
                0x0000000000000001                . = ASSERT (((__log_filter_data_load_start__ == __log_filter_data_load_end__) || ((__log_filter_data_load_end__ - __FLASH_segment_start__) <= __FLASH_segment_size__)), error: .log_filter_data is too large to fit in FLASH memory segment)

.log_filter_data_run
                0x0000000020000000        0x0
                0x0000000020000000                __log_filter_data_run_start__ = .
                0x0000000020000000                __start_log_filter_data = __log_filter_data_run_start__
                0x0000000020000000                . = MAX ((__log_filter_data_run_start__ + SIZEOF (.log_filter_data)), .)
                0x0000000020000000                __log_filter_data_run_end__ = (__log_filter_data_run_start__ + SIZEOF (.log_filter_data_run))
                0x0000000000000000                __log_filter_data_run_size__ = SIZEOF (.log_filter_data_run)
                0x0000000020000000                __stop_log_filter_data = __log_filter_data_run_end__
                0x0000000020000000                __log_filter_data_run_load_end__ = __log_filter_data_run_end__
                0x0000000000000001                . = ASSERT (((__log_filter_data_run_start__ == __log_filter_data_run_end__) || ((__log_filter_data_run_end__ - __RAM1_segment_start__) <= __RAM1_segment_size__)), error: .log_filter_data_run is too large to fit in RAM1 memory segment)
                0x0000000020000000                __nrf_sections_run_end_load_start__ = ALIGN (__log_filter_data_run_end__, 0x4)

.nrf_sections_run_end
                0x0000000020000000        0x0
                0x0000000020000000                __nrf_sections_run_end_start__ = .
                0x0000000020000000                __end_nrf_sections_run = __nrf_sections_run_end_start__
 *(.nrf_sections_run_end .nrf_sections_run_end.*)
                0x0000000020000000                __nrf_sections_run_end_end__ = (__nrf_sections_run_end_start__ + SIZEOF (.nrf_sections_run_end))
                0x0000000000000000                __nrf_sections_run_end_size__ = SIZEOF (.nrf_sections_run_end)
                0x0000000020000000                __nrf_sections_run_end_load_end__ = __nrf_sections_run_end_end__
                0x0000000000000001                . = ASSERT (((__nrf_sections_run_end_start__ == __nrf_sections_run_end_end__) || ((__nrf_sections_run_end_end__ - __RAM1_segment_start__) <= __RAM1_segment_size__)), error: .nrf_sections_run_end is too large to fit in RAM1 memory segment)
                0x0000000000006d48                __dtors_load_start__ = ALIGN ((__log_filter_data_load_start__ + SIZEOF (.log_filter_data)), 0x4)

.dtors          0x0000000000006d48        0x0
                0x0000000000006d48                __dtors_start__ = .
 *(SORT_BY_NAME(.dtors.*))
 *(.dtors)
 *(.fini_array)
 *(SORT_BY_NAME(.fini_array.*))
                0x0000000000006d48                __dtors_end__ = (__dtors_start__ + SIZEOF (.dtors))
                0x0000000000000000                __dtors_size__ = SIZEOF (.dtors)
                0x0000000000006d48                __dtors_load_end__ = __dtors_end__
                0x0000000000000001                . = ASSERT (((__dtors_start__ == __dtors_end__) || ((__dtors_end__ - __FLASH_segment_start__) <= __FLASH_segment_size__)), error: .dtors is too large to fit in FLASH memory segment)
                0x0000000000006d48                __ctors_load_start__ = ALIGN (__dtors_end__, 0x4)

.ctors          0x0000000000006d48        0x0
                0x0000000000006d48                __ctors_start__ = .
 *(SORT_BY_NAME(.ctors.*))
 *(.ctors)
 *(.init_array)
 *(SORT_BY_NAME(.init_array.*))
                0x0000000000006d48                __ctors_end__ = (__ctors_start__ + SIZEOF (.ctors))
                0x0000000000000000                __ctors_size__ = SIZEOF (.ctors)
                0x0000000000006d48                __ctors_load_end__ = __ctors_end__
                0x0000000000000001                . = ASSERT (((__ctors_start__ == __ctors_end__) || ((__ctors_end__ - __FLASH_segment_start__) <= __FLASH_segment_size__)), error: .ctors is too large to fit in FLASH memory segment)
                0x0000000000006d48                __rodata_load_start__ = ALIGN (__ctors_end__, 0x4)

.rodata         0x0000000000006d48     0x100f
                0x0000000000006d48                __rodata_start__ = .
 *(.rodata .rodata.* .gnu.linkonce.r.*)
 .rodata        0x0000000000006d48       0x7c Output/twi_mpu6050_pca10056 Debug/Obj/nrf_log_backend_uart.o
 .rodata.nrf_log_backend_uart_api
                0x0000000000006dc4        0xc Output/twi_mpu6050_pca10056 Debug/Obj/nrf_log_backend_uart.o
                0x0000000000006dc4                nrf_log_backend_uart_api
 .rodata        0x0000000000006dd0       0x74 Output/twi_mpu6050_pca10056 Debug/Obj/nrf_log_default_backends.o
 .rodata.m_log_push_ringbuf
                0x0000000000006e44        0xc Output/twi_mpu6050_pca10056 Debug/Obj/nrf_log_frontend.o
 .rodata        0x0000000000006e50       0x6d Output/twi_mpu6050_pca10056 Debug/Obj/nrf_log_frontend.o
 *fill*         0x0000000000006ebd        0x3 
 .rodata        0x0000000000006ec0       0xaa Output/twi_mpu6050_pca10056 Debug/Obj/nrf_log_str_formatter.o
 *fill*         0x0000000000006f6a        0x2 
 .rodata        0x0000000000006f6c       0x73 Output/twi_mpu6050_pca10056 Debug/Obj/boards.o
 *fill*         0x0000000000006fdf        0x1 
 .rodata.m_board_led_list
                0x0000000000006fe0        0x4 Output/twi_mpu6050_pca10056 Debug/Obj/boards.o
 .rodata.m_board_btn_list
                0x0000000000006fe4        0x4 Output/twi_mpu6050_pca10056 Debug/Obj/boards.o
 .rodata        0x0000000000006fe8       0x70 Output/twi_mpu6050_pca10056 Debug/Obj/app_error_weak.o
 .rodata        0x0000000000007058       0x56 Output/twi_mpu6050_pca10056 Debug/Obj/app_util_platform.o
 *fill*         0x00000000000070ae        0x2 
 .rodata        0x00000000000070b0       0x51 Output/twi_mpu6050_pca10056 Debug/Obj/nrf_balloc.o
 *fill*         0x0000000000007101        0x3 
 .rodata        0x0000000000007104       0x47 Output/twi_mpu6050_pca10056 Debug/Obj/nrf_fprintf.o
 *fill*         0x000000000000714b        0x1 
 .rodata        0x000000000000714c       0x4e Output/twi_mpu6050_pca10056 Debug/Obj/nrf_fprintf_format.o
 *fill*         0x000000000000719a        0x2 
 .rodata._aV2C.7885
                0x000000000000719c       0x10 Output/twi_mpu6050_pca10056 Debug/Obj/nrf_fprintf_format.o
 .rodata        0x00000000000071ac       0x51 Output/twi_mpu6050_pca10056 Debug/Obj/nrf_memobj.o
 *fill*         0x00000000000071fd        0x3 
 .rodata.m_unknown_str
                0x0000000000007200       0x13 Output/twi_mpu6050_pca10056 Debug/Obj/nrf_strerror.o
 *fill*         0x0000000000007213        0x1 
 .rodata        0x0000000000007214      0x3bd Output/twi_mpu6050_pca10056 Debug/Obj/nrf_strerror.o
 *fill*         0x00000000000075d1        0x3 
 .rodata.nrf_strerror_array
                0x00000000000075d4      0x118 Output/twi_mpu6050_pca10056 Debug/Obj/nrf_strerror.o
 .rodata        0x00000000000076ec       0x2e Output/twi_mpu6050_pca10056 Debug/Obj/nrf_drv_twi.o
 *fill*         0x000000000000771a        0x6 
 .rodata.delay_machine_code.7957
                0x0000000000007720        0x6 Output/twi_mpu6050_pca10056 Debug/Obj/nrf_drv_twi.o
 *fill*         0x0000000000007726        0x2 
 .rodata        0x0000000000007728       0x4f Output/twi_mpu6050_pca10056 Debug/Obj/nrf_drv_uart.o
 *fill*         0x0000000000007777        0x1 
 .rodata        0x0000000000007778       0x54 Output/twi_mpu6050_pca10056 Debug/Obj/nrfx_prs.o
 .rodata        0x00000000000077cc       0xb5 Output/twi_mpu6050_pca10056 Debug/Obj/nrfx_twim.o
 *fill*         0x0000000000007881        0x3 
 .rodata.irq_handlers.8941
                0x0000000000007884        0x4 Output/twi_mpu6050_pca10056 Debug/Obj/nrfx_twim.o
 .rodata        0x0000000000007888       0xb5 Output/twi_mpu6050_pca10056 Debug/Obj/nrfx_uart.o
 *fill*         0x000000000000793d        0x3 
 .rodata.irq_handlers.8926
                0x0000000000007940        0x4 Output/twi_mpu6050_pca10056 Debug/Obj/nrfx_uart.o
 .rodata        0x0000000000007944       0xb6 Output/twi_mpu6050_pca10056 Debug/Obj/nrfx_uarte.o
 *fill*         0x00000000000079fa        0x2 
 .rodata.irq_handlers.8968
                0x00000000000079fc        0x4 Output/twi_mpu6050_pca10056 Debug/Obj/nrfx_uarte.o
 .rodata.my_twi_0
                0x0000000000007a00       0x10 Output/twi_mpu6050_pca10056 Debug/Obj/main.o
 .rodata        0x0000000000007a10       0xc7 Output/twi_mpu6050_pca10056 Debug/Obj/main.o
 *fill*         0x0000000000007ad7        0x1 
 .rodata        0x0000000000007ad8       0x17 Output/twi_mpu6050_pca10056 Debug/Obj/SEGGER_RTT.o
 *fill*         0x0000000000007aef        0x1 
 .rodata.libc.__RAL_find_locale.str1.4
                0x0000000000007af0        0xa F:/SES_nRF/lib/libc_v7em_fpv4_sp_d16_hard_t_le_eabi.a(libc2.o)
 *fill*         0x0000000000007afa        0x2 
 .rodata.libc.__RAL_ascii_ctype_map
                0x0000000000007afc       0x80 F:/SES_nRF/lib/libc_v7em_fpv4_sp_d16_hard_t_le_eabi.a(libc2.o)
                0x0000000000007afc                __RAL_ascii_ctype_map
 .rodata.libc.__RAL_ascii_ctype_mask
                0x0000000000007b7c        0xd F:/SES_nRF/lib/libc_v7em_fpv4_sp_d16_hard_t_le_eabi.a(libc2.o)
 *fill*         0x0000000000007b89        0x3 
 .rodata.libc.__RAL_c_locale
                0x0000000000007b8c        0xc F:/SES_nRF/lib/libc_v7em_fpv4_sp_d16_hard_t_le_eabi.a(libc2.o)
                0x0000000000007b8c                __RAL_c_locale
 .rodata.libc.__RAL_c_locale_abbrev_day_names
                0x0000000000007b98       0x1d F:/SES_nRF/lib/libc_v7em_fpv4_sp_d16_hard_t_le_eabi.a(libc2.o)
                0x0000000000007b98                __RAL_c_locale_abbrev_day_names
 *fill*         0x0000000000007bb5        0x3 
 .rodata.libc.__RAL_c_locale_abbrev_month_names
                0x0000000000007bb8       0x31 F:/SES_nRF/lib/libc_v7em_fpv4_sp_d16_hard_t_le_eabi.a(libc2.o)
                0x0000000000007bb8                __RAL_c_locale_abbrev_month_names
 *fill*         0x0000000000007be9        0x3 
 .rodata.libc.__RAL_c_locale_am_pm_indicator
                0x0000000000007bec        0x7 F:/SES_nRF/lib/libc_v7em_fpv4_sp_d16_hard_t_le_eabi.a(libc2.o)
                0x0000000000007bec                __RAL_c_locale_am_pm_indicator
 *fill*         0x0000000000007bf3        0x1 
 .rodata.libc.__RAL_c_locale_data
                0x0000000000007bf4       0x58 F:/SES_nRF/lib/libc_v7em_fpv4_sp_d16_hard_t_le_eabi.a(libc2.o)
                0x0000000000007bf4                __RAL_c_locale_data
 .rodata.libc.__RAL_c_locale_date_format
                0x0000000000007c4c        0x9 F:/SES_nRF/lib/libc_v7em_fpv4_sp_d16_hard_t_le_eabi.a(libc2.o)
                0x0000000000007c4c                __RAL_c_locale_date_format
 *fill*         0x0000000000007c55        0x3 
 .rodata.libc.__RAL_c_locale_date_time_format
                0x0000000000007c58        0xf F:/SES_nRF/lib/libc_v7em_fpv4_sp_d16_hard_t_le_eabi.a(libc2.o)
                0x0000000000007c58                __RAL_c_locale_date_time_format
 *fill*         0x0000000000007c67        0x1 
 .rodata.libc.__RAL_c_locale_day_names
                0x0000000000007c68       0x3a F:/SES_nRF/lib/libc_v7em_fpv4_sp_d16_hard_t_le_eabi.a(libc2.o)
                0x0000000000007c68                __RAL_c_locale_day_names
 *fill*         0x0000000000007ca2        0x2 
 .rodata.libc.__RAL_c_locale_month_names
                0x0000000000007ca4       0x57 F:/SES_nRF/lib/libc_v7em_fpv4_sp_d16_hard_t_le_eabi.a(libc2.o)
                0x0000000000007ca4                __RAL_c_locale_month_names
 *fill*         0x0000000000007cfb        0x1 
 .rodata.libc.__RAL_c_locale_time_format
                0x0000000000007cfc        0x9 F:/SES_nRF/lib/libc_v7em_fpv4_sp_d16_hard_t_le_eabi.a(libc2.o)
                0x0000000000007cfc                __RAL_c_locale_time_format
 *fill*         0x0000000000007d05        0x3 
 .rodata.libc.__RAL_codeset_ascii
                0x0000000000007d08       0x20 F:/SES_nRF/lib/libc_v7em_fpv4_sp_d16_hard_t_le_eabi.a(libc2.o)
                0x0000000000007d08                __RAL_codeset_ascii
 .rodata.libc.__RAL_data_empty_string
                0x0000000000007d28        0x1 F:/SES_nRF/lib/libc_v7em_fpv4_sp_d16_hard_t_le_eabi.a(libc2.o)
                0x0000000000007d28                __RAL_data_empty_string
 *fill*         0x0000000000007d29        0x3 
 .rodata.libc.__RAL_data_utf8_period
                0x0000000000007d2c        0x2 F:/SES_nRF/lib/libc_v7em_fpv4_sp_d16_hard_t_le_eabi.a(libc2.o)
                0x0000000000007d2c                __RAL_data_utf8_period
 *fill*         0x0000000000007d2e        0x2 
 .rodata.libc.__RAL_hex_lc
                0x0000000000007d30       0x10 F:/SES_nRF/lib/libc_v7em_fpv4_sp_d16_hard_t_le_eabi.a(libc2.o)
                0x0000000000007d30                __RAL_hex_lc
 .rodata.libc.__RAL_hex_uc
                0x0000000000007d40       0x10 F:/SES_nRF/lib/libc_v7em_fpv4_sp_d16_hard_t_le_eabi.a(libc2.o)
                0x0000000000007d40                __RAL_hex_uc
 .rodata.libc.__vfprintf_int.str1.4
                0x0000000000007d50        0x7 F:/SES_nRF/lib/libvfprintf_v7em_fpv4_sp_d16_hard_t_le_eabi.o
                0x0000000000007d57                __rodata_end__ = (__rodata_start__ + SIZEOF (.rodata))
                0x000000000000100f                __rodata_size__ = SIZEOF (.rodata)
                0x0000000000007d57                __rodata_load_end__ = __rodata_end__

.rel.dyn        0x0000000000007d58        0x0
 .rel.iplt      0x0000000000007d58        0x0 Output/twi_mpu6050_pca10056 Debug/Obj/thumb_crt0.o
                0x0000000000000001                . = ASSERT (((__rodata_start__ == __rodata_end__) || ((__rodata_end__ - __FLASH_segment_start__) <= __FLASH_segment_size__)), error: .rodata is too large to fit in FLASH memory segment)
                0x0000000000007d58                __ARM.exidx_load_start__ = ALIGN (__rodata_end__, 0x4)

.ARM.exidx      0x0000000000007d58        0x0
                0x0000000000007d58                __ARM.exidx_start__ = .
                0x0000000000007d58                __exidx_start = __ARM.exidx_start__
 *(.ARM.exidx .ARM.exidx.*)
                0x0000000000007d58                __ARM.exidx_end__ = (__ARM.exidx_start__ + SIZEOF (.ARM.exidx))
                0x0000000000000000                __ARM.exidx_size__ = SIZEOF (.ARM.exidx)
                0x0000000000007d58                __exidx_end = __ARM.exidx_end__
                0x0000000000007d58                __ARM.exidx_load_end__ = __ARM.exidx_end__
                0x0000000000000001                . = ASSERT (((__ARM.exidx_start__ == __ARM.exidx_end__) || ((__ARM.exidx_end__ - __FLASH_segment_start__) <= __FLASH_segment_size__)), error: .ARM.exidx is too large to fit in FLASH memory segment)
                0x0000000000007d58                __fast_load_start__ = ALIGN (__ARM.exidx_end__, 0x4)

.fast           0x0000000020000000        0x0 load address 0x0000000000007d58
                0x0000000020000000                __fast_start__ = .
 *(.fast .fast.*)
                0x0000000020000000                __fast_end__ = (__fast_start__ + SIZEOF (.fast))
                0x0000000000000000                __fast_size__ = SIZEOF (.fast)
                0x0000000000007d58                __fast_load_end__ = (__fast_load_start__ + SIZEOF (.fast))
                0x0000000000000001                . = ASSERT (((__fast_load_start__ == __fast_load_end__) || ((__fast_load_end__ - __FLASH_segment_start__) <= __FLASH_segment_size__)), error: .fast is too large to fit in FLASH memory segment)

.fast_run       0x0000000020000000        0x0
                0x0000000020000000                __fast_run_start__ = .
                0x0000000020000000                . = MAX ((__fast_run_start__ + SIZEOF (.fast)), .)
                0x0000000020000000                __fast_run_end__ = (__fast_run_start__ + SIZEOF (.fast_run))
                0x0000000000000000                __fast_run_size__ = SIZEOF (.fast_run)
                0x0000000020000000                __fast_run_load_end__ = __fast_run_end__
                0x0000000000000001                . = ASSERT (((__fast_run_start__ == __fast_run_end__) || ((__fast_run_end__ - __RAM1_segment_start__) <= __RAM1_segment_size__)), error: .fast_run is too large to fit in RAM1 memory segment)
                0x0000000000007d58                __data_load_start__ = ALIGN ((__fast_load_start__ + SIZEOF (.fast)), 0x4)

.data           0x0000000020000000       0x70 load address 0x0000000000007d58
                0x0000000020000000                __data_start__ = .
 *(.data .data.* .gnu.linkonce.d.*)
 .data.m_uart   0x0000000020000000       0x14 Output/twi_mpu6050_pca10056 Debug/Obj/nrf_log_backend_uart.o
                0x0000000020000000                m_uart
 .data.log_backend_cb_uart_log_backend
                0x0000000020000014        0x8 Output/twi_mpu6050_pca10056 Debug/Obj/nrf_log_default_backends.o
 .data.m_buffer_mask
                0x000000002000001c        0x4 Output/twi_mpu6050_pca10056 Debug/Obj/nrf_log_frontend.o
 .data.severity_names
                0x0000000020000020       0x14 Output/twi_mpu6050_pca10056 Debug/Obj/nrf_log_str_formatter.o
 .data.m_colors
                0x0000000020000034       0x24 Output/twi_mpu6050_pca10056 Debug/Obj/nrf_log_str_formatter.o
 .data.SystemCoreClock
                0x0000000020000058        0x4 Output/twi_mpu6050_pca10056 Debug/Obj/system_nrf52840.o
                0x0000000020000058                SystemCoreClock
 .data.libc.__RAL_global_locale
                0x000000002000005c       0x14 F:/SES_nRF/lib/libc_v7em_fpv4_sp_d16_hard_t_le_eabi.a(libc2.o)
                0x000000002000005c                __RAL_global_locale
                0x0000000020000070                __data_end__ = (__data_start__ + SIZEOF (.data))
                0x0000000000000070                __data_size__ = SIZEOF (.data)
                0x0000000000007dc8                __data_load_end__ = (__data_load_start__ + SIZEOF (.data))

.igot.plt       0x0000000100000000        0x0
 .igot.plt      0x0000000100000000        0x0 Output/twi_mpu6050_pca10056 Debug/Obj/thumb_crt0.o
                0x0000000000000001                . = ASSERT (((__data_load_start__ == __data_load_end__) || ((__data_load_end__ - __FLASH_segment_start__) <= __FLASH_segment_size__)), error: .data is too large to fit in FLASH memory segment)

.data_run       0x0000000020000000       0x70 load address 0x0000000000007d58
                0x0000000020000000                __data_run_start__ = .
                0x0000000020000070                . = MAX ((__data_run_start__ + SIZEOF (.data)), .)
 *fill*         0x0000000020000000       0x70 
                0x0000000020000070                __data_run_end__ = (__data_run_start__ + SIZEOF (.data_run))
                0x0000000000000070                __data_run_size__ = SIZEOF (.data_run)
                0x0000000020000070                __data_run_load_end__ = __data_run_end__
                0x0000000000000001                . = ASSERT (((__data_run_start__ == __data_run_end__) || ((__data_run_end__ - __RAM1_segment_start__) <= __RAM1_segment_size__)), error: .data_run is too large to fit in RAM1 memory segment)
                0x0000000000007dc8                __tdata_load_start__ = ALIGN ((__data_load_start__ + SIZEOF (.data)), 0x4)

.tdata          0x0000000020000070        0x0 load address 0x0000000000007dc8
                0x0000000020000070                __tdata_start__ = .
 *(.tdata .tdata.*)
                0x0000000020000070                __tdata_end__ = (__tdata_start__ + SIZEOF (.tdata))
                0x0000000000000000                __tdata_size__ = SIZEOF (.tdata)
                0x0000000000007dc8                __tdata_load_end__ = (__tdata_load_start__ + SIZEOF (.tdata))
                0x0000000000007dc8                __FLASH_segment_used_end__ = (ALIGN ((__data_load_start__ + SIZEOF (.data)), 0x4) + SIZEOF (.tdata))
                0x0000000000007dc8                __FLASH_segment_used_size__ = (__FLASH_segment_used_end__ - __FLASH_segment_start__)
                0x0000000000000001                . = ASSERT (((__tdata_load_start__ == __tdata_load_end__) || ((__tdata_load_end__ - __FLASH_segment_start__) <= __FLASH_segment_size__)), error: .tdata is too large to fit in FLASH memory segment)

.tdata_run      0x0000000020000070        0x0
                0x0000000020000070                __tdata_run_start__ = .
                0x0000000020000070                . = MAX ((__tdata_run_start__ + SIZEOF (.tdata)), .)
                0x0000000020000070                __tdata_run_end__ = (__tdata_run_start__ + SIZEOF (.tdata_run))
                0x0000000000000000                __tdata_run_size__ = SIZEOF (.tdata_run)
                0x0000000020000070                __tdata_run_load_end__ = __tdata_run_end__
                0x0000000000000001                . = ASSERT (((__tdata_run_start__ == __tdata_run_end__) || ((__tdata_run_end__ - __RAM1_segment_start__) <= __RAM1_segment_size__)), error: .tdata_run is too large to fit in RAM1 memory segment)
                0x0000000020000070                __bss_load_start__ = ALIGN (__tdata_run_end__, 0x4)

.bss            0x0000000020000070      0x93c
                0x0000000020000070                __bss_start__ = .
 *(.bss .bss.* .gnu.linkonce.b.*)
 .bss.m_string_buff
                0x0000000020000070       0x40 Output/twi_mpu6050_pca10056 Debug/Obj/nrf_log_backend_uart.o
 .bss.m_xfer_done
                0x00000000200000b0        0x1 Output/twi_mpu6050_pca10056 Debug/Obj/nrf_log_backend_uart.o
 .bss.m_async_mode
                0x00000000200000b1        0x1 Output/twi_mpu6050_pca10056 Debug/Obj/nrf_log_backend_uart.o
 *fill*         0x00000000200000b2        0x2 
 .bss.log_mempool_nrf_balloc_pool_stack
                0x00000000200000b4        0x8 Output/twi_mpu6050_pca10056 Debug/Obj/nrf_log_frontend.o
 .bss.log_mempool_nrf_balloc_pool_mem
                0x00000000200000bc       0xc0 Output/twi_mpu6050_pca10056 Debug/Obj/nrf_log_frontend.o
 .bss.log_mempool_nrf_balloc_cb
                0x000000002000017c        0x8 Output/twi_mpu6050_pca10056 Debug/Obj/nrf_log_frontend.o
 .bss.m_log_push_ringbuf_buf
                0x0000000020000184       0x80 Output/twi_mpu6050_pca10056 Debug/Obj/nrf_log_frontend.o
 .bss.m_log_push_ringbuf_cb
                0x0000000020000204       0x18 Output/twi_mpu6050_pca10056 Debug/Obj/nrf_log_frontend.o
 .bss.m_log_data
                0x000000002000021c      0x420 Output/twi_mpu6050_pca10056 Debug/Obj/nrf_log_frontend.o
 .bss.m_error_data.7810
                0x000000002000063c       0x20 Output/twi_mpu6050_pca10056 Debug/Obj/app_error.o
 .bss.m_in_critical_region
                0x000000002000065c        0x4 Output/twi_mpu6050_pca10056 Debug/Obj/app_util_platform.o
 .bss.m_handlers
                0x0000000020000660        0x8 Output/twi_mpu6050_pca10056 Debug/Obj/nrf_drv_twi.o
 .bss.m_contexts
                0x0000000020000668        0x8 Output/twi_mpu6050_pca10056 Debug/Obj/nrf_drv_twi.o
 .bss.m_handlers
                0x0000000020000670        0x8 Output/twi_mpu6050_pca10056 Debug/Obj/nrf_drv_uart.o
 .bss.m_contexts
                0x0000000020000678        0x8 Output/twi_mpu6050_pca10056 Debug/Obj/nrf_drv_uart.o
 .bss.nrf_drv_uart_use_easy_dma
                0x0000000020000680        0x2 Output/twi_mpu6050_pca10056 Debug/Obj/nrf_drv_uart.o
                0x0000000020000680                nrf_drv_uart_use_easy_dma
 *fill*         0x0000000020000682        0x2 
 .bss.m_prs_box_4
                0x0000000020000684        0x8 Output/twi_mpu6050_pca10056 Debug/Obj/nrfx_prs.o
 .bss.m_cb      0x000000002000068c       0x34 Output/twi_mpu6050_pca10056 Debug/Obj/nrfx_twim.o
 .bss.m_cb      0x00000000200006c0       0x2c Output/twi_mpu6050_pca10056 Debug/Obj/nrfx_uart.o
 .bss.m_cb      0x00000000200006ec       0x24 Output/twi_mpu6050_pca10056 Debug/Obj/nrfx_uarte.o
 .bss.m_xfer_done
                0x0000000020000710        0x1 Output/twi_mpu6050_pca10056 Debug/Obj/main.o
 *fill*         0x0000000020000711        0x3 
 .bss.m_sample  0x0000000020000714        0x2 Output/twi_mpu6050_pca10056 Debug/Obj/main.o
 .bss.twi_read_mode
                0x0000000020000716        0x1 Output/twi_mpu6050_pca10056 Debug/Obj/main.o
 *fill*         0x0000000020000717        0x1 
 .bss.humRaw    0x0000000020000718        0x2 Output/twi_mpu6050_pca10056 Debug/Obj/main.o
 .bss.tempRaw   0x000000002000071a        0x2 Output/twi_mpu6050_pca10056 Debug/Obj/main.o
 .bss.humCent   0x000000002000071c        0x2 Output/twi_mpu6050_pca10056 Debug/Obj/main.o
 .bss.tempCent  0x000000002000071e        0x2 Output/twi_mpu6050_pca10056 Debug/Obj/main.o
 .bss._SEGGER_RTT
                0x0000000020000720       0x78 Output/twi_mpu6050_pca10056 Debug/Obj/SEGGER_RTT.o
                0x0000000020000720                _SEGGER_RTT
 .bss._acUpBuffer
                0x0000000020000798      0x200 Output/twi_mpu6050_pca10056 Debug/Obj/SEGGER_RTT.o
 .bss._acDownBuffer
                0x0000000020000998       0x10 Output/twi_mpu6050_pca10056 Debug/Obj/SEGGER_RTT.o
 .bss.libc.__user_format_extender
                0x00000000200009a8        0x4 F:/SES_nRF/lib/libc_v7em_fpv4_sp_d16_hard_t_le_eabi.a(libc2.o)
                0x00000000200009a8                __user_format_extender
 *(COMMON)
                0x00000000200009ac                __bss_end__ = (__bss_start__ + SIZEOF (.bss))
                0x000000000000093c                __bss_size__ = SIZEOF (.bss)
                0x00000000200009ac                __bss_load_end__ = __bss_end__
                0x0000000000000001                . = ASSERT (((__bss_start__ == __bss_end__) || ((__bss_end__ - __RAM1_segment_start__) <= __RAM1_segment_size__)), error: .bss is too large to fit in RAM1 memory segment)
                0x00000000200009ac                __tbss_load_start__ = ALIGN (__bss_end__, 0x4)

.tbss           0x00000000200009ac        0x0
                0x00000000200009ac                __tbss_start__ = .
 *(.tbss .tbss.*)
                0x00000000200009ac                __tbss_end__ = (__tbss_start__ + SIZEOF (.tbss))
                0x0000000000000000                __tbss_size__ = SIZEOF (.tbss)
                0x00000000200009ac                __tbss_load_end__ = __tbss_end__
                0x0000000000000001                . = ASSERT (((__tbss_start__ == __tbss_end__) || ((__tbss_end__ - __RAM1_segment_start__) <= __RAM1_segment_size__)), error: .tbss is too large to fit in RAM1 memory segment)
                0x00000000200009ac                __non_init_load_start__ = ALIGN (__tbss_end__, 0x4)

.non_init       0x00000000200009ac        0x0
                0x00000000200009ac                __non_init_start__ = .
 *(.non_init .non_init.*)
                0x00000000200009ac                __non_init_end__ = (__non_init_start__ + SIZEOF (.non_init))
                0x0000000000000000                __non_init_size__ = SIZEOF (.non_init)
                0x00000000200009ac                __non_init_load_end__ = __non_init_end__
                0x0000000000000001                . = ASSERT (((__non_init_start__ == __non_init_end__) || ((__non_init_end__ - __RAM1_segment_start__) <= __RAM1_segment_size__)), error: .non_init is too large to fit in RAM1 memory segment)
                0x00000000200009ac                __heap_load_start__ = ALIGN (__non_init_end__, 0x4)

.heap           0x00000000200009ac     0x2000
                0x00000000200009ac                __heap_start__ = .
 *(.heap .heap.*)
                0x00000000200029ac                . = ALIGN (MAX ((__heap_start__ + __HEAPSIZE__), .), 0x4)
 *fill*         0x00000000200009ac     0x2000 
                0x00000000200029ac                __heap_end__ = (__heap_start__ + SIZEOF (.heap))
                0x0000000000002000                __heap_size__ = SIZEOF (.heap)
                0x00000000200029ac                __heap_load_end__ = __heap_end__
                0x0000000000000001                . = ASSERT (((__heap_start__ == __heap_end__) || ((__heap_end__ - __RAM1_segment_start__) <= __RAM1_segment_size__)), error: .heap is too large to fit in RAM1 memory segment)
                0x000000002003e000                __stack_load_start__ = (__RAM1_segment_start__ + (__RAM1_segment_size__ - 0x2000))

.stack          0x000000002003e000     0x2000
                0x000000002003e000                __stack_start__ = .
                0x000000002003e000                __StackLimit = __stack_start__
 *(.stack .stack.*)
                0x0000000020040000                . = ALIGN (MAX ((__stack_start__ + __STACKSIZE__), .), 0x8)
 *fill*         0x000000002003e000     0x2000 
                0x0000000020040000                __stack_end__ = (__stack_start__ + SIZEOF (.stack))
                0x0000000000002000                __stack_size__ = SIZEOF (.stack)
                0x0000000020040000                __StackTop = __stack_end__
                0x0000000020040000                __stack_load_end__ = __stack_end__
                0x0000000000000001                . = ASSERT (((__stack_start__ == __stack_end__) || ((__stack_end__ - __RAM1_segment_start__) <= __RAM1_segment_size__)), error: .stack is too large to fit in RAM1 memory segment)
                0x0000000000000001                . = ASSERT ((__heap_end__ <= __stack_start__), error: section .heap overlaps absolute placed section .stack)
                0x0000000020040000                __stack_process_load_start__ = ALIGN (__stack_end__, 0x8)

.stack_process  0x0000000020040000        0x0
                0x0000000020040000                __stack_process_start__ = .
 *(.stack_process .stack_process.*)
                0x0000000020040000                . = ALIGN (MAX ((__stack_process_start__ + __STACKSIZE_PROCESS__), .), 0x8)