Archive member included to satisfy reference by file (symbol)

C:/Program Files/SEGGER/SEGGER Embedded Studio for ARM 6.20a/lib/libc_v7em_fpv4_sp_d16_hard_t_le_eabi_balanced.a(floatasmops_arm.o)
                              Output/Debug/Obj/twi_max30101_3/main.o (__aeabi_dadd)
C:/Program Files/SEGGER/SEGGER Embedded Studio for ARM 6.20a/lib/libc_v7em_fpv4_sp_d16_hard_t_le_eabi_balanced.a(floatops.o)
                              Output/Debug/Obj/twi_max30101_3/main.o (sqrtf)
C:/Program Files/SEGGER/SEGGER Embedded Studio for ARM 6.20a/lib/libc_v7em_fpv4_sp_d16_hard_t_le_eabi_balanced.a(mbops.o)
                              Output/Debug/Obj/twi_max30101_3/nrf_log_str_formatter.o (isprint)
C:/Program Files/SEGGER/SEGGER Embedded Studio for ARM 6.20a/lib/libc_v7em_fpv4_sp_d16_hard_t_le_eabi_balanced.a(sortops.o)
                              C:/Program Files/SEGGER/SEGGER Embedded Studio for ARM 6.20a/lib/libc_v7em_fpv4_sp_d16_hard_t_le_eabi_balanced.a(mbops.o) (bsearch)
C:/Program Files/SEGGER/SEGGER Embedded Studio for ARM 6.20a/lib/libc_v7em_fpv4_sp_d16_hard_t_le_eabi_balanced.a(strasmops_arm.o)
                              Output/Debug/Obj/twi_max30101_3/nrf_log_frontend.o (strlen)
C:/Program Files/SEGGER/SEGGER Embedded Studio for ARM 6.20a/lib/libc_v7em_fpv4_sp_d16_hard_t_le_eabi_balanced.a(strops.o)
                              C:/Program Files/SEGGER/SEGGER Embedded Studio for ARM 6.20a/lib/libc_v7em_fpv4_sp_d16_hard_t_le_eabi_balanced.a(mbops.o) (strcat)
C:/Program Files/SEGGER/SEGGER Embedded Studio for ARM 6.20a/lib/libc_v7em_fpv4_sp_d16_hard_t_le_eabi_balanced.a(timeops.o)
                              C:/Program Files/SEGGER/SEGGER Embedded Studio for ARM 6.20a/lib/libc_v7em_fpv4_sp_d16_hard_t_le_eabi_balanced.a(mbops.o) (__SEGGER_RTL_string_list_encode)
C:/Program Files/SEGGER/SEGGER Embedded Studio for ARM 6.20a/lib/libc_v7em_fpv4_sp_d16_hard_t_le_eabi_balanced.a(__SEGGER_RTL_vfprintf_long.o)
                              (__SEGGER_RTL_vfprintf_long)
C:/Program Files/SEGGER/SEGGER Embedded Studio for ARM 6.20a/lib/libc_v7em_fpv4_sp_d16_hard_t_le_eabi_balanced.a(__SEGGER_RTL_vfscanf_long.o)
                              (__SEGGER_RTL_vfscanf_long)
C:/Program Files/SEGGER/SEGGER Embedded Studio for ARM 6.20a/lib/libc_v7em_fpv4_sp_d16_hard_t_le_eabi_balanced.a(errno.o)
                              C:/Program Files/SEGGER/SEGGER Embedded Studio for ARM 6.20a/lib/libc_v7em_fpv4_sp_d16_hard_t_le_eabi_balanced.a(mbops.o) (__aeabi_errno_addr)
C:/Program Files/SEGGER/SEGGER Embedded Studio for ARM 6.20a/lib/libc_v7em_fpv4_sp_d16_hard_t_le_eabi_balanced.a(errno_arm.o)
                              C:/Program Files/SEGGER/SEGGER Embedded Studio for ARM 6.20a/lib/libc_v7em_fpv4_sp_d16_hard_t_le_eabi_balanced.a(strops.o) (__aeabi_EDOM)
C:/Program Files/SEGGER/SEGGER Embedded Studio for ARM 6.20a/lib/libc_v7em_fpv4_sp_d16_hard_t_le_eabi_balanced.a(heapops.o)
                              C:/Program Files/SEGGER/SEGGER Embedded Studio for ARM 6.20a/lib/libc_v7em_fpv4_sp_d16_hard_t_le_eabi_balanced.a(mbops.o) (malloc)
C:/Program Files/SEGGER/SEGGER Embedded Studio for ARM 6.20a/lib/libc_v7em_fpv4_sp_d16_hard_t_le_eabi_balanced.a(intasmops_arm.o)
                              C:/Program Files/SEGGER/SEGGER Embedded Studio for ARM 6.20a/lib/libc_v7em_fpv4_sp_d16_hard_t_le_eabi_balanced.a(__SEGGER_RTL_vfprintf_long.o) (__aeabi_uldivmod)
C:/Program Files/SEGGER/SEGGER Embedded Studio for ARM 6.20a/lib/libc_v7em_fpv4_sp_d16_hard_t_le_eabi_balanced.a(intops.o)
                              C:/Program Files/SEGGER/SEGGER Embedded Studio for ARM 6.20a/lib/libc_v7em_fpv4_sp_d16_hard_t_le_eabi_balanced.a(timeops.o) (div)
C:/Program Files/SEGGER/SEGGER Embedded Studio for ARM 6.20a/lib/libc_v7em_fpv4_sp_d16_hard_t_le_eabi_balanced.a(utilops.o)
                              C:/Program Files/SEGGER/SEGGER Embedded Studio for ARM 6.20a/lib/libc_v7em_fpv4_sp_d16_hard_t_le_eabi_balanced.a(__SEGGER_RTL_vfscanf_long.o) (__SEGGER_RTL_digit)
C:/Program Files/SEGGER/SEGGER Embedded Studio for ARM 6.20a/lib/libc_v7em_fpv4_sp_d16_hard_t_le_eabi_balanced.a(prinops.o)
                              C:/Program Files/SEGGER/SEGGER Embedded Studio for ARM 6.20a/lib/libc_v7em_fpv4_sp_d16_hard_t_le_eabi_balanced.a(__SEGGER_RTL_vfprintf_long.o) (__SEGGER_RTL_putc)
C:/Program Files/SEGGER/SEGGER Embedded Studio for ARM 6.20a/lib/libc_v7em_fpv4_sp_d16_hard_t_le_eabi_balanced.a(fileops.o)
                              C:/Program Files/SEGGER/SEGGER Embedded Studio for ARM 6.20a/lib/libc_v7em_fpv4_sp_d16_hard_t_le_eabi_balanced.a(prinops.o) (fwrite)
C:/Program Files/SEGGER/SEGGER Embedded Studio for ARM 6.20a/lib/heapops_basic_v7em_little.a(heapops_basic.o)
                              C:/Program Files/SEGGER/SEGGER Embedded Studio for ARM 6.20a/lib/libc_v7em_fpv4_sp_d16_hard_t_le_eabi_balanced.a(heapops.o) (__SEGGER_RTL_alloc)

Discarded input sections

[...]
Memory Configuration

Name             Origin             Length             Attributes
UNPLACED_SECTIONS 0x0000000100000000 0x0000000000000000 xw
RAM1             0x0000000020000000 0x0000000000040000 xw
FLASH            0x0000000000000000 0x0000000000100000 xw
*default*        0x0000000000000000 0xffffffffffffffff

Linker script and memory map

                0x0000000000000000                __SEGGER_RTL_vfprintf = __SEGGER_RTL_vfprintf_long
                0x0000000000000000                __SEGGER_RTL_vfscanf = __SEGGER_RTL_vfscanf_long
                0x0000000020000000                __RAM1_segment_start__ = 0x20000000
                0x0000000020040000                __RAM1_segment_end__ = 0x20040000
                0x0000000000040000                __RAM1_segment_size__ = 0x40000
                0x0000000000000000                __FLASH_segment_start__ = 0x0
                0x0000000000100000                __FLASH_segment_end__ = 0x100000
                0x0000000000100000                __FLASH_segment_size__ = 0x100000
                0x0000000000002000                __HEAPSIZE__ = 0x2000
                0x0000000000000000                __STACKSIZE_PROCESS__ = 0x0
                0x0000000000002000                __STACKSIZE__ = 0x2000
                0x0000000020000000                __vectors_ram_load_start__ = 0x20000000

.vectors_ram    0x0000000020000000        0x0
                0x0000000020000000                __vectors_ram_start__ = .
                0x0000000020000000                __app_ram_start__ = __vectors_ram_start__
 *(.vectors_ram .vectors_ram.*)
                0x0000000020000000                __vectors_ram_end__ = (__vectors_ram_start__ + SIZEOF (.vectors_ram))
                0x0000000000000000                __vectors_ram_size__ = SIZEOF (.vectors_ram)
                0x0000000020000000                __vectors_ram_load_end__ = __vectors_ram_end__
                0x0000000000000001                . = ASSERT (((__vectors_ram_start__ == __vectors_ram_end__) || ((__vectors_ram_end__ - __RAM1_segment_start__) <= __RAM1_segment_size__)), error: .vectors_ram is too large to fit in RAM1 memory segment)
                0x0000000020000000                __nrf_sections_run_load_start__ = ALIGN (__vectors_ram_end__, 0x4)

.nrf_sections_run
                0x0000000020000000        0x0
                0x0000000020000000                __nrf_sections_run_start__ = .
                0x0000000020000000                __start_nrf_sections_run = __nrf_sections_run_start__
 *(.nrf_sections_run .nrf_sections_run.*)
                0x0000000020000000                __nrf_sections_run_end__ = (__nrf_sections_run_start__ + SIZEOF (.nrf_sections_run))
                0x0000000000000000                __nrf_sections_run_size__ = SIZEOF (.nrf_sections_run)
                0x0000000020000000                __nrf_sections_run_load_end__ = __nrf_sections_run_end__
                0x0000000000000001                . = ASSERT (((__nrf_sections_run_start__ == __nrf_sections_run_end__) || ((__nrf_sections_run_end__ - __RAM1_segment_start__) <= __RAM1_segment_size__)), error: .nrf_sections_run is too large to fit in RAM1 memory segment)
                0x0000000000000000                __vectors_load_start__ = 0x0

.vectors        0x0000000000000000      0x200
                0x0000000000000000                __vectors_start__ = .
 *(.vectors .vectors.*)
 .vectors       0x0000000000000000      0x200 Output/Debug/Obj/twi_max30101_3/ses_startup_nrf52840.o
                0x0000000000000000                _vectors
                0x0000000000000200                __vectors_end__ = (__vectors_start__ + SIZEOF (.vectors))
                0x0000000000000200                __vectors_size__ = SIZEOF (.vectors)
                0x0000000000000200                __vectors_load_end__ = __vectors_end__
                0x0000000000000001                . = ASSERT (((__vectors_start__ == __vectors_end__) || ((__vectors_end__ - __FLASH_segment_start__) <= __FLASH_segment_size__)), error: .vectors is too large to fit in FLASH memory segment)
                0x0000000000000200                __init_load_start__ = ALIGN (__vectors_end__, 0x4)

.init           0x0000000000000200      0x1cc
                0x0000000000000200                __init_start__ = .
 *(.init .init.*)
 .init          0x0000000000000200      0x158 Output/Debug/Obj/twi_max30101_3/thumb_crt0.o
                0x0000000000000200                _start
                0x00000000000002ae                exit
 .init          0x0000000000000358       0x18 Output/Debug/Obj/twi_max30101_3/ses_startup_nrf52840.o
                0x0000000000000358                NMI_Handler
                0x000000000000035a                HardFault_Handler
                0x000000000000035c                MemoryManagement_Handler
                0x000000000000035e                BusFault_Handler
                0x0000000000000360                UsageFault_Handler
                0x0000000000000362                SVC_Handler
                0x0000000000000364                DebugMon_Handler
                0x0000000000000366                PendSV_Handler
                0x0000000000000368                SysTick_Handler
                0x000000000000036a                PWM1_IRQHandler
                0x000000000000036a                GPIOTE_IRQHandler
                0x000000000000036a                RTC0_IRQHandler
                0x000000000000036a                POWER_CLOCK_IRQHandler
                0x000000000000036a                RADIO_IRQHandler
                0x000000000000036a                PDM_IRQHandler
                0x000000000000036a                TEMP_IRQHandler
                0x000000000000036a                QDEC_IRQHandler
                0x000000000000036a                TIMER3_IRQHandler
                0x000000000000036a                PWM3_IRQHandler
                0x000000000000036a                FPU_IRQHandler
                0x000000000000036a                USBD_IRQHandler
                0x000000000000036a                QSPI_IRQHandler
                0x000000000000036a                TIMER4_IRQHandler
                0x000000000000036a                CRYPTOCELL_IRQHandler
                0x000000000000036a                SWI2_EGU2_IRQHandler
                0x000000000000036a                SWI4_EGU4_IRQHandler
                0x000000000000036a                TIMER0_IRQHandler
                0x000000000000036a                UARTE1_IRQHandler
                0x000000000000036a                Dummy_Handler
                0x000000000000036a                TIMER1_IRQHandler
                0x000000000000036a                SPIM3_IRQHandler
                0x000000000000036a                PWM2_IRQHandler
                0x000000000000036a                ECB_IRQHandler
                0x000000000000036a                SPIM1_SPIS1_TWIM1_TWIS1_SPI1_TWI1_IRQHandler
                0x000000000000036a                SAADC_IRQHandler
                0x000000000000036a                CCM_AAR_IRQHandler
                0x000000000000036a                WDT_IRQHandler
                0x000000000000036a                SWI0_EGU0_IRQHandler
                0x000000000000036a                SWI5_EGU5_IRQHandler
                0x000000000000036a                RNG_IRQHandler
                0x000000000000036a                RTC2_IRQHandler
                0x000000000000036a                PWM0_IRQHandler
                0x000000000000036a                SWI3_EGU3_IRQHandler
                0x000000000000036a                RTC1_IRQHandler
                0x000000000000036a                SWI1_EGU1_IRQHandler
                0x000000000000036a                SPIM2_SPIS2_SPI2_IRQHandler
                0x000000000000036a                NFCT_IRQHandler
                0x000000000000036a                I2S_IRQHandler
                0x000000000000036a                MWU_IRQHandler
                0x000000000000036a                TIMER2_IRQHandler
                0x000000000000036a                COMP_LPCOMP_IRQHandler
                0x000000000000036c                nRFInitialize
 .init          0x0000000000000370       0x5c Output/Debug/Obj/twi_max30101_3/ses_startup_nrf_common.o
                0x0000000000000370                Reset_Handler
                0x0000000000000374                afterInitialize
                0x0000000000000398                InitializeUserMemorySections
                0x00000000000003cc                __init_end__ = (__init_start__ + SIZEOF (.init))
                0x00000000000001cc                __init_size__ = SIZEOF (.init)
                0x00000000000003cc                __init_load_end__ = __init_end__
                0x0000000000000001                . = ASSERT (((__init_start__ == __init_end__) || ((__init_end__ - __FLASH_segment_start__) <= __FLASH_segment_size__)), error: .init is too large to fit in FLASH memory segment)
                0x00000000000003cc                __init_rodata_load_start__ = ALIGN (__init_end__, 0x4)

.init_rodata    0x00000000000003cc        0x0
                0x00000000000003cc                __init_rodata_start__ = .
 *(.init_rodata .init_rodata.*)
                0x00000000000003cc                __init_rodata_end__ = (__init_rodata_start__ + SIZEOF (.init_rodata))
                0x0000000000000000                __init_rodata_size__ = SIZEOF (.init_rodata)
                0x00000000000003cc                __init_rodata_load_end__ = __init_rodata_end__
                0x0000000000000001                . = ASSERT (((__init_rodata_start__ == __init_rodata_end__) || ((__init_rodata_end__ - __FLASH_segment_start__) <= __FLASH_segment_size__)), error: .init_rodata is too large to fit in FLASH memory segment)
                0x00000000000003cc                __text_load_start__ = ALIGN (__init_rodata_end__, 0x4)

.text           0x00000000000003cc     0x6978
                0x00000000000003cc                __text_start__ = .
 *(.text .text.* .gnu.linkonce.t.* .glue_7t .glue_7 .gcc_except_table .ARM.extab* .gnu.linkonce.armextab.*)
 .glue_7        0x00000000000003cc        0x0 linker stubs
 .glue_7t       0x00000000000003cc        0x0 linker stubs
 .text.nrf_log_backend_serial_put
                0x00000000000003cc      0x124 Output/Debug/Obj/twi_max30101_3/nrf_log_backend_serial.o
                0x00000000000003cc                nrf_log_backend_serial_put
 .text.nrf_drv_uart_uninit
                0x00000000000004f0       0x44 Output/Debug/Obj/twi_max30101_3/nrf_log_backend_uart.o
 .text.nrf_drv_uart_tx
                0x0000000000000534       0x64 Output/Debug/Obj/twi_max30101_3/nrf_log_backend_uart.o
 .text.uart_evt_handler
                0x0000000000000598       0x18 Output/Debug/Obj/twi_max30101_3/nrf_log_backend_uart.o
 .text.uart_init
                0x00000000000005b0       0x88 Output/Debug/Obj/twi_max30101_3/nrf_log_backend_uart.o
 .text.nrf_log_backend_uart_init
                0x0000000000000638       0x1c Output/Debug/Obj/twi_max30101_3/nrf_log_backend_uart.o
                0x0000000000000638                nrf_log_backend_uart_init
 .text.serial_tx
                0x0000000000000654       0x6c Output/Debug/Obj/twi_max30101_3/nrf_log_backend_uart.o
 .text.nrf_log_backend_uart_put
                0x00000000000006c0       0x28 Output/Debug/Obj/twi_max30101_3/nrf_log_backend_uart.o
 .text.nrf_log_backend_uart_flush
                0x00000000000006e8        0xa Output/Debug/Obj/twi_max30101_3/nrf_log_backend_uart.o
 *fill*         0x00000000000006f2        0x2 
 .text.nrf_log_backend_uart_panic_set
                0x00000000000006f4       0x20 Output/Debug/Obj/twi_max30101_3/nrf_log_backend_uart.o
 .text.nrf_log_backend_enable
                0x0000000000000714       0x12 Output/Debug/Obj/twi_max30101_3/nrf_log_default_backends.o
 *fill*         0x0000000000000726        0x2 
 .text.nrf_log_default_backends_init
                0x0000000000000728       0x3c Output/Debug/Obj/twi_max30101_3/nrf_log_default_backends.o
                0x0000000000000728                nrf_log_default_backends_init
 .text.nrf_log_backend_put
                0x0000000000000764       0x1c Output/Debug/Obj/twi_max30101_3/nrf_log_frontend.o
 .text.nrf_log_backend_panic_set
                0x0000000000000780       0x18 Output/Debug/Obj/twi_max30101_3/nrf_log_frontend.o
 .text.nrf_log_backend_flush
                0x0000000000000798       0x18 Output/Debug/Obj/twi_max30101_3/nrf_log_frontend.o
 .text.nrf_log_backend_id_set
                0x00000000000007b0       0x1a Output/Debug/Obj/twi_max30101_3/nrf_log_frontend.o
 .text.nrf_log_backend_id_get
                0x00000000000007ca       0x10 Output/Debug/Obj/twi_max30101_3/nrf_log_frontend.o
 .text.nrf_log_backend_enable
                0x00000000000007da       0x12 Output/Debug/Obj/twi_max30101_3/nrf_log_frontend.o
 .text.nrf_log_backend_is_enabled
                0x00000000000007ec       0x10 Output/Debug/Obj/twi_max30101_3/nrf_log_frontend.o
 .text.nrf_log_init
                0x00000000000007fc       0x50 Output/Debug/Obj/twi_max30101_3/nrf_log_frontend.o
                0x00000000000007fc                nrf_log_init
 .text.nrf_log_module_cnt_get
                0x000000000000084c       0x14 Output/Debug/Obj/twi_max30101_3/nrf_log_frontend.o
                0x000000000000084c                nrf_log_module_cnt_get
 .text.module_idx_get
                0x0000000000000860       0x64 Output/Debug/Obj/twi_max30101_3/nrf_log_frontend.o
 .text.nrf_log_module_name_get
                0x00000000000008c4       0x40 Output/Debug/Obj/twi_max30101_3/nrf_log_frontend.o
                0x00000000000008c4                nrf_log_module_name_get
 .text.nrf_log_color_id_get
                0x0000000000000904       0x70 Output/Debug/Obj/twi_max30101_3/nrf_log_frontend.o
                0x0000000000000904                nrf_log_color_id_get
 .text.invalid_packets_omit
                0x0000000000000974       0x6e Output/Debug/Obj/twi_max30101_3/nrf_log_frontend.o
 *fill*         0x00000000000009e2        0x2 
 .text.log_skip
                0x00000000000009e4      0x118 Output/Debug/Obj/twi_max30101_3/nrf_log_frontend.o
 .text.dropped_sat16_get
                0x0000000000000afc       0x28 Output/Debug/Obj/twi_max30101_3/nrf_log_frontend.o
 .text.std_header_set
                0x0000000000000b24       0xb4 Output/Debug/Obj/twi_max30101_3/nrf_log_frontend.o
 .text.buf_prealloc
                0x0000000000000bd8      0x128 Output/Debug/Obj/twi_max30101_3/nrf_log_frontend.o
 .text.std_n    0x0000000000000d00       0x94 Output/Debug/Obj/twi_max30101_3/nrf_log_frontend.o
 .text.nrf_log_frontend_std_0
                0x0000000000000d94       0x1c Output/Debug/Obj/twi_max30101_3/nrf_log_frontend.o
                0x0000000000000d94                nrf_log_frontend_std_0
 .text.nrf_log_frontend_std_1
                0x0000000000000db0       0x22 Output/Debug/Obj/twi_max30101_3/nrf_log_frontend.o
                0x0000000000000db0                nrf_log_frontend_std_1
 .text.nrf_log_frontend_std_2
                0x0000000000000dd2       0x28 Output/Debug/Obj/twi_max30101_3/nrf_log_frontend.o
                0x0000000000000dd2                nrf_log_frontend_std_2
 .text.nrf_log_frontend_std_3
                0x0000000000000dfa       0x2c Output/Debug/Obj/twi_max30101_3/nrf_log_frontend.o
                0x0000000000000dfa                nrf_log_frontend_std_3
 .text.nrf_log_frontend_std_5
                0x0000000000000e26       0x34 Output/Debug/Obj/twi_max30101_3/nrf_log_frontend.o
                0x0000000000000e26                nrf_log_frontend_std_5
 *fill*         0x0000000000000e5a        0x2 
 .text.buffer_is_empty
                0x0000000000000e5c       0x1c Output/Debug/Obj/twi_max30101_3/nrf_log_frontend.o
                0x0000000000000e5c                buffer_is_empty
 .text.nrf_log_frontend_dequeue
                0x0000000000000e78      0x3a0 Output/Debug/Obj/twi_max30101_3/nrf_log_frontend.o
                0x0000000000000e78                nrf_log_frontend_dequeue
 .text.backend_id_assign
                0x0000000000001218       0x68 Output/Debug/Obj/twi_max30101_3/nrf_log_frontend.o
 .text.nrf_log_backend_add
                0x0000000000001280       0x70 Output/Debug/Obj/twi_max30101_3/nrf_log_frontend.o
                0x0000000000001280                nrf_log_backend_add
 .text.nrf_log_panic
                0x00000000000012f0       0x3c Output/Debug/Obj/twi_max30101_3/nrf_log_frontend.o
                0x00000000000012f0                nrf_log_panic
 .text.timestamp_print
                0x000000000000132c        0xc Output/Debug/Obj/twi_max30101_3/nrf_log_str_formatter.o
 .text.prefix_process
                0x0000000000001338       0xb0 Output/Debug/Obj/twi_max30101_3/nrf_log_str_formatter.o
 .text.postfix_process
                0x00000000000013e8       0x60 Output/Debug/Obj/twi_max30101_3/nrf_log_str_formatter.o
 .text.nrf_log_std_entry_process
                0x0000000000001448      0x144 Output/Debug/Obj/twi_max30101_3/nrf_log_str_formatter.o
                0x0000000000001448                nrf_log_std_entry_process
 .text.nrf_log_hexdump_entry_process
                0x000000000000158c       0xf0 Output/Debug/Obj/twi_max30101_3/nrf_log_str_formatter.o
                0x000000000000158c                nrf_log_hexdump_entry_process
 .text.app_error_save_and_stop
                0x000000000000167c       0x98 Output/Debug/Obj/twi_max30101_3/app_error.o
                0x000000000000167c                app_error_save_and_stop
 .text.app_error_handler
                0x0000000000001714       0x1c Output/Debug/Obj/twi_max30101_3/app_error_handler_gcc.o
                0x0000000000001714                app_error_handler
 .text.app_error_fault_handler
                0x0000000000001730      0x104 Output/Debug/Obj/twi_max30101_3/app_error_weak.o
                0x0000000000001730                app_error_fault_handler
 .text.app_util_disable_irq
                0x0000000000001834       0x18 Output/Debug/Obj/twi_max30101_3/app_util_platform.o
                0x0000000000001834                app_util_disable_irq
 .text.app_util_enable_irq
                0x000000000000184c       0x20 Output/Debug/Obj/twi_max30101_3/app_util_platform.o
                0x000000000000184c                app_util_enable_irq
 .text.app_util_critical_region_enter
                0x000000000000186c       0x28 Output/Debug/Obj/twi_max30101_3/app_util_platform.o
                0x000000000000186c                app_util_critical_region_enter
 .text.app_util_critical_region_exit
                0x0000000000001894       0x2c Output/Debug/Obj/twi_max30101_3/app_util_platform.o
                0x0000000000001894                app_util_critical_region_exit
 .text.privilege_level_get
                0x00000000000018c0       0x3a Output/Debug/Obj/twi_max30101_3/app_util_platform.o
                0x00000000000018c0                privilege_level_get
 .text.assert_nrf_callback
                0x00000000000018fa       0x2c Output/Debug/Obj/twi_max30101_3/nrf_assert.o
                0x00000000000018fa                assert_nrf_callback
 .text.nrf_atomic_u32_fetch_store
                0x0000000000001926       0x2e Output/Debug/Obj/twi_max30101_3/nrf_atomic.o
                0x0000000000001926                nrf_atomic_u32_fetch_store
 .text.nrf_atomic_u32_or
                0x0000000000001954       0x30 Output/Debug/Obj/twi_max30101_3/nrf_atomic.o
                0x0000000000001954                nrf_atomic_u32_or
 .text.nrf_atomic_u32_fetch_and
                0x0000000000001984       0x30 Output/Debug/Obj/twi_max30101_3/nrf_atomic.o
                0x0000000000001984                nrf_atomic_u32_fetch_and
 .text.nrf_atomic_u32_add
                0x00000000000019b4       0x30 Output/Debug/Obj/twi_max30101_3/nrf_atomic.o
                0x00000000000019b4                nrf_atomic_u32_add
 .text.nrf_atomic_u32_sub
                0x00000000000019e4       0x30 Output/Debug/Obj/twi_max30101_3/nrf_atomic.o
                0x00000000000019e4                nrf_atomic_u32_sub
 .text.nrf_atomic_flag_set
                0x0000000000001a14       0x18 Output/Debug/Obj/twi_max30101_3/nrf_atomic.o
                0x0000000000001a14                nrf_atomic_flag_set
 .text.nrf_atomic_flag_clear_fetch
                0x0000000000001a2c       0x18 Output/Debug/Obj/twi_max30101_3/nrf_atomic.o
                0x0000000000001a2c                nrf_atomic_flag_clear_fetch
 .text.nrf_balloc_idx2block
                0x0000000000001a44       0x38 Output/Debug/Obj/twi_max30101_3/nrf_balloc.o
 .text.nrf_balloc_block2idx
                0x0000000000001a7c       0x34 Output/Debug/Obj/twi_max30101_3/nrf_balloc.o
 .text.nrf_balloc_init
                0x0000000000001ab0       0xb8 Output/Debug/Obj/twi_max30101_3/nrf_balloc.o
                0x0000000000001ab0                nrf_balloc_init
 .text.nrf_balloc_alloc
                0x0000000000001b68       0x84 Output/Debug/Obj/twi_max30101_3/nrf_balloc.o
                0x0000000000001b68                nrf_balloc_alloc
 .text.nrf_balloc_free
                0x0000000000001bec       0x58 Output/Debug/Obj/twi_max30101_3/nrf_balloc.o
                0x0000000000001bec                nrf_balloc_free
 .text.nrf_fprintf_buffer_flush
                0x0000000000001c44       0x44 Output/Debug/Obj/twi_max30101_3/nrf_fprintf.o
                0x0000000000001c44                nrf_fprintf_buffer_flush
 .text.nrf_fprintf
                0x0000000000001c88       0x74 Output/Debug/Obj/twi_max30101_3/nrf_fprintf.o
                0x0000000000001c88                nrf_fprintf
 .text.buffer_add
                0x0000000000001cfc       0x3c Output/Debug/Obj/twi_max30101_3/nrf_fprintf_format.o
 .text.string_print
                0x0000000000001d38       0xc2 Output/Debug/Obj/twi_max30101_3/nrf_fprintf_format.o
 *fill*         0x0000000000001dfa        0x2 
 .text.unsigned_print
                0x0000000000001dfc      0x130 Output/Debug/Obj/twi_max30101_3/nrf_fprintf_format.o
 .text.int_print
                0x0000000000001f2c      0x11c Output/Debug/Obj/twi_max30101_3/nrf_fprintf_format.o
 .text.nrf_fprintf_fmt
                0x0000000000002048      0x388 Output/Debug/Obj/twi_max30101_3/nrf_fprintf_format.o
                0x0000000000002048                nrf_fprintf_fmt
 .text.nrf_memobj_pool_init
                0x00000000000023d0       0x16 Output/Debug/Obj/twi_max30101_3/nrf_memobj.o
                0x00000000000023d0                nrf_memobj_pool_init
 .text.nrf_memobj_alloc
                0x00000000000023e6       0xae Output/Debug/Obj/twi_max30101_3/nrf_memobj.o
                0x00000000000023e6                nrf_memobj_alloc
 .text.nrf_memobj_free
                0x0000000000002494       0x74 Output/Debug/Obj/twi_max30101_3/nrf_memobj.o
                0x0000000000002494                nrf_memobj_free
 .text.nrf_memobj_get
                0x0000000000002508       0x1e Output/Debug/Obj/twi_max30101_3/nrf_memobj.o
                0x0000000000002508                nrf_memobj_get
 .text.nrf_memobj_put
                0x0000000000002526       0x34 Output/Debug/Obj/twi_max30101_3/nrf_memobj.o
                0x0000000000002526                nrf_memobj_put
 *fill*         0x000000000000255a        0x2 
 .text.memobj_op
                0x000000000000255c      0x124 Output/Debug/Obj/twi_max30101_3/nrf_memobj.o
 .text.nrf_memobj_write
                0x0000000000002680       0x3c Output/Debug/Obj/twi_max30101_3/nrf_memobj.o
                0x0000000000002680                nrf_memobj_write
 .text.nrf_memobj_read
                0x00000000000026bc       0x40 Output/Debug/Obj/twi_max30101_3/nrf_memobj.o
                0x00000000000026bc                nrf_memobj_read
 .text.nrf_ringbuf_init
                0x00000000000026fc       0x3a Output/Debug/Obj/twi_max30101_3/nrf_ringbuf.o
                0x00000000000026fc                nrf_ringbuf_init
 *fill*         0x0000000000002736        0x2 
 .text.nrf_strerror_get
                0x0000000000002738       0x28 Output/Debug/Obj/twi_max30101_3/nrf_strerror.o
                0x0000000000002738                nrf_strerror_get
 .text.nrf_strerror_find
                0x0000000000002760       0x68 Output/Debug/Obj/twi_max30101_3/nrf_strerror.o
                0x0000000000002760                nrf_strerror_find
 .text.nrfx_coredep_delay_us
                0x00000000000027c8       0x30 Output/Debug/Obj/twi_max30101_3/nrf_drv_twi.o
 .text.nrf_gpio_pin_port_decode
                0x00000000000027f8       0x4c Output/Debug/Obj/twi_max30101_3/nrf_drv_twi.o
 .text.nrf_gpio_pin_set
                0x0000000000002844       0x28 Output/Debug/Obj/twi_max30101_3/nrf_drv_twi.o
 .text.nrf_gpio_pin_clear
                0x000000000000286c       0x28 Output/Debug/Obj/twi_max30101_3/nrf_drv_twi.o
 .text.nrf_gpio_pin_read
                0x0000000000002894       0x2a Output/Debug/Obj/twi_max30101_3/nrf_drv_twi.o
 .text.nrf_gpio_port_in_read
                0x00000000000028be       0x10 Output/Debug/Obj/twi_max30101_3/nrf_drv_twi.o
 .text.nrf_gpio_port_out_set
                0x00000000000028ce       0x14 Output/Debug/Obj/twi_max30101_3/nrf_drv_twi.o
 .text.nrf_gpio_port_out_clear
                0x00000000000028e2       0x14 Output/Debug/Obj/twi_max30101_3/nrf_drv_twi.o
 .text.nrf_gpio_pin_present_check
                0x00000000000028f6       0x50 Output/Debug/Obj/twi_max30101_3/nrf_drv_twi.o
 .text.twi_clear_bus
                0x0000000000002946       0xde Output/Debug/Obj/twi_max30101_3/nrf_drv_twi.o
 .text.twim_evt_handler
                0x0000000000002a24       0x6c Output/Debug/Obj/twi_max30101_3/nrf_drv_twi.o
 .text.nrf_drv_twi_init
                0x0000000000002a90       0x68 Output/Debug/Obj/twi_max30101_3/nrf_drv_twi.o
                0x0000000000002a90                nrf_drv_twi_init
 .text.uarte_evt_handler
                0x0000000000002af8       0x50 Output/Debug/Obj/twi_max30101_3/nrf_drv_uart.o
 .text.uart_evt_handler
                0x0000000000002b48       0x50 Output/Debug/Obj/twi_max30101_3/nrf_drv_uart.o
 .text.nrf_drv_uart_init
                0x0000000000002b98       0xdc Output/Debug/Obj/twi_max30101_3/nrf_drv_uart.o
                0x0000000000002b98                nrf_drv_uart_init
 .text.UARTE0_UART0_IRQHandler
                0x0000000000002c74       0x24 Output/Debug/Obj/twi_max30101_3/nrfx_prs.o
                0x0000000000002c74                UARTE0_UART0_IRQHandler
 .text.prs_box_get
                0x0000000000002c98       0x20 Output/Debug/Obj/twi_max30101_3/nrfx_prs.o
 .text.nrfx_prs_acquire
                0x0000000000002cb8       0x74 Output/Debug/Obj/twi_max30101_3/nrfx_prs.o
                0x0000000000002cb8                nrfx_prs_acquire
 .text.nrfx_prs_release
                0x0000000000002d2c       0x3c Output/Debug/Obj/twi_max30101_3/nrfx_prs.o
                0x0000000000002d2c                nrfx_prs_release
 .text.__NVIC_EnableIRQ
                0x0000000000002d68       0x34 Output/Debug/Obj/twi_max30101_3/nrfx_twim.o
 .text.__NVIC_ClearPendingIRQ
                0x0000000000002d9c       0x38 Output/Debug/Obj/twi_max30101_3/nrfx_twim.o
 .text.__NVIC_SetPriority
                0x0000000000002dd4       0x50 Output/Debug/Obj/twi_max30101_3/nrfx_twim.o
 .text.nrfx_is_in_ram
                0x0000000000002e24       0x1c Output/Debug/Obj/twi_max30101_3/nrfx_twim.o
 .text.nrfx_get_irq_number
                0x0000000000002e40       0x10 Output/Debug/Obj/twi_max30101_3/nrfx_twim.o
 .text._NRFX_IRQ_PRIORITY_SET
                0x0000000000002e50       0x40 Output/Debug/Obj/twi_max30101_3/nrfx_twim.o
 .text._NRFX_IRQ_ENABLE
                0x0000000000002e90       0x1c Output/Debug/Obj/twi_max30101_3/nrfx_twim.o
 .text._NRFX_IRQ_PENDING_CLEAR
                0x0000000000002eac       0x1c Output/Debug/Obj/twi_max30101_3/nrfx_twim.o
 .text.nrf_twim_task_trigger
                0x0000000000002ec8       0x1c Output/Debug/Obj/twi_max30101_3/nrfx_twim.o
 .text.nrf_twim_event_clear
                0x0000000000002ee4       0x2a Output/Debug/Obj/twi_max30101_3/nrfx_twim.o
 .text.nrf_twim_event_check
                0x0000000000002f0e       0x24 Output/Debug/Obj/twi_max30101_3/nrfx_twim.o
 .text.nrf_twim_int_enable
                0x0000000000002f32       0x14 Output/Debug/Obj/twi_max30101_3/nrfx_twim.o
 .text.nrf_twim_int_disable
                0x0000000000002f46       0x14 Output/Debug/Obj/twi_max30101_3/nrfx_twim.o
 .text.nrf_twim_enable
                0x0000000000002f5a       0x12 Output/Debug/Obj/twi_max30101_3/nrfx_twim.o
 .text.nrf_twim_disable
                0x0000000000002f6c       0x12 Output/Debug/Obj/twi_max30101_3/nrfx_twim.o
 .text.nrf_twim_pins_set
                0x0000000000002f7e       0x1e Output/Debug/Obj/twi_max30101_3/nrfx_twim.o
 .text.nrf_twim_frequency_set
                0x0000000000002f9c       0x14 Output/Debug/Obj/twi_max30101_3/nrfx_twim.o
 .text.nrf_twim_errorsrc_get_and_clear
                0x0000000000002fb0       0x1c Output/Debug/Obj/twi_max30101_3/nrfx_twim.o
 .text.nrf_twim_address_set
                0x0000000000002fcc       0x1a Output/Debug/Obj/twi_max30101_3/nrfx_twim.o
 .text.nrf_twim_tx_buffer_set
                0x0000000000002fe6       0x1e Output/Debug/Obj/twi_max30101_3/nrfx_twim.o
 .text.nrf_twim_rx_buffer_set
                0x0000000000003004       0x1e Output/Debug/Obj/twi_max30101_3/nrfx_twim.o
 .text.nrf_twim_shorts_set
                0x0000000000003022       0x14 Output/Debug/Obj/twi_max30101_3/nrfx_twim.o
 .text.nrf_twim_txd_amount_get
                0x0000000000003036       0x10 Output/Debug/Obj/twi_max30101_3/nrfx_twim.o
 .text.nrf_twim_shorts_get
                0x0000000000003046       0x10 Output/Debug/Obj/twi_max30101_3/nrfx_twim.o
 .text.nrf_twim_rxd_amount_get
                0x0000000000003056       0x10 Output/Debug/Obj/twi_max30101_3/nrfx_twim.o
 .text.nrf_twim_tx_list_enable
                0x0000000000003066       0x12 Output/Debug/Obj/twi_max30101_3/nrfx_twim.o
 .text.nrf_twim_tx_list_disable
                0x0000000000003078       0x12 Output/Debug/Obj/twi_max30101_3/nrfx_twim.o
 .text.nrf_twim_rx_list_enable
                0x000000000000308a       0x12 Output/Debug/Obj/twi_max30101_3/nrfx_twim.o
 .text.nrf_twim_rx_list_disable
                0x000000000000309c       0x12 Output/Debug/Obj/twi_max30101_3/nrfx_twim.o
 *fill*         0x00000000000030ae        0x2 
 .text.nrf_gpio_pin_port_decode
                0x00000000000030b0       0x4c Output/Debug/Obj/twi_max30101_3/nrfx_twim.o
 .text.nrf_gpio_cfg
                0x00000000000030fc       0x62 Output/Debug/Obj/twi_max30101_3/nrfx_twim.o
 .text.nrf_gpio_pin_present_check
                0x000000000000315e       0x50 Output/Debug/Obj/twi_max30101_3/nrfx_twim.o
 .text.twi_process_error
                0x00000000000031ae       0x40 Output/Debug/Obj/twi_max30101_3/nrfx_twim.o
 *fill*         0x00000000000031ee        0x2 
 .text.xfer_completeness_check
                0x00000000000031f0       0xfc Output/Debug/Obj/twi_max30101_3/nrfx_twim.o
 .text.nrfx_twim_init
                0x00000000000032ec      0x148 Output/Debug/Obj/twi_max30101_3/nrfx_twim.o
                0x00000000000032ec                nrfx_twim_init
 .text.nrfx_twim_enable
                0x0000000000003434       0x50 Output/Debug/Obj/twi_max30101_3/nrfx_twim.o
                0x0000000000003434                nrfx_twim_enable
 .text.twim_list_enable_handle
                0x0000000000003484       0x40 Output/Debug/Obj/twi_max30101_3/nrfx_twim.o
 .text.twim_xfer
                0x00000000000034c4      0x440 Output/Debug/Obj/twi_max30101_3/nrfx_twim.o
 .text.nrfx_twim_xfer
                0x0000000000003904       0x9c Output/Debug/Obj/twi_max30101_3/nrfx_twim.o
                0x0000000000003904                nrfx_twim_xfer
 .text.nrfx_twim_tx
                0x00000000000039a0       0x50 Output/Debug/Obj/twi_max30101_3/nrfx_twim.o
                0x00000000000039a0                nrfx_twim_tx
 .text.nrfx_twim_rx
                0x00000000000039f0       0x44 Output/Debug/Obj/twi_max30101_3/nrfx_twim.o
                0x00000000000039f0                nrfx_twim_rx
 .text.twim_irq_handler
                0x0000000000003a34      0x2a4 Output/Debug/Obj/twi_max30101_3/nrfx_twim.o
 .text.SPIM0_SPIS0_TWIM0_TWIS0_SPI0_TWI0_IRQHandler
                0x0000000000003cd8       0x18 Output/Debug/Obj/twi_max30101_3/nrfx_twim.o
                0x0000000000003cd8                SPIM0_SPIS0_TWIM0_TWIS0_SPI0_TWI0_IRQHandler
 .text.__NVIC_EnableIRQ
                0x0000000000003cf0       0x34 Output/Debug/Obj/twi_max30101_3/nrfx_uart.o
 .text.__NVIC_DisableIRQ
                0x0000000000003d24       0x44 Output/Debug/Obj/twi_max30101_3/nrfx_uart.o
 .text.__NVIC_SetPriority
                0x0000000000003d68       0x50 Output/Debug/Obj/twi_max30101_3/nrfx_uart.o
 .text.nrfx_get_irq_number
                0x0000000000003db8       0x10 Output/Debug/Obj/twi_max30101_3/nrfx_uart.o
 .text._NRFX_IRQ_PRIORITY_SET
                0x0000000000003dc8       0x40 Output/Debug/Obj/twi_max30101_3/nrfx_uart.o
 .text._NRFX_IRQ_ENABLE
                0x0000000000003e08       0x1c Output/Debug/Obj/twi_max30101_3/nrfx_uart.o
 .text._NRFX_IRQ_DISABLE
                0x0000000000003e24       0x1c Output/Debug/Obj/twi_max30101_3/nrfx_uart.o
 .text.nrf_uart_event_clear
                0x0000000000003e40       0x2a Output/Debug/Obj/twi_max30101_3/nrfx_uart.o
 .text.nrf_uart_event_check
                0x0000000000003e6a       0x24 Output/Debug/Obj/twi_max30101_3/nrfx_uart.o
 .text.nrf_uart_int_enable
                0x0000000000003e8e       0x14 Output/Debug/Obj/twi_max30101_3/nrfx_uart.o
 .text.nrf_uart_int_enable_check
                0x0000000000003ea2       0x20 Output/Debug/Obj/twi_max30101_3/nrfx_uart.o
 .text.nrf_uart_int_disable
                0x0000000000003ec2       0x14 Output/Debug/Obj/twi_max30101_3/nrfx_uart.o
 .text.nrf_uart_errorsrc_get_and_clear
                0x0000000000003ed6       0x1c Output/Debug/Obj/twi_max30101_3/nrfx_uart.o
 .text.nrf_uart_enable
                0x0000000000003ef2       0x12 Output/Debug/Obj/twi_max30101_3/nrfx_uart.o
 .text.nrf_uart_disable
                0x0000000000003f04       0x12 Output/Debug/Obj/twi_max30101_3/nrfx_uart.o
 .text.nrf_uart_txrx_pins_set
                0x0000000000003f16       0x1e Output/Debug/Obj/twi_max30101_3/nrfx_uart.o
 .text.nrf_uart_txrx_pins_disconnect
                0x0000000000003f34       0x1c Output/Debug/Obj/twi_max30101_3/nrfx_uart.o
 .text.nrf_uart_tx_pin_get
                0x0000000000003f50       0x10 Output/Debug/Obj/twi_max30101_3/nrfx_uart.o
 .text.nrf_uart_rx_pin_get
                0x0000000000003f60       0x10 Output/Debug/Obj/twi_max30101_3/nrfx_uart.o
 .text.nrf_uart_rts_pin_get
                0x0000000000003f70       0x10 Output/Debug/Obj/twi_max30101_3/nrfx_uart.o
 .text.nrf_uart_cts_pin_get
                0x0000000000003f80       0x10 Output/Debug/Obj/twi_max30101_3/nrfx_uart.o
 .text.nrf_uart_hwfc_pins_set
                0x0000000000003f90       0x1e Output/Debug/Obj/twi_max30101_3/nrfx_uart.o
 .text.nrf_uart_hwfc_pins_disconnect
                0x0000000000003fae       0x1c Output/Debug/Obj/twi_max30101_3/nrfx_uart.o
 .text.nrf_uart_rxd_get
                0x0000000000003fca       0x12 Output/Debug/Obj/twi_max30101_3/nrfx_uart.o
 .text.nrf_uart_txd_set
                0x0000000000003fdc       0x1a Output/Debug/Obj/twi_max30101_3/nrfx_uart.o
 .text.nrf_uart_task_trigger
                0x0000000000003ff6       0x1c Output/Debug/Obj/twi_max30101_3/nrfx_uart.o
 .text.nrf_uart_configure
                0x0000000000004012       0x2a Output/Debug/Obj/twi_max30101_3/nrfx_uart.o
 .text.nrf_uart_baudrate_set
                0x000000000000403c       0x14 Output/Debug/Obj/twi_max30101_3/nrfx_uart.o
 .text.nrf_gpio_pin_port_decode
                0x0000000000004050       0x4c Output/Debug/Obj/twi_max30101_3/nrfx_uart.o
 .text.nrf_gpio_cfg
                0x000000000000409c       0x62 Output/Debug/Obj/twi_max30101_3/nrfx_uart.o
 .text.nrf_gpio_cfg_output
                0x00000000000040fe       0x22 Output/Debug/Obj/twi_max30101_3/nrfx_uart.o
 .text.nrf_gpio_cfg_input
                0x0000000000004120       0x2a Output/Debug/Obj/twi_max30101_3/nrfx_uart.o
 .text.nrf_gpio_cfg_default
                0x000000000000414a       0x22 Output/Debug/Obj/twi_max30101_3/nrfx_uart.o
 .text.nrf_gpio_pin_set
                0x000000000000416c       0x28 Output/Debug/Obj/twi_max30101_3/nrfx_uart.o
 .text.nrf_gpio_port_out_set
                0x0000000000004194       0x14 Output/Debug/Obj/twi_max30101_3/nrfx_uart.o
 .text.nrf_gpio_pin_present_check
                0x00000000000041a8       0x50 Output/Debug/Obj/twi_max30101_3/nrfx_uart.o
 .text.apply_config
                0x00000000000041f8       0xc6 Output/Debug/Obj/twi_max30101_3/nrfx_uart.o
 *fill*         0x00000000000042be        0x2 
 .text.interrupts_enable
                0x00000000000042c0       0x6c Output/Debug/Obj/twi_max30101_3/nrfx_uart.o
 .text.interrupts_disable
                0x000000000000432c       0x30 Output/Debug/Obj/twi_max30101_3/nrfx_uart.o
 .text.pins_to_default
                0x000000000000435c       0x8a Output/Debug/Obj/twi_max30101_3/nrfx_uart.o
 *fill*         0x00000000000043e6        0x2 
 .text.nrfx_uart_init
                0x00000000000043e8       0xd4 Output/Debug/Obj/twi_max30101_3/nrfx_uart.o
                0x00000000000043e8                nrfx_uart_init
 .text.nrfx_uart_uninit
                0x00000000000044bc       0x5c Output/Debug/Obj/twi_max30101_3/nrfx_uart.o
                0x00000000000044bc                nrfx_uart_uninit
 .text.tx_byte  0x0000000000004518       0x40 Output/Debug/Obj/twi_max30101_3/nrfx_uart.o
 .text.tx_blocking
                0x0000000000004558       0x52 Output/Debug/Obj/twi_max30101_3/nrfx_uart.o
 *fill*         0x00000000000045aa        0x2 
 .text.nrfx_uart_tx
                0x00000000000045ac      0x110 Output/Debug/Obj/twi_max30101_3/nrfx_uart.o
                0x00000000000045ac                nrfx_uart_tx
 .text.nrfx_uart_tx_in_progress
                0x00000000000046bc       0x2c Output/Debug/Obj/twi_max30101_3/nrfx_uart.o
                0x00000000000046bc                nrfx_uart_tx_in_progress
 .text.rx_byte  0x00000000000046e8       0x4e Output/Debug/Obj/twi_max30101_3/nrfx_uart.o
 .text.rx_done_event
                0x0000000000004736       0x2e Output/Debug/Obj/twi_max30101_3/nrfx_uart.o
 .text.tx_done_event
                0x0000000000004764       0x34 Output/Debug/Obj/twi_max30101_3/nrfx_uart.o
 .text.uart_irq_handler
                0x0000000000004798      0x1de Output/Debug/Obj/twi_max30101_3/nrfx_uart.o
 *fill*         0x0000000000004976        0x2 
 .text.nrfx_uart_0_irq_handler
                0x0000000000004978       0x18 Output/Debug/Obj/twi_max30101_3/nrfx_uart.o
                0x0000000000004978                nrfx_uart_0_irq_handler
 .text.__NVIC_EnableIRQ
                0x0000000000004990       0x34 Output/Debug/Obj/twi_max30101_3/nrfx_uarte.o
 .text.__NVIC_DisableIRQ
                0x00000000000049c4       0x44 Output/Debug/Obj/twi_max30101_3/nrfx_uarte.o
 .text.__NVIC_SetPriority
                0x0000000000004a08       0x50 Output/Debug/Obj/twi_max30101_3/nrfx_uarte.o
 .text.nrfx_is_in_ram
                0x0000000000004a58       0x1c Output/Debug/Obj/twi_max30101_3/nrfx_uarte.o
 .text.nrfx_get_irq_number
                0x0000000000004a74       0x10 Output/Debug/Obj/twi_max30101_3/nrfx_uarte.o
 .text._NRFX_IRQ_PRIORITY_SET
                0x0000000000004a84       0x40 Output/Debug/Obj/twi_max30101_3/nrfx_uarte.o
 .text._NRFX_IRQ_ENABLE
                0x0000000000004ac4       0x1c Output/Debug/Obj/twi_max30101_3/nrfx_uarte.o
 .text._NRFX_IRQ_DISABLE
                0x0000000000004ae0       0x1c Output/Debug/Obj/twi_max30101_3/nrfx_uarte.o
 .text.nrf_uarte_event_clear
                0x0000000000004afc       0x2a Output/Debug/Obj/twi_max30101_3/nrfx_uarte.o
 .text.nrf_uarte_event_check
                0x0000000000004b26       0x24 Output/Debug/Obj/twi_max30101_3/nrfx_uarte.o
 .text.nrf_uarte_shorts_disable
                0x0000000000004b4a       0x1e Output/Debug/Obj/twi_max30101_3/nrfx_uarte.o
 .text.nrf_uarte_int_enable
                0x0000000000004b68       0x14 Output/Debug/Obj/twi_max30101_3/nrfx_uarte.o
 .text.nrf_uarte_int_disable
                0x0000000000004b7c       0x14 Output/Debug/Obj/twi_max30101_3/nrfx_uarte.o
 .text.nrf_uarte_errorsrc_get_and_clear
                0x0000000000004b90       0x1c Output/Debug/Obj/twi_max30101_3/nrfx_uarte.o
 .text.nrf_uarte_enable
                0x0000000000004bac       0x12 Output/Debug/Obj/twi_max30101_3/nrfx_uarte.o
 .text.nrf_uarte_disable
                0x0000000000004bbe       0x12 Output/Debug/Obj/twi_max30101_3/nrfx_uarte.o
 .text.nrf_uarte_txrx_pins_set
                0x0000000000004bd0       0x1e Output/Debug/Obj/twi_max30101_3/nrfx_uarte.o
 .text.nrf_uarte_txrx_pins_disconnect
                0x0000000000004bee       0x1c Output/Debug/Obj/twi_max30101_3/nrfx_uarte.o
 .text.nrf_uarte_tx_pin_get
                0x0000000000004c0a       0x10 Output/Debug/Obj/twi_max30101_3/nrfx_uarte.o
 .text.nrf_uarte_rx_pin_get
                0x0000000000004c1a       0x10 Output/Debug/Obj/twi_max30101_3/nrfx_uarte.o
 .text.nrf_uarte_rts_pin_get
                0x0000000000004c2a       0x10 Output/Debug/Obj/twi_max30101_3/nrfx_uarte.o
 .text.nrf_uarte_cts_pin_get
                0x0000000000004c3a       0x10 Output/Debug/Obj/twi_max30101_3/nrfx_uarte.o
 .text.nrf_uarte_hwfc_pins_set
                0x0000000000004c4a       0x1e Output/Debug/Obj/twi_max30101_3/nrfx_uarte.o
 .text.nrf_uarte_hwfc_pins_disconnect
                0x0000000000004c68       0x1c Output/Debug/Obj/twi_max30101_3/nrfx_uarte.o
 .text.nrf_uarte_task_trigger
                0x0000000000004c84       0x1c Output/Debug/Obj/twi_max30101_3/nrfx_uarte.o
 .text.nrf_uarte_configure
                0x0000000000004ca0       0x2a Output/Debug/Obj/twi_max30101_3/nrfx_uarte.o
 .text.nrf_uarte_baudrate_set
                0x0000000000004cca       0x14 Output/Debug/Obj/twi_max30101_3/nrfx_uarte.o
 .text.nrf_uarte_tx_buffer_set
                0x0000000000004cde       0x1e Output/Debug/Obj/twi_max30101_3/nrfx_uarte.o
 .text.nrf_uarte_tx_amount_get
                0x0000000000004cfc       0x10 Output/Debug/Obj/twi_max30101_3/nrfx_uarte.o
 .text.nrf_uarte_rx_amount_get
                0x0000000000004d0c       0x10 Output/Debug/Obj/twi_max30101_3/nrfx_uarte.o
 .text.nrf_gpio_pin_port_decode
                0x0000000000004d1c       0x4c Output/Debug/Obj/twi_max30101_3/nrfx_uarte.o
 .text.nrf_gpio_cfg
                0x0000000000004d68       0x62 Output/Debug/Obj/twi_max30101_3/nrfx_uarte.o
 .text.nrf_gpio_cfg_output
                0x0000000000004dca       0x22 Output/Debug/Obj/twi_max30101_3/nrfx_uarte.o
 .text.nrf_gpio_cfg_input
                0x0000000000004dec       0x2a Output/Debug/Obj/twi_max30101_3/nrfx_uarte.o
 .text.nrf_gpio_cfg_default
                0x0000000000004e16       0x22 Output/Debug/Obj/twi_max30101_3/nrfx_uarte.o
 .text.nrf_gpio_pin_set
                0x0000000000004e38       0x28 Output/Debug/Obj/twi_max30101_3/nrfx_uarte.o
 .text.nrf_gpio_port_out_set
                0x0000000000004e60       0x14 Output/Debug/Obj/twi_max30101_3/nrfx_uarte.o
 .text.nrf_gpio_pin_present_check
                0x0000000000004e74       0x50 Output/Debug/Obj/twi_max30101_3/nrfx_uarte.o
 .text.apply_config
                0x0000000000004ec4       0xc6 Output/Debug/Obj/twi_max30101_3/nrfx_uarte.o
 *fill*         0x0000000000004f8a        0x2 
 .text.interrupts_enable
                0x0000000000004f8c       0x98 Output/Debug/Obj/twi_max30101_3/nrfx_uarte.o
 .text.interrupts_disable
                0x0000000000005024       0x30 Output/Debug/Obj/twi_max30101_3/nrfx_uarte.o
 .text.pins_to_default
                0x0000000000005054       0x8a Output/Debug/Obj/twi_max30101_3/nrfx_uarte.o
 *fill*         0x00000000000050de        0x2 
 .text.nrfx_uarte_init
                0x00000000000050e0       0xcc Output/Debug/Obj/twi_max30101_3/nrfx_uarte.o
                0x00000000000050e0                nrfx_uarte_init
 .text.nrfx_uarte_uninit
                0x00000000000051ac       0xc4 Output/Debug/Obj/twi_max30101_3/nrfx_uarte.o
                0x00000000000051ac                nrfx_uarte_uninit
 .text.nrfx_uarte_tx
                0x0000000000005270      0x180 Output/Debug/Obj/twi_max30101_3/nrfx_uarte.o
                0x0000000000005270                nrfx_uarte_tx
 .text.nrfx_uarte_tx_in_progress
                0x00000000000053f0       0x30 Output/Debug/Obj/twi_max30101_3/nrfx_uarte.o
                0x00000000000053f0                nrfx_uarte_tx_in_progress
 .text.rx_done_event
                0x0000000000005420       0x2e Output/Debug/Obj/twi_max30101_3/nrfx_uarte.o
 .text.tx_done_event
                0x000000000000544e       0x34 Output/Debug/Obj/twi_max30101_3/nrfx_uarte.o
 .text.uarte_irq_handler
                0x0000000000005482      0x18c Output/Debug/Obj/twi_max30101_3/nrfx_uarte.o
 *fill*         0x000000000000560e        0x2 
 .text.nrfx_uarte_0_irq_handler
                0x0000000000005610       0x18 Output/Debug/Obj/twi_max30101_3/nrfx_uarte.o
                0x0000000000005610                nrfx_uarte_0_irq_handler
 .text.nrfx_coredep_delay_us
                0x0000000000005628       0x30 Output/Debug/Obj/twi_max30101_3/main.o
 .text.nrf_delay_ms
                0x0000000000005658       0x2a Output/Debug/Obj/twi_max30101_3/main.o
 .text.dcRemoval
                0x0000000000005682       0x5a Output/Debug/Obj/twi_max30101_3/main.o
                0x0000000000005682                dcRemoval
 .text.meanDiff
                0x00000000000056dc       0xdc Output/Debug/Obj/twi_max30101_3/main.o
                0x00000000000056dc                meanDiff
 .text.lowPassButterworthFilter
                0x00000000000057b8       0x88 Output/Debug/Obj/twi_max30101_3/main.o
                0x00000000000057b8                lowPassButterworthFilter
 .text.main     0x0000000000005840      0x388 Output/Debug/Obj/twi_max30101_3/main.o
                0x0000000000005840                main
 .text.__NVIC_SystemReset
                0x0000000000005bc8       0x28 Output/Debug/Obj/twi_max30101_3/system_nrf52840.o
 .text.nrf52_errata_36
                0x0000000000005bf0       0x54 Output/Debug/Obj/twi_max30101_3/system_nrf52840.o
 .text.nrf52_errata_66
                0x0000000000005c44       0x54 Output/Debug/Obj/twi_max30101_3/system_nrf52840.o
 .text.nrf52_errata_98
                0x0000000000005c98       0x54 Output/Debug/Obj/twi_max30101_3/system_nrf52840.o
 .text.nrf52_errata_103
                0x0000000000005cec       0x54 Output/Debug/Obj/twi_max30101_3/system_nrf52840.o
 .text.nrf52_errata_115
                0x0000000000005d40       0x54 Output/Debug/Obj/twi_max30101_3/system_nrf52840.o
 .text.nrf52_errata_120
                0x0000000000005d94       0x54 Output/Debug/Obj/twi_max30101_3/system_nrf52840.o
 .text.nrf52_errata_136
                0x0000000000005de8       0x54 Output/Debug/Obj/twi_max30101_3/system_nrf52840.o
 .text.SystemCoreClockUpdate
                0x0000000000005e3c       0x14 Output/Debug/Obj/twi_max30101_3/system_nrf52840.o
                0x0000000000005e3c                SystemCoreClockUpdate
 .text.SystemInit
                0x0000000000005e50      0x254 Output/Debug/Obj/twi_max30101_3/system_nrf52840.o
                0x0000000000005e50                SystemInit
 .text.nrf_drv_twi_enable
                0x00000000000060a4       0x18 Output/Debug/Obj/twi_max30101_3/Max30100_3.o
 .text.nrf_drv_twi_tx
                0x00000000000060bc       0x40 Output/Debug/Obj/twi_max30101_3/Max30100_3.o
 .text.nrf_drv_twi_rx
                0x00000000000060fc       0x38 Output/Debug/Obj/twi_max30101_3/Max30100_3.o
 .text.twi_init
                0x0000000000006134       0x58 Output/Debug/Obj/twi_max30101_3/Max30100_3.o
                0x0000000000006134                twi_init
 .text.max30100_write_reg
                0x000000000000618c       0x40 Output/Debug/Obj/twi_max30101_3/Max30100_3.o
                0x000000000000618c                max30100_write_reg
 .text.max30100_read_reg
                0x00000000000061cc       0x40 Output/Debug/Obj/twi_max30101_3/Max30100_3.o
                0x00000000000061cc                max30100_read_reg
 .text.max30100_init
                0x000000000000620c       0x1e Output/Debug/Obj/twi_max30101_3/Max30100_3.o
                0x000000000000620c                max30100_init
 .text.max30100_read_sensor_data
                0x000000000000622a       0x4c Output/Debug/Obj/twi_max30101_3/Max30100_3.o
                0x000000000000622a                max30100_read_sensor_data
 *fill*         0x0000000000006276        0x2 
 .text.libc.__aeabi_dadd
                0x0000000000006278      0x240 C:/Program Files/SEGGER/SEGGER Embedded Studio for ARM 6.20a/lib/libc_v7em_fpv4_sp_d16_hard_t_le_eabi_balanced.a(floatasmops_arm.o)
                0x0000000000006278                __aeabi_dadd
 .text.libc.__aeabi_dmul
                0x00000000000064b8      0x130 C:/Program Files/SEGGER/SEGGER Embedded Studio for ARM 6.20a/lib/libc_v7em_fpv4_sp_d16_hard_t_le_eabi_balanced.a(floatasmops_arm.o)
                0x00000000000064b8                __aeabi_dmul
 .text.libc.__aeabi_ddiv
                0x00000000000065e8      0x1c4 C:/Program Files/SEGGER/SEGGER Embedded Studio for ARM 6.20a/lib/libc_v7em_fpv4_sp_d16_hard_t_le_eabi_balanced.a(floatasmops_arm.o)
                0x00000000000065e8                __aeabi_ddiv
 .text.libc.__aeabi_i2d
                0x00000000000067ac       0x24 C:/Program Files/SEGGER/SEGGER Embedded Studio for ARM 6.20a/lib/libc_v7em_fpv4_sp_d16_hard_t_le_eabi_balanced.a(floatasmops_arm.o)
                0x00000000000067ac                __aeabi_i2d
 .text.libc.__aeabi_f2d
                0x00000000000067d0       0x34 C:/Program Files/SEGGER/SEGGER Embedded Studio for ARM 6.20a/lib/libc_v7em_fpv4_sp_d16_hard_t_le_eabi_balanced.a(floatasmops_arm.o)
                0x00000000000067d0                __aeabi_f2d
 .text.libc.__aeabi_d2f
                0x0000000000006804       0x4c C:/Program Files/SEGGER/SEGGER Embedded Studio for ARM 6.20a/lib/libc_v7em_fpv4_sp_d16_hard_t_le_eabi_balanced.a(floatasmops_arm.o)
                0x0000000000006804                __aeabi_d2f
 .text.libc.ldexp
                0x0000000000006850       0x40 C:/Program Files/SEGGER/SEGGER Embedded Studio for ARM 6.20a/lib/libc_v7em_fpv4_sp_d16_hard_t_le_eabi_balanced.a(floatops.o)
                0x0000000000006850                ldexp
 .text.libc.frexp
                0x0000000000006890       0x2c C:/Program Files/SEGGER/SEGGER Embedded Studio for ARM 6.20a/lib/libc_v7em_fpv4_sp_d16_hard_t_le_eabi_balanced.a(floatops.o)
                0x0000000000006890                frexp
 .text.libc.sqrtf
                0x00000000000068bc        0x6 C:/Program Files/SEGGER/SEGGER Embedded Studio for ARM 6.20a/lib/libc_v7em_fpv4_sp_d16_hard_t_le_eabi_balanced.a(floatops.o)
                0x00000000000068bc                sqrtf
 *fill*         0x00000000000068c2        0x6 
 .text.libc.log
                0x00000000000068c8      0x1c4 C:/Program Files/SEGGER/SEGGER Embedded Studio for ARM 6.20a/lib/libc_v7em_fpv4_sp_d16_hard_t_le_eabi_balanced.a(floatops.o)
                0x00000000000068c8                log
 .text.libc.__SEGGER_RTL_float64_PolyEvalP
                0x0000000000006a8c       0x68 C:/Program Files/SEGGER/SEGGER Embedded Studio for ARM 6.20a/lib/libc_v7em_fpv4_sp_d16_hard_t_le_eabi_balanced.a(floatops.o)
 .text.libc.__SEGGER_RTL_float64_PolyEvalQ
                0x0000000000006af4       0x50 C:/Program Files/SEGGER/SEGGER Embedded Studio for ARM 6.20a/lib/libc_v7em_fpv4_sp_d16_hard_t_le_eabi_balanced.a(floatops.o)
 .text.libc.__SEGGER_RTL_ascii_mbtowc
                0x0000000000006b44       0x36 C:/Program Files/SEGGER/SEGGER Embedded Studio for ARM 6.20a/lib/libc_v7em_fpv4_sp_d16_hard_t_le_eabi_balanced.a(mbops.o)
                0x0000000000006b44                __SEGGER_RTL_ascii_mbtowc
 .text.libc.__SEGGER_RTL_ascii_wctomb
                0x0000000000006b7a       0x18 C:/Program Files/SEGGER/SEGGER Embedded Studio for ARM 6.20a/lib/libc_v7em_fpv4_sp_d16_hard_t_le_eabi_balanced.a(mbops.o)
                0x0000000000006b7a                __SEGGER_RTL_ascii_wctomb
 .text.libc.isprint
                0x0000000000006b92       0x14 C:/Program Files/SEGGER/SEGGER Embedded Studio for ARM 6.20a/lib/libc_v7em_fpv4_sp_d16_hard_t_le_eabi_balanced.a(mbops.o)
                0x0000000000006b92                isprint
 .text.libc.__SEGGER_RTL_ascii_isctype
                0x0000000000006ba6       0x20 C:/Program Files/SEGGER/SEGGER Embedded Studio for ARM 6.20a/lib/libc_v7em_fpv4_sp_d16_hard_t_le_eabi_balanced.a(mbops.o)
 .text.libc.__SEGGER_RTL_ascii_toupper
                0x0000000000006bc6        0xc C:/Program Files/SEGGER/SEGGER Embedded Studio for ARM 6.20a/lib/libc_v7em_fpv4_sp_d16_hard_t_le_eabi_balanced.a(mbops.o)
 .text.libc.__SEGGER_RTL_ascii_tolower
                0x0000000000006bd2        0xc C:/Program Files/SEGGER/SEGGER Embedded Studio for ARM 6.20a/lib/libc_v7em_fpv4_sp_d16_hard_t_le_eabi_balanced.a(mbops.o)
 .text.libc.__SEGGER_RTL_ascii_iswctype
                0x0000000000006bde       0x20 C:/Program Files/SEGGER/SEGGER Embedded Studio for ARM 6.20a/lib/libc_v7em_fpv4_sp_d16_hard_t_le_eabi_balanced.a(mbops.o)
 .text.libc.__SEGGER_RTL_ascii_towupper
                0x0000000000006bfe        0xc C:/Program Files/SEGGER/SEGGER Embedded Studio for ARM 6.20a/lib/libc_v7em_fpv4_sp_d16_hard_t_le_eabi_balanced.a(mbops.o)
 .text.libc.__SEGGER_RTL_ascii_towlower
                0x0000000000006c0a        0xc C:/Program Files/SEGGER/SEGGER Embedded Studio for ARM 6.20a/lib/libc_v7em_fpv4_sp_d16_hard_t_le_eabi_balanced.a(mbops.o)
 *fill*         0x0000000000006c16        0x2 
 .text.libc.strlen
                0x0000000000006c18       0x60 C:/Program Files/SEGGER/SEGGER Embedded Studio for ARM 6.20a/lib/libc_v7em_fpv4_sp_d16_hard_t_le_eabi_balanced.a(strasmops_arm.o)
                0x0000000000006c18                strlen
 .text.libc.memcpy
                0x0000000000006c78       0x4c C:/Program Files/SEGGER/SEGGER Embedded Studio for ARM 6.20a/lib/libc_v7em_fpv4_sp_d16_hard_t_le_eabi_balanced.a(strasmops_arm.o)
                0x0000000000006c78                __aeabi_memcpy
                0x0000000000006c78                memcpy
                0x0000000000006c84                __aeabi_memcpy8
                0x0000000000006c84                __aeabi_memcpy4
 .text.libc.__aeabi_memclr
                0x0000000000006cc4       0x6c C:/Program Files/SEGGER/SEGGER Embedded Studio for ARM 6.20a/lib/libc_v7em_fpv4_sp_d16_hard_t_le_eabi_balanced.a(strasmops_arm.o)
                0x0000000000006cc4                __aeabi_memclr8
                0x0000000000006cc4                __aeabi_memclr
                0x0000000000006cc4                __aeabi_memclr4
                0x0000000000006cc6                __aeabi_memset4
                0x0000000000006cc6                __aeabi_memset8
                0x0000000000006cc6                __aeabi_memset
                0x0000000000006ccc                memset
 .text.__SEGGER_RTL_init_heap
                0x0000000000006d30       0x14 C:/Program Files/SEGGER/SEGGER Embedded Studio for ARM 6.20a/lib/heapops_basic_v7em_little.a(heapops_basic.o)
                0x0000000000006d30                __SEGGER_RTL_init_heap
                0x0000000000006d44                __text_end__ = (__text_start__ + SIZEOF (.text))
                0x0000000000006978                __text_size__ = SIZEOF (.text)
                0x0000000000006d44                __text_load_end__ = __text_end__

.vfp11_veneer   0x0000000100000000        0x0
 .vfp11_veneer  0x0000000100000000        0x0 linker stubs

.v4_bx          0x0000000100000000        0x0
 .v4_bx         0x0000000100000000        0x0 linker stubs

.iplt           0x0000000100000000        0x0
 .iplt          0x0000000100000000        0x0 Output/Debug/Obj/twi_max30101_3/thumb_crt0.o
                0x0000000000000001                . = ASSERT (((__text_start__ == __text_end__) || ((__text_end__ - __FLASH_segment_start__) <= __FLASH_segment_size__)), error: .text is too large to fit in FLASH memory segment)
                0x0000000000006d44                __log_const_data_load_start__ = ALIGN (__text_end__, 0x4)

.log_const_data
                0x0000000000006d44       0x28
                0x0000000000006d44                __log_const_data_start__ = .
                0x0000000000006d44                __start_log_const_data = __log_const_data_start__
 *(SORT_BY_NAME(.log_const_data*))
 .log_const_data_PRS
                0x0000000000006d44        0x8 Output/Debug/Obj/twi_max30101_3/nrfx_prs.o
                0x0000000000006d44                m_nrf_log_PRS_logs_data_const
 .log_const_data_TWIM
                0x0000000000006d4c        0x8 Output/Debug/Obj/twi_max30101_3/nrfx_twim.o
                0x0000000000006d4c                m_nrf_log_TWIM_logs_data_const
 .log_const_data_UART
                0x0000000000006d54        0x8 Output/Debug/Obj/twi_max30101_3/nrfx_uart.o
                0x0000000000006d54                m_nrf_log_UART_logs_data_const
 .log_const_data_UARTE
                0x0000000000006d5c        0x8 Output/Debug/Obj/twi_max30101_3/nrfx_uarte.o
                0x0000000000006d5c                m_nrf_log_UARTE_logs_data_const
 .log_const_data_app
                0x0000000000006d64        0x8 Output/Debug/Obj/twi_max30101_3/nrf_log_frontend.o
                0x0000000000006d64                m_nrf_log_app_logs_data_const
                0x0000000000006d6c                __log_const_data_end__ = (__log_const_data_start__ + SIZEOF (.log_const_data))
                0x0000000000000028                __log_const_data_size__ = SIZEOF (.log_const_data)
                0x0000000000006d6c                __stop_log_const_data = __log_const_data_end__
                0x0000000000006d6c                __log_const_data_load_end__ = __log_const_data_end__
                0x0000000000000001                . = ASSERT (((__log_const_data_start__ == __log_const_data_end__) || ((__log_const_data_end__ - __FLASH_segment_start__) <= __FLASH_segment_size__)), error: .log_const_data is too large to fit in FLASH memory segment)
                0x0000000000006d6c                __log_backends_load_start__ = ALIGN (__log_const_data_end__, 0x4)

.log_backends   0x0000000000006d6c       0x10
                0x0000000000006d6c                __log_backends_start__ = .
                0x0000000000006d6c                __start_log_backends = __log_backends_start__
 *(SORT_BY_NAME(.log_backends*))
 .log_backends  0x0000000000006d6c       0x10 Output/Debug/Obj/twi_max30101_3/nrf_log_default_backends.o
                0x0000000000006d7c                __log_backends_end__ = (__log_backends_start__ + SIZEOF (.log_backends))
                0x0000000000000010                __log_backends_size__ = SIZEOF (.log_backends)
                0x0000000000006d7c                __stop_log_backends = __log_backends_end__
                0x0000000000006d7c                __log_backends_load_end__ = __log_backends_end__
                0x0000000000000001                . = ASSERT (((__log_backends_start__ == __log_backends_end__) || ((__log_backends_end__ - __FLASH_segment_start__) <= __FLASH_segment_size__)), error: .log_backends is too large to fit in FLASH memory segment)
                0x0000000000006d7c                __nrf_balloc_load_start__ = ALIGN (__log_backends_end__, 0x4)

.nrf_balloc     0x0000000000006d7c       0x14
                0x0000000000006d7c                __nrf_balloc_start__ = .
                0x0000000000006d7c                __start_nrf_balloc = __nrf_balloc_start__
 *(.nrf_balloc*)
 .nrf_balloc    0x0000000000006d7c       0x14 Output/Debug/Obj/twi_max30101_3/nrf_log_frontend.o
                0x0000000000006d7c                log_mempool
                0x0000000000006d90                __nrf_balloc_end__ = (__nrf_balloc_start__ + SIZEOF (.nrf_balloc))
                0x0000000000000014                __nrf_balloc_size__ = SIZEOF (.nrf_balloc)
                0x0000000000006d90                __stop_nrf_balloc = __nrf_balloc_end__
                0x0000000000006d90                __nrf_balloc_load_end__ = __nrf_balloc_end__
                0x0000000000000001                . = ASSERT (((__nrf_balloc_start__ == __nrf_balloc_end__) || ((__nrf_balloc_end__ - __FLASH_segment_start__) <= __FLASH_segment_size__)), error: .nrf_balloc is too large to fit in FLASH memory segment)
                0x0000000000006d90                __nrf_sections_load_start__ = ALIGN (__nrf_balloc_end__, 0x4)

.nrf_sections   0x0000000000006d90        0x0
                0x0000000000006d90                __nrf_sections_start__ = .
                0x0000000000006d90                __start_nrf_sections = __nrf_sections_start__
 *(.nrf_sections .nrf_sections.*)
                0x0000000000006d90                __nrf_sections_end__ = (__nrf_sections_start__ + SIZEOF (.nrf_sections))
                0x0000000000000000                __nrf_sections_size__ = SIZEOF (.nrf_sections)
                0x0000000000006d90                __nrf_sections_load_end__ = __nrf_sections_end__
                0x0000000000000001                . = ASSERT (((__nrf_sections_start__ == __nrf_sections_end__) || ((__nrf_sections_end__ - __FLASH_segment_start__) <= __FLASH_segment_size__)), error: .nrf_sections is too large to fit in FLASH memory segment)
                0x0000000000006d90                __log_dynamic_data_load_start__ = ALIGN (__nrf_sections_end__, 0x4)

.log_dynamic_data
                0x0000000020000000        0x0 load address 0x0000000000006d90
                0x0000000020000000                __log_dynamic_data_start__ = .
 *(SORT_BY_NAME(.log_dynamic_data*))
                0x0000000020000000                __log_dynamic_data_end__ = (__log_dynamic_data_start__ + SIZEOF (.log_dynamic_data))
                0x0000000000000000                __log_dynamic_data_size__ = SIZEOF (.log_dynamic_data)
                0x0000000000006d90                __log_dynamic_data_load_end__ = (__log_dynamic_data_load_start__ + SIZEOF (.log_dynamic_data))
                0x0000000000000001                . = ASSERT (((__log_dynamic_data_load_start__ == __log_dynamic_data_load_end__) || ((__log_dynamic_data_load_end__ - __FLASH_segment_start__) <= __FLASH_segment_size__)), error: .log_dynamic_data is too large to fit in FLASH memory segment)

.log_dynamic_data_run
                0x0000000020000000        0x0
                0x0000000020000000                __log_dynamic_data_run_start__ = .
                0x0000000020000000                __start_log_dynamic_data = __log_dynamic_data_run_start__
                0x0000000020000000                __log_dynamic_data_run_end__ = (__log_dynamic_data_run_start__ + SIZEOF (.log_dynamic_data))
                0x0000000000000000                __log_dynamic_data_run_size__ = (__log_dynamic_data_run_end__ - __log_dynamic_data_run_start__)
                0x0000000020000000                __stop_log_dynamic_data = __log_dynamic_data_run_end__
                0x0000000020000000                __log_dynamic_data_run_load_end__ = __log_dynamic_data_run_end__
                0x0000000000000001                . = ASSERT (((__log_dynamic_data_run_start__ == __log_dynamic_data_run_end__) || ((__log_dynamic_data_run_end__ - __RAM1_segment_start__) <= __RAM1_segment_size__)), error: .log_dynamic_data_run is too large to fit in RAM1 memory segment)
                0x0000000000006d90                __log_filter_data_load_start__ = ALIGN ((__log_dynamic_data_load_start__ + SIZEOF (.log_dynamic_data)), 0x4)

.log_filter_data
                0x0000000020000000        0x0 load address 0x0000000000006d90
                0x0000000020000000                __log_filter_data_start__ = .
 *(SORT_BY_NAME(.log_filter_data*))
                0x0000000020000000                __log_filter_data_end__ = (__log_filter_data_start__ + SIZEOF (.log_filter_data))
                0x0000000000000000                __log_filter_data_size__ = SIZEOF (.log_filter_data)
                0x0000000000006d90                __log_filter_data_load_end__ = (__log_filter_data_load_start__ + SIZEOF (.log_filter_data))
                0x0000000000000001                . = ASSERT (((__log_filter_data_load_start__ == __log_filter_data_load_end__) || ((__log_filter_data_load_end__ - __FLASH_segment_start__) <= __FLASH_segment_size__)), error: .log_filter_data is too large to fit in FLASH memory segment)

.log_filter_data_run
                0x0000000020000000        0x0
                0x0000000020000000                __log_filter_data_run_start__ = .
                0x0000000020000000                __start_log_filter_data = __log_filter_data_run_start__
                0x0000000020000000                __log_filter_data_run_end__ = (__log_filter_data_run_start__ + SIZEOF (.log_filter_data))
                0x0000000000000000                __log_filter_data_run_size__ = (__log_filter_data_run_end__ - __log_filter_data_run_start__)
                0x0000000020000000                __stop_log_filter_data = __log_filter_data_run_end__
                0x0000000020000000                __log_filter_data_run_load_end__ = __log_filter_data_run_end__
                0x0000000000000001                . = ASSERT (((__log_filter_data_run_start__ == __log_filter_data_run_end__) || ((__log_filter_data_run_end__ - __RAM1_segment_start__) <= __RAM1_segment_size__)), error: .log_filter_data_run is too large to fit in RAM1 memory segment)
                0x0000000020000000                __nrf_sections_run_end_load_start__ = ALIGN (__log_filter_data_run_end__, 0x4)

.nrf_sections_run_end
                0x0000000020000000        0x0
                0x0000000020000000                __nrf_sections_run_end_start__ = .
                0x0000000020000000                __end_nrf_sections_run = __nrf_sections_run_end_start__
 *(.nrf_sections_run_end .nrf_sections_run_end.*)
                0x0000000020000000                __nrf_sections_run_end_end__ = (__nrf_sections_run_end_start__ + SIZEOF (.nrf_sections_run_end))
                0x0000000000000000                __nrf_sections_run_end_size__ = SIZEOF (.nrf_sections_run_end)
                0x0000000020000000                __nrf_sections_run_end_load_end__ = __nrf_sections_run_end_end__
                0x0000000000000001                . = ASSERT (((__nrf_sections_run_end_start__ == __nrf_sections_run_end_end__) || ((__nrf_sections_run_end_end__ - __RAM1_segment_start__) <= __RAM1_segment_size__)), error: .nrf_sections_run_end is too large to fit in RAM1 memory segment)
                0x0000000000006d90                __dtors_load_start__ = ALIGN ((__log_filter_data_load_start__ + SIZEOF (.log_filter_data)), 0x4)

.dtors          0x0000000000006d90        0x0
                0x0000000000006d90                __dtors_start__ = .
 *(SORT_BY_NAME(.dtors.*))
 *(.dtors)
 *(.fini_array)
 *(SORT_BY_NAME(.fini_array.*))
                0x0000000000006d90                __dtors_end__ = (__dtors_start__ + SIZEOF (.dtors))
                0x0000000000000000                __dtors_size__ = SIZEOF (.dtors)
                0x0000000000006d90                __dtors_load_end__ = __dtors_end__
                0x0000000000000001                . = ASSERT (((__dtors_start__ == __dtors_end__) || ((__dtors_end__ - __FLASH_segment_start__) <= __FLASH_segment_size__)), error: .dtors is too large to fit in FLASH memory segment)
                0x0000000000006d90                __ctors_load_start__ = ALIGN (__dtors_end__, 0x4)

.ctors          0x0000000000006d90        0x0
                0x0000000000006d90                __ctors_start__ = .
 *(SORT_BY_NAME(.ctors.*))
 *(.ctors)
 *(.init_array)
 *(SORT_BY_NAME(.init_array.*))
                0x0000000000006d90                __ctors_end__ = (__ctors_start__ + SIZEOF (.ctors))
                0x0000000000000000                __ctors_size__ = SIZEOF (.ctors)
                0x0000000000006d90                __ctors_load_end__ = __ctors_end__
                0x0000000000000001                . = ASSERT (((__ctors_start__ == __ctors_end__) || ((__ctors_end__ - __FLASH_segment_start__) <= __FLASH_segment_size__)), error: .ctors is too large to fit in FLASH memory segment)
                0x0000000000006d90                __rodata_load_start__ = ALIGN (__ctors_end__, 0x4)

.rodata         0x0000000000006d90     0x1210
                0x0000000000006d90                __rodata_start__ = .
 *(.rodata .rodata.* .gnu.linkonce.r.*)
 .rodata        0x0000000000006d90       0xa8 Output/Debug/Obj/twi_max30101_3/nrf_log_backend_uart.o
 .rodata.nrf_log_backend_uart_api
                0x0000000000006e38        0xc Output/Debug/Obj/twi_max30101_3/nrf_log_backend_uart.o
                0x0000000000006e38                nrf_log_backend_uart_api
 .rodata        0x0000000000006e44       0x9e Output/Debug/Obj/twi_max30101_3/nrf_log_default_backends.o
 *fill*         0x0000000000006ee2        0x2 
 .rodata.m_log_push_ringbuf
                0x0000000000006ee4        0xc Output/Debug/Obj/twi_max30101_3/nrf_log_frontend.o
 .rodata        0x0000000000006ef0       0x99 Output/Debug/Obj/twi_max30101_3/nrf_log_frontend.o
 *fill*         0x0000000000006f89        0x3 
 .rodata        0x0000000000006f8c       0xaa Output/Debug/Obj/twi_max30101_3/nrf_log_str_formatter.o
 *fill*         0x0000000000007036        0x2 
 .rodata        0x0000000000007038       0x70 Output/Debug/Obj/twi_max30101_3/app_error_weak.o
 .rodata        0x00000000000070a8       0x80 Output/Debug/Obj/twi_max30101_3/app_util_platform.o
 .rodata        0x0000000000007128       0x7b Output/Debug/Obj/twi_max30101_3/nrf_balloc.o
 *fill*         0x00000000000071a3        0x1 
 .rodata        0x00000000000071a4       0x71 Output/Debug/Obj/twi_max30101_3/nrf_fprintf.o
 *fill*         0x0000000000007215        0x3 
 .rodata        0x0000000000007218       0x78 Output/Debug/Obj/twi_max30101_3/nrf_fprintf_format.o
 .rodata._aV2C.0
                0x0000000000007290       0x10 Output/Debug/Obj/twi_max30101_3/nrf_fprintf_format.o
 .rodata        0x00000000000072a0       0x7b Output/Debug/Obj/twi_max30101_3/nrf_memobj.o
 *fill*         0x000000000000731b        0x1 
 .rodata.m_unknown_str
                0x000000000000731c       0x13 Output/Debug/Obj/twi_max30101_3/nrf_strerror.o
 *fill*         0x000000000000732f        0x1 
 .rodata        0x0000000000007330      0x3bd Output/Debug/Obj/twi_max30101_3/nrf_strerror.o
 *fill*         0x00000000000076ed        0x3 
 .rodata.nrf_strerror_array
                0x00000000000076f0      0x118 Output/Debug/Obj/twi_max30101_3/nrf_strerror.o
 .rodata        0x0000000000007808       0x2e Output/Debug/Obj/twi_max30101_3/nrf_drv_twi.o
 *fill*         0x0000000000007836        0xa 
 .rodata.delay_machine_code.0
                0x0000000000007840        0x6 Output/Debug/Obj/twi_max30101_3/nrf_drv_twi.o
 *fill*         0x0000000000007846        0x2 
 .rodata        0x0000000000007848       0x79 Output/Debug/Obj/twi_max30101_3/nrf_drv_uart.o
 *fill*         0x00000000000078c1        0x3 
 .rodata        0x00000000000078c4       0x7e Output/Debug/Obj/twi_max30101_3/nrfx_prs.o
 *fill*         0x0000000000007942        0x2 
 .rodata        0x0000000000007944       0xdf Output/Debug/Obj/twi_max30101_3/nrfx_twim.o
 *fill*         0x0000000000007a23        0x1 
 .rodata.irq_handlers.0
                0x0000000000007a24        0x4 Output/Debug/Obj/twi_max30101_3/nrfx_twim.o
 .rodata        0x0000000000007a28       0xdf Output/Debug/Obj/twi_max30101_3/nrfx_uart.o
 *fill*         0x0000000000007b07        0x1 
 .rodata.irq_handlers.0
                0x0000000000007b08        0x4 Output/Debug/Obj/twi_max30101_3/nrfx_uart.o
 .rodata        0x0000000000007b0c       0xe0 Output/Debug/Obj/twi_max30101_3/nrfx_uarte.o
 .rodata.irq_handlers.0
                0x0000000000007bec        0x4 Output/Debug/Obj/twi_max30101_3/nrfx_uarte.o
 .rodata        0x0000000000007bf0       0xb2 Output/Debug/Obj/twi_max30101_3/main.o
 *fill*         0x0000000000007ca2        0xe 
 .rodata.delay_machine_code.0
                0x0000000000007cb0        0x6 Output/Debug/Obj/twi_max30101_3/main.o
 *fill*         0x0000000000007cb6        0x2 
 .rodata.m_twi  0x0000000000007cb8       0x10 Output/Debug/Obj/twi_max30101_3/Max30100_3.o
 .rodata        0x0000000000007cc8       0x82 Output/Debug/Obj/twi_max30101_3/Max30100_3.o
 *fill*         0x0000000000007d4a        0x6 
 .rodata.libc.__SEGGER_RTL_float64_Log
                0x0000000000007d50       0x28 C:/Program Files/SEGGER/SEGGER Embedded Studio for ARM 6.20a/lib/libc_v7em_fpv4_sp_d16_hard_t_le_eabi_balanced.a(floatops.o)
 .rodata.libc.__SEGGER_RTL_c_locale
                0x0000000000007d78        0xc C:/Program Files/SEGGER/SEGGER Embedded Studio for ARM 6.20a/lib/libc_v7em_fpv4_sp_d16_hard_t_le_eabi_balanced.a(mbops.o)
                0x0000000000007d78                __SEGGER_RTL_c_locale
 .rodata.libc..L.str
                0x0000000000007d84        0x2 C:/Program Files/SEGGER/SEGGER Embedded Studio for ARM 6.20a/lib/libc_v7em_fpv4_sp_d16_hard_t_le_eabi_balanced.a(mbops.o)
 *fill*         0x0000000000007d86        0x2 
 .rodata.libc.__SEGGER_RTL_codeset_ascii
                0x0000000000007d88       0x20 C:/Program Files/SEGGER/SEGGER Embedded Studio for ARM 6.20a/lib/libc_v7em_fpv4_sp_d16_hard_t_le_eabi_balanced.a(mbops.o)
                0x0000000000007d88                __SEGGER_RTL_codeset_ascii
 .rodata.libc.__SEGGER_RTL_c_locale_abbrev_day_names
                0x0000000000007da8       0x1d C:/Program Files/SEGGER/SEGGER Embedded Studio for ARM 6.20a/lib/libc_v7em_fpv4_sp_d16_hard_t_le_eabi_balanced.a(mbops.o)
                0x0000000000007da8                __SEGGER_RTL_c_locale_abbrev_day_names
 .rodata.libc.__SEGGER_RTL_c_locale_abbrev_month_names
                0x0000000000007dc5       0x31 C:/Program Files/SEGGER/SEGGER Embedded Studio for ARM 6.20a/lib/libc_v7em_fpv4_sp_d16_hard_t_le_eabi_balanced.a(mbops.o)
                0x0000000000007dc5                __SEGGER_RTL_c_locale_abbrev_month_names
 .rodata.libc.__SEGGER_RTL_data_utf8_period
                0x0000000000007df6        0x2 C:/Program Files/SEGGER/SEGGER Embedded Studio for ARM 6.20a/lib/libc_v7em_fpv4_sp_d16_hard_t_le_eabi_balanced.a(mbops.o)
                0x0000000000007df6                __SEGGER_RTL_data_utf8_period
 .rodata.libc.__SEGGER_RTL_data_empty_string
                0x0000000000007df8        0x1 C:/Program Files/SEGGER/SEGGER Embedded Studio for ARM 6.20a/lib/libc_v7em_fpv4_sp_d16_hard_t_le_eabi_balanced.a(mbops.o)
                0x0000000000007df8                __SEGGER_RTL_data_empty_string
 .rodata.libc.__SEGGER_RTL_c_locale_day_names
                0x0000000000007df9       0x3a C:/Program Files/SEGGER/SEGGER Embedded Studio for ARM 6.20a/lib/libc_v7em_fpv4_sp_d16_hard_t_le_eabi_balanced.a(mbops.o)
 .rodata.libc.__SEGGER_RTL_c_locale_month_names
                0x0000000000007e33       0x57 C:/Program Files/SEGGER/SEGGER Embedded Studio for ARM 6.20a/lib/libc_v7em_fpv4_sp_d16_hard_t_le_eabi_balanced.a(mbops.o)
 .rodata.libc.__SEGGER_RTL_c_locale_am_pm_indicator
                0x0000000000007e8a        0x7 C:/Program Files/SEGGER/SEGGER Embedded Studio for ARM 6.20a/lib/libc_v7em_fpv4_sp_d16_hard_t_le_eabi_balanced.a(mbops.o)
 .rodata.libc.__SEGGER_RTL_c_locale_date_format
                0x0000000000007e91        0x9 C:/Program Files/SEGGER/SEGGER Embedded Studio for ARM 6.20a/lib/libc_v7em_fpv4_sp_d16_hard_t_le_eabi_balanced.a(mbops.o)
 .rodata.libc.__SEGGER_RTL_c_locale_time_format
                0x0000000000007e9a        0x9 C:/Program Files/SEGGER/SEGGER Embedded Studio for ARM 6.20a/lib/libc_v7em_fpv4_sp_d16_hard_t_le_eabi_balanced.a(mbops.o)
 .rodata.libc.__SEGGER_RTL_c_locale_date_time_format
                0x0000000000007ea3        0xf C:/Program Files/SEGGER/SEGGER Embedded Studio for ARM 6.20a/lib/libc_v7em_fpv4_sp_d16_hard_t_le_eabi_balanced.a(mbops.o)
 *fill*         0x0000000000007eb2        0x2 
 .rodata.libc.__SEGGER_RTL_c_locale_data
                0x0000000000007eb4       0x58 C:/Program Files/SEGGER/SEGGER Embedded Studio for ARM 6.20a/lib/libc_v7em_fpv4_sp_d16_hard_t_le_eabi_balanced.a(mbops.o)
                0x0000000000007eb4                __SEGGER_RTL_c_locale_data
 .rodata.libc.__SEGGER_RTL_ascii_ctype_map
                0x0000000000007f0c       0x80 C:/Program Files/SEGGER/SEGGER Embedded Studio for ARM 6.20a/lib/libc_v7em_fpv4_sp_d16_hard_t_le_eabi_balanced.a(mbops.o)
 .rodata.libc.__SEGGER_RTL_ascii_ctype_mask
                0x0000000000007f8c        0xd C:/Program Files/SEGGER/SEGGER Embedded Studio for ARM 6.20a/lib/libc_v7em_fpv4_sp_d16_hard_t_le_eabi_balanced.a(mbops.o)
 *fill*         0x0000000000007f99        0x3 
 .rodata.libc.__aeabi_EILSEQ
                0x0000000000007f9c        0x4 C:/Program Files/SEGGER/SEGGER Embedded Studio for ARM 6.20a/lib/libc_v7em_fpv4_sp_d16_hard_t_le_eabi_balanced.a(errno_arm.o)
                0x0000000000007f9c                __aeabi_EILSEQ
                0x0000000000007fa0                __rodata_end__ = (__rodata_start__ + SIZEOF (.rodata))
                0x0000000000001210                __rodata_size__ = SIZEOF (.rodata)
                0x0000000000007fa0                __rodata_load_end__ = __rodata_end__

.rel.dyn        0x0000000000007fa0        0x0
 .rel.iplt      0x0000000000007fa0        0x0 Output/Debug/Obj/twi_max30101_3/thumb_crt0.o
                0x0000000000000001                . = ASSERT (((__rodata_start__ == __rodata_end__) || ((__rodata_end__ - __FLASH_segment_start__) <= __FLASH_segment_size__)), error: .rodata is too large to fit in FLASH memory segment)
                0x0000000000007fa0                __ARM.exidx_load_start__ = ALIGN (__rodata_end__, 0x4)

.ARM.exidx      0x0000000000007fa0        0x0
                0x0000000000007fa0                __ARM.exidx_start__ = .
                0x0000000000007fa0                __exidx_start = __ARM.exidx_start__
 *(.ARM.exidx .ARM.exidx.*)
                0x0000000000007fa0                __ARM.exidx_end__ = (__ARM.exidx_start__ + SIZEOF (.ARM.exidx))
                0x0000000000000000                __ARM.exidx_size__ = SIZEOF (.ARM.exidx)
                0x0000000000007fa0                __exidx_end = __ARM.exidx_end__
                0x0000000000007fa0                __ARM.exidx_load_end__ = __ARM.exidx_end__
                0x0000000000000001                . = ASSERT (((__ARM.exidx_start__ == __ARM.exidx_end__) || ((__ARM.exidx_end__ - __FLASH_segment_start__) <= __FLASH_segment_size__)), error: .ARM.exidx is too large to fit in FLASH memory segment)
                0x0000000000007fa0                __fast_load_start__ = ALIGN (__ARM.exidx_end__, 0x4)

.fast           0x0000000020000000        0x0 load address 0x0000000000007fa0
                0x0000000020000000                __fast_start__ = .
 *(.fast .fast.*)
                0x0000000020000000                __fast_end__ = (__fast_start__ + SIZEOF (.fast))
                0x0000000000000000                __fast_size__ = SIZEOF (.fast)
                0x0000000000007fa0                __fast_load_end__ = (__fast_load_start__ + SIZEOF (.fast))
                0x0000000000000001                . = ASSERT (((__fast_load_start__ == __fast_load_end__) || ((__fast_load_end__ - __FLASH_segment_start__) <= __FLASH_segment_size__)), error: .fast is too large to fit in FLASH memory segment)

.fast_run       0x0000000020000000        0x0
                0x0000000020000000                __fast_run_start__ = .
                0x0000000020000000                __fast_run_end__ = (__fast_run_start__ + SIZEOF (.fast))
                0x0000000000000000                __fast_run_size__ = (__fast_run_end__ - __fast_run_start__)
                0x0000000020000000                __fast_run_load_end__ = __fast_run_end__
                0x0000000000000001                . = ASSERT (((__fast_run_start__ == __fast_run_end__) || ((__fast_run_end__ - __RAM1_segment_start__) <= __RAM1_segment_size__)), error: .fast_run is too large to fit in RAM1 memory segment)
                0x0000000000007fa0                __data_load_start__ = ALIGN ((__fast_load_start__ + SIZEOF (.fast)), 0x4)

.data           0x0000000020000000       0x74 load address 0x0000000000007fa0
                0x0000000020000000                __data_start__ = .
 *(.data .data.* .gnu.linkonce.d.*)
 .data.m_uart   0x0000000020000000       0x14 Output/Debug/Obj/twi_max30101_3/nrf_log_backend_uart.o
                0x0000000020000000                m_uart
 .data.log_backend_cb_uart_log_backend
                0x0000000020000014        0x8 Output/Debug/Obj/twi_max30101_3/nrf_log_default_backends.o
 .data.m_buffer_mask
                0x000000002000001c        0x4 Output/Debug/Obj/twi_max30101_3/nrf_log_frontend.o
 .data.severity_names
                0x0000000020000020       0x14 Output/Debug/Obj/twi_max30101_3/nrf_log_str_formatter.o
 .data.m_colors
                0x0000000020000034       0x24 Output/Debug/Obj/twi_max30101_3/nrf_log_str_formatter.o
 .data.SystemCoreClock
                0x0000000020000058        0x4 Output/Debug/Obj/twi_max30101_3/system_nrf52840.o
                0x0000000020000058                SystemCoreClock
 .data.libc.__SEGGER_RTL_global_locale
                0x000000002000005c       0x14 C:/Program Files/SEGGER/SEGGER Embedded Studio for ARM 6.20a/lib/libc_v7em_fpv4_sp_d16_hard_t_le_eabi_balanced.a(mbops.o)
                0x000000002000005c                __SEGGER_RTL_global_locale
                0x000000002000005c                __RAL_global_locale
 .data.libc.__SEGGER_RTL_current_locale
                0x0000000020000070        0x4 C:/Program Files/SEGGER/SEGGER Embedded Studio for ARM 6.20a/lib/libc_v7em_fpv4_sp_d16_hard_t_le_eabi_balanced.a(mbops.o)
                0x0000000020000070                __SEGGER_RTL_current_locale
                0x0000000020000074                __data_end__ = (__data_start__ + SIZEOF (.data))
                0x0000000000000074                __data_size__ = SIZEOF (.data)
                0x0000000000008014                __data_load_end__ = (__data_load_start__ + SIZEOF (.data))

.igot.plt       0x0000000100000000        0x0
 .igot.plt      0x0000000100000000        0x0 Output/Debug/Obj/twi_max30101_3/thumb_crt0.o
                0x0000000000000001                . = ASSERT (((__data_load_start__ == __data_load_end__) || ((__data_load_end__ - __FLASH_segment_start__) <= __FLASH_segment_size__)), error: .data is too large to fit in FLASH memory segment)

.data_run       0x0000000020000000        0x0
                0x0000000020000000                __data_run_start__ = .
                0x0000000020000074                __data_run_end__ = (__data_run_start__ + SIZEOF (.data))
                0x0000000000000074                __data_run_size__ = (__data_run_end__ - __data_run_start__)
                0x0000000020000074                __data_run_load_end__ = __data_run_end__
                0x0000000000000001                . = ASSERT (((__data_run_start__ == __data_run_end__) || ((__data_run_end__ - __RAM1_segment_start__) <= __RAM1_segment_size__)), error: .data_run is too large to fit in RAM1 memory segment)
                0x0000000000008014                __tdata_load_start__ = ALIGN ((__data_load_start__ + SIZEOF (.data)), 0x4)

.tdata          0x0000000020000074        0x0 load address 0x0000000000008014
                0x0000000020000074                __tdata_start__ = .
 *(.tdata .tdata.*)
                0x0000000020000074                __tdata_end__ = (__tdata_start__ + SIZEOF (.tdata))
                0x0000000000000000                __tdata_size__ = SIZEOF (.tdata)
                0x0000000000008014                __tdata_load_end__ = (__tdata_load_start__ + SIZEOF (.tdata))
                0x0000000000008014                __FLASH_segment_used_end__ = (ALIGN ((__data_load_start__ + SIZEOF (.data)), 0x4) + SIZEOF (.tdata))
                0x0000000000008014                __FLASH_segment_used_size__ = (__FLASH_segment_used_end__ - __FLASH_segment_start__)
                0x0000000000000001                . = ASSERT (((__tdata_load_start__ == __tdata_load_end__) || ((__tdata_load_end__ - __FLASH_segment_start__) <= __FLASH_segment_size__)), error: .tdata is too large to fit in FLASH memory segment)

.tdata_run      0x0000000020000074        0x0
                0x0000000020000074                __tdata_run_start__ = .
                0x0000000020000074                __tdata_run_end__ = (__tdata_run_start__ + SIZEOF (.tdata))
                0x0000000000000000                __tdata_run_size__ = (__tdata_run_end__ - __tdata_run_start__)
                0x0000000020000074                __tdata_run_load_end__ = __tdata_run_end__
                0x0000000000000001                . = ASSERT (((__tdata_run_start__ == __tdata_run_end__) || ((__tdata_run_end__ - __RAM1_segment_start__) <= __RAM1_segment_size__)), error: .tdata_run is too large to fit in RAM1 memory segment)
                0x0000000020000074                __bss_load_start__ = ALIGN (__tdata_run_end__, 0x4)

.bss            0x0000000020000074      0x6a4
                0x0000000020000074                __bss_start__ = .
 *(.bss .bss.* .gnu.linkonce.b.*)
 .bss.m_string_buff
                0x0000000020000074       0x40 Output/Debug/Obj/twi_max30101_3/nrf_log_backend_uart.o
 .bss.m_xfer_done
                0x00000000200000b4        0x1 Output/Debug/Obj/twi_max30101_3/nrf_log_backend_uart.o
 .bss.m_async_mode
                0x00000000200000b5        0x1 Output/Debug/Obj/twi_max30101_3/nrf_log_backend_uart.o
 *fill*         0x00000000200000b6        0x2 
 .bss.log_mempool_nrf_balloc_pool_stack
                0x00000000200000b8        0x8 Output/Debug/Obj/twi_max30101_3/nrf_log_frontend.o
 .bss.log_mempool_nrf_balloc_pool_mem
                0x00000000200000c0       0xc0 Output/Debug/Obj/twi_max30101_3/nrf_log_frontend.o
 .bss.log_mempool_nrf_balloc_cb
                0x0000000020000180        0x8 Output/Debug/Obj/twi_max30101_3/nrf_log_frontend.o
 .bss.m_log_push_ringbuf_buf
                0x0000000020000188       0x80 Output/Debug/Obj/twi_max30101_3/nrf_log_frontend.o
 .bss.m_log_push_ringbuf_cb
                0x0000000020000208       0x18 Output/Debug/Obj/twi_max30101_3/nrf_log_frontend.o
 .bss.m_log_data
                0x0000000020000220      0x420 Output/Debug/Obj/twi_max30101_3/nrf_log_frontend.o
 .bss.m_error_data.0
                0x0000000020000640       0x20 Output/Debug/Obj/twi_max30101_3/app_error.o
 .bss.m_in_critical_region
                0x0000000020000660        0x4 Output/Debug/Obj/twi_max30101_3/app_util_platform.o
 .bss.m_handlers
                0x0000000020000664        0x8 Output/Debug/Obj/twi_max30101_3/nrf_drv_twi.o
 .bss.m_contexts
                0x000000002000066c        0x8 Output/Debug/Obj/twi_max30101_3/nrf_drv_twi.o
 .bss.m_handlers
                0x0000000020000674        0x8 Output/Debug/Obj/twi_max30101_3/nrf_drv_uart.o
 .bss.m_contexts
                0x000000002000067c        0x8 Output/Debug/Obj/twi_max30101_3/nrf_drv_uart.o
 .bss.nrf_drv_uart_use_easy_dma
                0x0000000020000684        0x2 Output/Debug/Obj/twi_max30101_3/nrf_drv_uart.o
                0x0000000020000684                nrf_drv_uart_use_easy_dma
 *fill*         0x0000000020000686        0x2 
 .bss.m_prs_box_4
                0x0000000020000688        0x8 Output/Debug/Obj/twi_max30101_3/nrfx_prs.o
 .bss.m_cb      0x0000000020000690       0x34 Output/Debug/Obj/twi_max30101_3/nrfx_twim.o
 .bss.m_cb      0x00000000200006c4       0x2c Output/Debug/Obj/twi_max30101_3/nrfx_uart.o
 .bss.m_cb      0x00000000200006f0       0x24 Output/Debug/Obj/twi_max30101_3/nrfx_uarte.o
 .bss.__SEGGER_RTL_heap_globals
                0x0000000020000714        0x4 C:/Program Files/SEGGER/SEGGER Embedded Studio for ARM 6.20a/lib/heapops_basic_v7em_little.a(heapops_basic.o)
 *(COMMON)
                0x0000000020000718                __bss_end__ = (__bss_start__ + SIZEOF (.bss))
                0x00000000000006a4                __bss_size__ = SIZEOF (.bss)
                0x0000000020000718                __bss_load_end__ = __bss_end__
                0x0000000000000001                . = ASSERT (((__bss_start__ == __bss_end__) || ((__bss_end__ - __RAM1_segment_start__) <= __RAM1_segment_size__)), error: .bss is too large to fit in RAM1 memory segment)
                0x0000000020000718                __tbss_load_start__ = ALIGN (__bss_end__, 0x4)

.tbss           0x0000000020000718        0x0
                0x0000000020000718                __tbss_start__ = .
 *(.tbss .tbss.*)
                0x0000000020000718                __tbss_end__ = (__tbss_start__ + SIZEOF (.tbss))
                0x0000000000000000                __tbss_size__ = SIZEOF (.tbss)
                0x0000000020000718                __tbss_load_end__ = __tbss_end__
                0x0000000000000001                . = ASSERT (((__tbss_start__ == __tbss_end__) || ((__tbss_end__ - __RAM1_segment_start__) <= __RAM1_segment_size__)), error: .tbss is too large to fit in RAM1 memory segment)
                0x0000000020000718                __non_init_load_start__ = ALIGN (__tbss_end__, 0x4)

.non_init       0x0000000020000718        0x0
                0x0000000020000718                __non_init_start__ = .
 *(.non_init .non_init.*)
                0x0000000020000718                __non_init_end__ = (__non_init_start__ + SIZEOF (.non_init))
                0x0000000000000000                __non_init_size__ = SIZEOF (.non_init)
                0x0000000020000718                __non_init_load_end__ = __non_init_end__
                0x0000000000000001                . = ASSERT (((__non_init_start__ == __non_init_end__) || ((__non_init_end__ - __RAM1_segment_start__) <= __RAM1_segment_size__)), error: .non_init is too large to fit in RAM1 memory segment)
                0x0000000020000718                __heap_load_start__ = ALIGN (__non_init_end__, 0x4)

.heap           0x0000000020000718     0x2000
                0x0000000020000718                __heap_start__ = .
 *(.heap .heap.*)
                0x0000000020002718                . = ALIGN (MAX ((__heap_start__ + __HEAPSIZE__), .), 0x4)
 *fill*         0x0000000020000718     0x2000 
                0x0000000020002718                __heap_end__ = (__heap_start__ + SIZEOF (.heap))
                0x0000000000002000                __heap_size__ = SIZEOF (.heap)
                0x0000000020002718                __heap_load_end__ = __heap_end__
                0x0000000000000001                . = ASSERT (((__heap_start__ == __heap_end__) || ((__heap_end__ - __RAM1_segment_start__) <= __RAM1_segment_size__)), error: .heap is too large to fit in RAM1 memory segment)
                0x000000002003e000                __stack_load_start__ = (__RAM1_segment_start__ + (__RAM1_segment_size__ - 0x2000))

.stack          0x000000002003e000     0x2000
                0x000000002003e000                __stack_start__ = .
                0x000000002003e000                __StackLimit = __stack_start__
 *(.stack .stack.*)
                0x0000000020040000                . = ALIGN (MAX ((__stack_start__ + __STACKSIZE__), .), 0x8)
 *fill*         0x000000002003e000     0x2000 
                0x0000000020040000                __stack_end__ = (__stack_start__ + SIZEOF (.stack))
                0x0000000000002000                __stack_size__ = SIZEOF (.stack)
                0x0000000020040000                __StackTop = __stack_end__
                0x0000000020040000                __stack_load_end__ = __stack_end__
                0x0000000000000001                . = ASSERT (((__stack_start__ == __stack_end__) || ((__stack_end__ - __RAM1_segment_start__) <= __RAM1_segment_size__)), error: .stack is too large to fit in RAM1 memory segment)
                0x0000000000000001                . = ASSERT ((__heap_end__ <= __stack_start__), error: section .heap overlaps absolute placed section .stack)
                0x0000000020040000                __stack_process_load_start__ = ALIGN (__stack_end__, 0x8)

.stack_process  0x0000000020040000        0x0
                0x0000000020040000                __stack_process_start__ = .
 *(.stack_process .stack_process.*)
                0x0000000020040000                . = ALIGN (MAX ((__stack_process_start__ + __STACKSIZE_PROCESS__), .), 0x8)
                0x0000000020040000                __stack_process_end__ = (__stack_process_start__ + SIZEOF (.stack_process))
                0x0000000000000000                __stack_process_size__ = SIZEOF (.stack_process)
                0x0000000020040000                __stack_process_load_end__ = __stack_process_end__
                0x0000000020040000                __RAM1_segment_used_end__ = (ALIGN (__stack_end__, 0x8) + SIZEOF (.stack_process))
                0x0000000000040000                __RAM1_segment_used_size__ = (__RAM1_segment_used_end__ - __RAM1_segment_start__)
                0x0000000000000001                . = ASSERT (((__stack_process_start__ == __stack_process_end__) || ((__stack_process_end__ - __RAM1_segment_start__) <= __RAM1_segment_size__)), error: .stack_process is too large to fit in RAM1 memory segment)
START GROUP
LOAD Output/Debug/Obj/twi_max30101_3/thumb_crt0.o
LOAD Output/Debug/Obj/twi_max30101_3/nrf_log_backend_rtt.o
LOAD Output/Debug/Obj/twi_max30101_3/nrf_log_backend_serial.o
LOAD Output/Debug/Obj/twi_max30101_3/nrf_log_backend_uart.o
LOAD Output/Debug/Obj/twi_max30101_3/nrf_log_default_backends.o
LOAD Output/Debug/Obj/twi_max30101_3/nrf_log_frontend.o
LOAD Output/Debug/Obj/twi_max30101_3/nrf_log_str_formatter.o
LOAD Output/Debug/Obj/twi_max30101_3/boards.o
LOAD Output/Debug/Obj/twi_max30101_3/app_error.o
LOAD Output/Debug/Obj/twi_max30101_3/app_error_handler_gcc.o
LOAD Output/Debug/Obj/twi_max30101_3/app_error_weak.o
LOAD Output/Debug/Obj/twi_max30101_3/app_util_platform.o
LOAD Output/Debug/Obj/twi_max30101_3/nrf_assert.o
LOAD Output/Debug/Obj/twi_max30101_3/nrf_atomic.o
LOAD Output/Debug/Obj/twi_max30101_3/nrf_balloc.o
LOAD Output/Debug/Obj/twi_max30101_3/nrf_fprintf.o
LOAD Output/Debug/Obj/twi_max30101_3/nrf_fprintf_format.o
LOAD Output/Debug/Obj/twi_max30101_3/nrf_memobj.o
LOAD Output/Debug/Obj/twi_max30101_3/nrf_ringbuf.o
LOAD Output/Debug/Obj/twi_max30101_3/nrf_strerror.o