Archive member included to satisfy reference by file (symbol)

F:/SES_nRF/lib/libc_v7em_fpv4_sp_d16_hard_t_le_eabi.a(libc2.o)
                              Output/twi_mpu6050_pca10056 Release/Obj/nrf_log_str_formatter.o (isprint)
F:/SES_nRF/lib/libc_v7em_fpv4_sp_d16_hard_t_le_eabi.a(libc2_asm.o)
                              Output/twi_mpu6050_pca10056 Release/Obj/nrf_log_frontend.o (memcpy)
F:/SES_nRF/lib/libc_v7em_fpv4_sp_d16_hard_t_le_eabi.a(libc.o)
                              F:/SES_nRF/lib/libc_v7em_fpv4_sp_d16_hard_t_le_eabi.a(libc2.o) (__heap_lock)
F:/SES_nRF/lib/libc_v7em_fpv4_sp_d16_hard_t_le_eabi.a(libc_asm.o)
                              F:/SES_nRF/lib/libc_v7em_fpv4_sp_d16_hard_t_le_eabi.a(libc2.o) (__aeabi_uldivmod)
F:/SES_nRF/lib/libdebugio_v7em_fpv4_sp_d16_hard_t_le_eabi.a(libdebugio.o)
                              Output/twi_mpu6050_pca10056 Release/Obj/thumb_crt0.o (debug_fopen)
F:/SES_nRF/lib/libdebugio_mempoll_v7em_fpv4_sp_d16_hard_t_le_eabi.a(mempoll_debug_operations.o)
                              F:/SES_nRF/lib/libdebugio_v7em_fpv4_sp_d16_hard_t_le_eabi.a(libdebugio.o) (__do_debug_operation)
F:/SES_nRF/lib/libdebugio_mempoll_v7em_fpv4_sp_d16_hard_t_le_eabi.a(do_nv_debug_operation.o)
                              F:/SES_nRF/lib/libdebugio_v7em_fpv4_sp_d16_hard_t_le_eabi.a(libdebugio.o) (__do_nvdebug_operation)
F:/SES_nRF/lib/libm_v7em_fpv4_sp_d16_hard_t_le_eabi.a(libm_asm.o)
                              F:/SES_nRF/lib/libc_v7em_fpv4_sp_d16_hard_t_le_eabi.a(libc2.o) (__aeabi_dadd)
F:/SES_nRF/lib/libm_v7em_fpv4_sp_d16_hard_t_le_eabi.a(libm2.o)
                              F:/SES_nRF/lib/libvfprintf_v7em_fpv4_sp_d16_hard_t_le_eabi.o (frexp)

Discarded input sections

 .text          0x0000000000000000        0x0 Output/twi_mpu6050_pca10056 Release/Obj/thumb_crt0.o
 .data          0x0000000000000000        0x0 Output/twi_mpu6050_pca10056 Release/Obj/thumb_crt0.o
 .bss           0x0000000000000000        0x0 Output/twi_mpu6050_pca10056 Release/Obj/thumb_crt0.o
 .text.__aeabi_read_tp
                0x0000000000000000        0x8 Output/twi_mpu6050_pca10056 Release/Obj/thumb_crt0.o
 .text.abort    0x0000000000000000        0x2 Output/twi_mpu6050_pca10056 Release/Obj/thumb_crt0.o
 .text.__assert
                0x0000000000000000        0x2 Output/twi_mpu6050_pca10056 Release/Obj/thumb_crt0.o
 .text.__assert_func
                0x0000000000000000        0x2 Output/twi_mpu6050_pca10056 Release/Obj/thumb_crt0.o
 .text.__aeabi_assert
                0x0000000000000000        0x2 Output/twi_mpu6050_pca10056 Release/Obj/thumb_crt0.o
 .text.__sync_synchronize
                0x0000000000000000        0x2 Output/twi_mpu6050_pca10056 Release/Obj/thumb_crt0.o
 .text.__getchar
                0x0000000000000000        0x4 Output/twi_mpu6050_pca10056 Release/Obj/thumb_crt0.o
 .text.__putchar
                0x0000000000000000        0x4 Output/twi_mpu6050_pca10056 Release/Obj/thumb_crt0.o
 .text.__open   0x0000000000000000        0x4 Output/twi_mpu6050_pca10056 Release/Obj/thumb_crt0.o
 .text.__close  0x0000000000000000        0x4 Output/twi_mpu6050_pca10056 Release/Obj/thumb_crt0.o
 .text.__write  0x0000000000000000        0xa Output/twi_mpu6050_pca10056 Release/Obj/thumb_crt0.o
 .text.__read   0x0000000000000000        0xa Output/twi_mpu6050_pca10056 Release/Obj/thumb_crt0.o
 .text.__seek   0x0000000000000000       0x1a Output/twi_mpu6050_pca10056 Release/Obj/thumb_crt0.o
 .bss.__user_locale_name_buffer
                0x0000000000000000        0x4 Output/twi_mpu6050_pca10056 Release/Obj/thumb_crt0.o
 .stack         0x0000000000000000        0x0 Output/twi_mpu6050_pca10056 Release/Obj/thumb_crt0.o
 .stack_process
                0x0000000000000000        0x0 Output/twi_mpu6050_pca10056 Release/Obj/thumb_crt0.o
 .heap          0x0000000000000000        0x0 Output/twi_mpu6050_pca10056 Release/Obj/thumb_crt0.o
 .group         0x0000000000000000        0xc Output/twi_mpu6050_pca10056 Release/Obj/nrf_log_backend_rtt.o
 .group         0x0000000000000000        0xc Output/twi_mpu6050_pca10056 Release/Obj/nrf_log_backend_rtt.o
 .group         0x0000000000000000        0xc Output/twi_mpu6050_pca10056 Release/Obj/nrf_log_backend_rtt.o
 .group         0x0000000000000000        0xc Output/twi_mpu6050_pca10056 Release/Obj/nrf_log_backend_rtt.o
 .group         0x0000000000000000        0xc Output/twi_mpu6050_pca10056 Release/Obj/nrf_log_backend_rtt.o
 .group         0x0000000000000000        0xc Output/twi_mpu6050_pca10056 Release/Obj/nrf_log_backend_rtt.o
 .group         0x0000000000000000        0xc Output/twi_mpu6050_pca10056 Release/Obj/nrf_log_backend_rtt.o
 .group         0x0000000000000000        0xc Output/twi_mpu6050_pca10056 Release/Obj/nrf_log_backend_rtt.o
 .group         0x0000000000000000        0xc Output/twi_mpu6050_pca10056 Release/Obj/nrf_log_backend_rtt.o
 .group         0x0000000000000000        0xc Output/twi_mpu6050_pca10056 Release/Obj/nrf_log_backend_rtt.o
[...]
Memory Configuration

Name             Origin             Length             Attributes
UNPLACED_SECTIONS 0x0000000100000000 0x0000000000000000 xw
RAM1             0x0000000020000000 0x0000000000040000 xw
FLASH            0x0000000000000000 0x0000000000100000 xw
*default*        0x0000000000000000 0xffffffffffffffff

Linker script and memory map

                0x0000000000002f68                __vfprintf = __vfprintf_long
                0x0000000000000000                __vfscanf = __vfscanf_long
                0x0000000020000000                __RAM1_segment_start__ = 0x20000000
                0x0000000020040000                __RAM1_segment_end__ = 0x20040000
                0x0000000000040000                __RAM1_segment_size__ = 0x40000
                0x0000000000000000                __FLASH_segment_start__ = 0x0
                0x0000000000100000                __FLASH_segment_end__ = 0x100000
                0x0000000000100000                __FLASH_segment_size__ = 0x100000
                0x0000000000002000                __HEAPSIZE__ = 0x2000
                0x0000000000000000                __STACKSIZE_PROCESS__ = 0x0
                0x0000000000002000                __STACKSIZE__ = 0x2000
                0x0000000020000000                __vectors_ram_load_start__ = 0x20000000

.vectors_ram    0x0000000020000000        0x0
                0x0000000020000000                __vectors_ram_start__ = .
                0x0000000020000000                __app_ram_start__ = __vectors_ram_start__
 *(.vectors_ram .vectors_ram.*)
                0x0000000020000000                __vectors_ram_end__ = (__vectors_ram_start__ + SIZEOF (.vectors_ram))
                0x0000000000000000                __vectors_ram_size__ = SIZEOF (.vectors_ram)
                0x0000000020000000                __vectors_ram_load_end__ = __vectors_ram_end__
                0x0000000000000001                . = ASSERT (((__vectors_ram_start__ == __vectors_ram_end__) || ((__vectors_ram_end__ - __RAM1_segment_start__) <= __RAM1_segment_size__)), error: .vectors_ram is too large to fit in RAM1 memory segment)
                0x0000000020000000                __nrf_sections_run_load_start__ = ALIGN (__vectors_ram_end__, 0x4)

.nrf_sections_run
                0x0000000020000000        0x0
                0x0000000020000000                __nrf_sections_run_start__ = .
                0x0000000020000000                __start_nrf_sections_run = __nrf_sections_run_start__
 *(.nrf_sections_run .nrf_sections_run.*)
                0x0000000020000000                __nrf_sections_run_end__ = (__nrf_sections_run_start__ + SIZEOF (.nrf_sections_run))
                0x0000000000000000                __nrf_sections_run_size__ = SIZEOF (.nrf_sections_run)
                0x0000000020000000                __nrf_sections_run_load_end__ = __nrf_sections_run_end__
                0x0000000000000001                . = ASSERT (((__nrf_sections_run_start__ == __nrf_sections_run_end__) || ((__nrf_sections_run_end__ - __RAM1_segment_start__) <= __RAM1_segment_size__)), error: .nrf_sections_run is too large to fit in RAM1 memory segment)
                0x0000000000000000                __vectors_load_start__ = 0x0

.vectors        0x0000000000000000      0x200
                0x0000000000000000                __vectors_start__ = .
 *(.vectors .vectors.*)
 .vectors       0x0000000000000000      0x200 Output/twi_mpu6050_pca10056 Release/Obj/ses_startup_nrf52840.o
                0x0000000000000000                _vectors
                0x0000000000000200                __vectors_end__ = (__vectors_start__ + SIZEOF (.vectors))
                0x0000000000000200                __vectors_size__ = SIZEOF (.vectors)
                0x0000000000000200                __vectors_load_end__ = __vectors_end__
                0x0000000000000001                . = ASSERT (((__vectors_start__ == __vectors_end__) || ((__vectors_end__ - __FLASH_segment_start__) <= __FLASH_segment_size__)), error: .vectors is too large to fit in FLASH memory segment)
                0x0000000000000200                __init_load_start__ = ALIGN (__vectors_end__, 0x4)

.init           0x0000000000000200      0x1d0
                0x0000000000000200                __init_start__ = .
 *(.init .init.*)
 .init          0x0000000000000200      0x15c Output/twi_mpu6050_pca10056 Release/Obj/thumb_crt0.o
                0x0000000000000200                _start
                0x00000000000002b4                exit
 .init          0x000000000000035c       0x18 Output/twi_mpu6050_pca10056 Release/Obj/ses_startup_nrf52840.o
                0x000000000000035c                NMI_Handler
                0x000000000000035e                HardFault_Handler
                0x0000000000000360                MemoryManagement_Handler
                0x0000000000000362                BusFault_Handler
                0x0000000000000364                UsageFault_Handler
                0x0000000000000366                SVC_Handler
                0x0000000000000368                DebugMon_Handler
                0x000000000000036a                PendSV_Handler
                0x000000000000036c                SysTick_Handler
                0x000000000000036e                PWM1_IRQHandler
                0x000000000000036e                GPIOTE_IRQHandler
                0x000000000000036e                RTC0_IRQHandler
                0x000000000000036e                POWER_CLOCK_IRQHandler
                0x000000000000036e                RADIO_IRQHandler
                0x000000000000036e                PDM_IRQHandler
                0x000000000000036e                TEMP_IRQHandler
                0x000000000000036e                QDEC_IRQHandler
                0x000000000000036e                TIMER3_IRQHandler
                0x000000000000036e                PWM3_IRQHandler
                0x000000000000036e                FPU_IRQHandler
                0x000000000000036e                USBD_IRQHandler
                0x000000000000036e                QSPI_IRQHandler
                0x000000000000036e                TIMER4_IRQHandler
                0x000000000000036e                CRYPTOCELL_IRQHandler
                0x000000000000036e                SWI2_EGU2_IRQHandler
                0x000000000000036e                SWI4_EGU4_IRQHandler
                0x000000000000036e                TIMER0_IRQHandler
                0x000000000000036e                UARTE1_IRQHandler
                0x000000000000036e                Dummy_Handler
                0x000000000000036e                TIMER1_IRQHandler
                0x000000000000036e                SPIM3_IRQHandler
                0x000000000000036e                PWM2_IRQHandler
                0x000000000000036e                ECB_IRQHandler
                0x000000000000036e                SPIM1_SPIS1_TWIM1_TWIS1_SPI1_TWI1_IRQHandler
                0x000000000000036e                SAADC_IRQHandler
                0x000000000000036e                CCM_AAR_IRQHandler
                0x000000000000036e                WDT_IRQHandler
                0x000000000000036e                SWI0_EGU0_IRQHandler
                0x000000000000036e                SWI5_EGU5_IRQHandler
                0x000000000000036e                RNG_IRQHandler
                0x000000000000036e                RTC2_IRQHandler
                0x000000000000036e                PWM0_IRQHandler
                0x000000000000036e                SWI3_EGU3_IRQHandler
                0x000000000000036e                RTC1_IRQHandler
                0x000000000000036e                SWI1_EGU1_IRQHandler
                0x000000000000036e                SPIM2_SPIS2_SPI2_IRQHandler
                0x000000000000036e                NFCT_IRQHandler
                0x000000000000036e                I2S_IRQHandler
                0x000000000000036e                MWU_IRQHandler
                0x000000000000036e                TIMER2_IRQHandler
                0x000000000000036e                COMP_LPCOMP_IRQHandler
                0x0000000000000370                nRFInitialize
 .init          0x0000000000000374       0x5c Output/twi_mpu6050_pca10056 Release/Obj/ses_startup_nrf_common.o
                0x0000000000000374                Reset_Handler
                0x0000000000000378                afterInitialize
                0x000000000000039c                InitializeUserMemorySections
                0x00000000000003d0                __init_end__ = (__init_start__ + SIZEOF (.init))
                0x00000000000001d0                __init_size__ = SIZEOF (.init)
                0x00000000000003d0                __init_load_end__ = __init_end__
                0x0000000000000001                . = ASSERT (((__init_start__ == __init_end__) || ((__init_end__ - __FLASH_segment_start__) <= __FLASH_segment_size__)), error: .init is too large to fit in FLASH memory segment)
                0x00000000000003d0                __init_rodata_load_start__ = ALIGN (__init_end__, 0x4)

.init_rodata    0x00000000000003d0        0x0
                0x00000000000003d0                __init_rodata_start__ = .
 *(.init_rodata .init_rodata.*)
                0x00000000000003d0                __init_rodata_end__ = (__init_rodata_start__ + SIZEOF (.init_rodata))
                0x0000000000000000                __init_rodata_size__ = SIZEOF (.init_rodata)
                0x00000000000003d0                __init_rodata_load_end__ = __init_rodata_end__
                0x0000000000000001                . = ASSERT (((__init_rodata_start__ == __init_rodata_end__) || ((__init_rodata_end__ - __FLASH_segment_start__) <= __FLASH_segment_size__)), error: .init_rodata is too large to fit in FLASH memory segment)
                0x00000000000003d0                __text_load_start__ = ALIGN (__init_rodata_end__, 0x4)

.text           0x00000000000003d0     0x31cc
                0x00000000000003d0                __text_start__ = .
 *(.text .text.* .glue_7t .glue_7 .gnu.linkonce.t.* .gcc_except_table .ARM.extab* .gnu.linkonce.armextab.*)
 .glue_7        0x00000000000003d0        0x0 linker stubs
 .glue_7t       0x00000000000003d0        0x0 linker stubs
 .text.nrf_log_backend_serial_put
                0x00000000000003d0       0xc2 Output/twi_mpu6050_pca10056 Release/Obj/nrf_log_backend_serial.o
                0x00000000000003d0                nrf_log_backend_serial_put
 *fill*         0x0000000000000492        0x2 
 .text.uart_evt_handler
                0x0000000000000494        0xc Output/twi_mpu6050_pca10056 Release/Obj/nrf_log_backend_uart.o
 .text.nrf_log_backend_uart_flush
                0x00000000000004a0        0x2 Output/twi_mpu6050_pca10056 Release/Obj/nrf_log_backend_uart.o
 *fill*         0x00000000000004a2        0x2 
 .text.uart_init
                0x00000000000004a4       0x5c Output/twi_mpu6050_pca10056 Release/Obj/nrf_log_backend_uart.o
 .text.nrf_log_backend_uart_put
                0x0000000000000500       0x1c Output/twi_mpu6050_pca10056 Release/Obj/nrf_log_backend_uart.o
 .text.serial_tx
                0x000000000000051c       0x48 Output/twi_mpu6050_pca10056 Release/Obj/nrf_log_backend_uart.o
 .text.nrf_log_backend_uart_panic_set
                0x0000000000000564       0x2c Output/twi_mpu6050_pca10056 Release/Obj/nrf_log_backend_uart.o
 .text.nrf_log_backend_uart_init
                0x0000000000000590        0x6 Output/twi_mpu6050_pca10056 Release/Obj/nrf_log_backend_uart.o
                0x0000000000000590                nrf_log_backend_uart_init
 *fill*         0x0000000000000596        0x2 
 .text.nrf_log_default_backends_init
                0x0000000000000598       0x20 Output/twi_mpu6050_pca10056 Release/Obj/nrf_log_default_backends.o
                0x0000000000000598                nrf_log_default_backends_init
 .text.invalid_packets_omit
                0x00000000000005b8       0x3a Output/twi_mpu6050_pca10056 Release/Obj/nrf_log_frontend.o
 *fill*         0x00000000000005f2        0x2 
 .text.buf_prealloc
                0x00000000000005f4      0x118 Output/twi_mpu6050_pca10056 Release/Obj/nrf_log_frontend.o
 .text.nrf_log_init
                0x000000000000070c       0x28 Output/twi_mpu6050_pca10056 Release/Obj/nrf_log_frontend.o
                0x000000000000070c                nrf_log_init
 .text.nrf_log_module_name_get
                0x0000000000000734       0x38 Output/twi_mpu6050_pca10056 Release/Obj/nrf_log_frontend.o
                0x0000000000000734                nrf_log_module_name_get
 .text.nrf_log_color_id_get
                0x000000000000076c       0x2c Output/twi_mpu6050_pca10056 Release/Obj/nrf_log_frontend.o
                0x000000000000076c                nrf_log_color_id_get
 .text.buffer_is_empty
                0x0000000000000798       0x14 Output/twi_mpu6050_pca10056 Release/Obj/nrf_log_frontend.o
                0x0000000000000798                buffer_is_empty
 .text.nrf_log_frontend_dequeue
                0x00000000000007ac      0x1f0 Output/twi_mpu6050_pca10056 Release/Obj/nrf_log_frontend.o
                0x00000000000007ac                nrf_log_frontend_dequeue
 .text.std_n    0x000000000000099c       0x8c Output/twi_mpu6050_pca10056 Release/Obj/nrf_log_frontend.o
 .text.nrf_log_frontend_std_0
                0x0000000000000a28        0x8 Output/twi_mpu6050_pca10056 Release/Obj/nrf_log_frontend.o
                0x0000000000000a28                nrf_log_frontend_std_0
 .text.nrf_log_frontend_std_4
                0x0000000000000a30       0x1c Output/twi_mpu6050_pca10056 Release/Obj/nrf_log_frontend.o
                0x0000000000000a30                nrf_log_frontend_std_4
 .text.nrf_log_backend_add
                0x0000000000000a4c       0x44 Output/twi_mpu6050_pca10056 Release/Obj/nrf_log_frontend.o
                0x0000000000000a4c                nrf_log_backend_add
 .text.nrf_log_panic
                0x0000000000000a90       0x28 Output/twi_mpu6050_pca10056 Release/Obj/nrf_log_frontend.o
                0x0000000000000a90                nrf_log_panic
 .text.postfix_process
                0x0000000000000ab8       0x44 Output/twi_mpu6050_pca10056 Release/Obj/nrf_log_str_formatter.o
 .text.prefix_process
                0x0000000000000afc       0x7c Output/twi_mpu6050_pca10056 Release/Obj/nrf_log_str_formatter.o
 .text.nrf_log_std_entry_process
                0x0000000000000b78       0xc8 Output/twi_mpu6050_pca10056 Release/Obj/nrf_log_str_formatter.o
                0x0000000000000b78                nrf_log_std_entry_process
 .text.nrf_log_hexdump_entry_process
                0x0000000000000c40       0xb8 Output/twi_mpu6050_pca10056 Release/Obj/nrf_log_str_formatter.o
                0x0000000000000c40                nrf_log_hexdump_entry_process
 .text.bsp_board_led_off
                0x0000000000000cf8       0x28 Output/twi_mpu6050_pca10056 Release/Obj/boards.o
                0x0000000000000cf8                bsp_board_led_off
 .text.bsp_board_leds_off
                0x0000000000000d20       0x1e Output/twi_mpu6050_pca10056 Release/Obj/boards.o
                0x0000000000000d20                bsp_board_leds_off
 .text.bsp_board_init
                0x0000000000000d3e       0x3e Output/twi_mpu6050_pca10056 Release/Obj/boards.o
                0x0000000000000d3e                bsp_board_init
 .text.app_error_handler_bare
                0x0000000000000d7c       0x1a Output/twi_mpu6050_pca10056 Release/Obj/app_error.o
                0x0000000000000d7c                app_error_handler_bare
 *fill*         0x0000000000000d96        0x2 
 .text.app_error_fault_handler
                0x0000000000000d98       0x70 Output/twi_mpu6050_pca10056 Release/Obj/app_error_weak.o
                0x0000000000000d98                app_error_fault_handler
 .text.app_util_disable_irq
                0x0000000000000e08       0x10 Output/twi_mpu6050_pca10056 Release/Obj/app_util_platform.o
                0x0000000000000e08                app_util_disable_irq
 .text.app_util_enable_irq
                0x0000000000000e18       0x14 Output/twi_mpu6050_pca10056 Release/Obj/app_util_platform.o
                0x0000000000000e18                app_util_enable_irq
 .text.app_util_critical_region_enter
                0x0000000000000e2c        0x4 Output/twi_mpu6050_pca10056 Release/Obj/app_util_platform.o
                0x0000000000000e2c                app_util_critical_region_enter
 .text.app_util_critical_region_exit
                0x0000000000000e30        0x4 Output/twi_mpu6050_pca10056 Release/Obj/app_util_platform.o
                0x0000000000000e30                app_util_critical_region_exit
 .text.nrf_atomic_u32_fetch_store
                0x0000000000000e34       0x16 Output/twi_mpu6050_pca10056 Release/Obj/nrf_atomic.o
                0x0000000000000e34                nrf_atomic_u32_fetch_store
 .text.nrf_atomic_u32_or
                0x0000000000000e4a       0x18 Output/twi_mpu6050_pca10056 Release/Obj/nrf_atomic.o
                0x0000000000000e4a                nrf_atomic_u32_or
 .text.nrf_atomic_u32_fetch_and
                0x0000000000000e62       0x18 Output/twi_mpu6050_pca10056 Release/Obj/nrf_atomic.o
                0x0000000000000e62                nrf_atomic_u32_fetch_and
 .text.nrf_atomic_u32_add
                0x0000000000000e7a       0x18 Output/twi_mpu6050_pca10056 Release/Obj/nrf_atomic.o
                0x0000000000000e7a                nrf_atomic_u32_add
 .text.nrf_atomic_u32_sub
                0x0000000000000e92       0x18 Output/twi_mpu6050_pca10056 Release/Obj/nrf_atomic.o
                0x0000000000000e92                nrf_atomic_u32_sub
 .text.nrf_atomic_flag_set
                0x0000000000000eaa        0x6 Output/twi_mpu6050_pca10056 Release/Obj/nrf_atomic.o
                0x0000000000000eaa                nrf_atomic_flag_set
 .text.nrf_atomic_flag_clear_fetch
                0x0000000000000eb0        0x6 Output/twi_mpu6050_pca10056 Release/Obj/nrf_atomic.o
                0x0000000000000eb0                nrf_atomic_flag_clear_fetch
 .text.nrf_balloc_init
                0x0000000000000eb6       0x2e Output/twi_mpu6050_pca10056 Release/Obj/nrf_balloc.o
                0x0000000000000eb6                nrf_balloc_init
 .text.nrf_balloc_alloc
                0x0000000000000ee4       0x40 Output/twi_mpu6050_pca10056 Release/Obj/nrf_balloc.o
                0x0000000000000ee4                nrf_balloc_alloc
 .text.nrf_balloc_free
                0x0000000000000f24       0x2a Output/twi_mpu6050_pca10056 Release/Obj/nrf_balloc.o
                0x0000000000000f24                nrf_balloc_free
 .text.nrf_fprintf_buffer_flush
                0x0000000000000f4e       0x16 Output/twi_mpu6050_pca10056 Release/Obj/nrf_fprintf.o
                0x0000000000000f4e                nrf_fprintf_buffer_flush
 .text.nrf_fprintf
                0x0000000000000f64       0x1c Output/twi_mpu6050_pca10056 Release/Obj/nrf_fprintf.o
                0x0000000000000f64                nrf_fprintf
 .text.buffer_add
                0x0000000000000f80       0x2e Output/twi_mpu6050_pca10056 Release/Obj/nrf_fprintf_format.o
 *fill*         0x0000000000000fae        0x2 
 .text.unsigned_print
                0x0000000000000fb0       0xb4 Output/twi_mpu6050_pca10056 Release/Obj/nrf_fprintf_format.o
 .text.nrf_fprintf_fmt
                0x0000000000001064      0x29c Output/twi_mpu6050_pca10056 Release/Obj/nrf_fprintf_format.o
                0x0000000000001064                nrf_fprintf_fmt
 .text.memobj_op
                0x0000000000001300       0x86 Output/twi_mpu6050_pca10056 Release/Obj/nrf_memobj.o
 .text.nrf_memobj_pool_init
                0x0000000000001386        0x4 Output/twi_mpu6050_pca10056 Release/Obj/nrf_memobj.o
                0x0000000000001386                nrf_memobj_pool_init
 .text.nrf_memobj_free
                0x000000000000138a       0x2c Output/twi_mpu6050_pca10056 Release/Obj/nrf_memobj.o
                0x000000000000138a                nrf_memobj_free
 .text.nrf_memobj_alloc
                0x00000000000013b6       0x5e Output/twi_mpu6050_pca10056 Release/Obj/nrf_memobj.o
                0x00000000000013b6                nrf_memobj_alloc
 .text.nrf_memobj_get
                0x0000000000001414        0x8 Output/twi_mpu6050_pca10056 Release/Obj/nrf_memobj.o
                0x0000000000001414                nrf_memobj_get
 .text.nrf_memobj_put
                0x000000000000141c       0x1e Output/twi_mpu6050_pca10056 Release/Obj/nrf_memobj.o
                0x000000000000141c                nrf_memobj_put
 .text.nrf_memobj_write
                0x000000000000143a       0x14 Output/twi_mpu6050_pca10056 Release/Obj/nrf_memobj.o
                0x000000000000143a                nrf_memobj_write
 .text.nrf_memobj_read
                0x000000000000144e       0x14 Output/twi_mpu6050_pca10056 Release/Obj/nrf_memobj.o
                0x000000000000144e                nrf_memobj_read
 .text.nrf_ringbuf_init
                0x0000000000001462       0x12 Output/twi_mpu6050_pca10056 Release/Obj/nrf_ringbuf.o
                0x0000000000001462                nrf_ringbuf_init
 .text.twim_evt_handler
                0x0000000000001474       0x40 Output/twi_mpu6050_pca10056 Release/Obj/nrf_drv_twi.o
 .text.nrfx_coredep_delay_us.part.0.constprop.0
                0x00000000000014b4       0x10 Output/twi_mpu6050_pca10056 Release/Obj/nrf_drv_twi.o
 .text.nrf_gpio_pin_set
                0x00000000000014c4       0x20 Output/twi_mpu6050_pca10056 Release/Obj/nrf_drv_twi.o
 .text.nrf_drv_twi_init
                0x00000000000014e4      0x100 Output/twi_mpu6050_pca10056 Release/Obj/nrf_drv_twi.o
                0x00000000000014e4                nrf_drv_twi_init
 .text.uarte_evt_handler
                0x00000000000015e4       0x34 Output/twi_mpu6050_pca10056 Release/Obj/nrf_drv_uart.o
 .text.uart_evt_handler
                0x0000000000001618       0x34 Output/twi_mpu6050_pca10056 Release/Obj/nrf_drv_uart.o
 .text.nrf_drv_uart_init
                0x000000000000164c       0x7c Output/twi_mpu6050_pca10056 Release/Obj/nrf_drv_uart.o
                0x000000000000164c                nrf_drv_uart_init
 .text.UARTE0_UART0_IRQHandler
                0x00000000000016c8        0xc Output/twi_mpu6050_pca10056 Release/Obj/nrfx_prs.o
                0x00000000000016c8                UARTE0_UART0_IRQHandler
 .text.nrfx_prs_acquire
                0x00000000000016d4       0x38 Output/twi_mpu6050_pca10056 Release/Obj/nrfx_prs.o
                0x00000000000016d4                nrfx_prs_acquire
 .text.nrfx_prs_release
                0x000000000000170c       0x18 Output/twi_mpu6050_pca10056 Release/Obj/nrfx_prs.o
                0x000000000000170c                nrfx_prs_release
 .text.nrf_twim_event_clear
                0x0000000000001724       0x10 Output/twi_mpu6050_pca10056 Release/Obj/nrfx_twim.o
 .text.xfer_completeness_check
                0x0000000000001734       0x60 Output/twi_mpu6050_pca10056 Release/Obj/nrfx_twim.o
 .text.SPIM0_SPIS0_TWIM0_TWIS0_SPI0_TWI0_IRQHandler
                0x0000000000001794      0x180 Output/twi_mpu6050_pca10056 Release/Obj/nrfx_twim.o
                0x0000000000001794                SPIM0_SPIS0_TWIM0_TWIS0_SPI0_TWI0_IRQHandler
 .text.nrfx_twim_init
                0x0000000000001914      0x104 Output/twi_mpu6050_pca10056 Release/Obj/nrfx_twim.o
                0x0000000000001914                nrfx_twim_init
 .text.nrfx_twim_enable
                0x0000000000001a18       0x20 Output/twi_mpu6050_pca10056 Release/Obj/nrfx_twim.o
                0x0000000000001a18                nrfx_twim_enable
 .text.nrfx_twim_xfer
                0x0000000000001a38      0x2d4 Output/twi_mpu6050_pca10056 Release/Obj/nrfx_twim.o
                0x0000000000001a38                nrfx_twim_xfer
 .text.nrfx_twim_tx
                0x0000000000001d0c       0x2c Output/twi_mpu6050_pca10056 Release/Obj/nrfx_twim.o
                0x0000000000001d0c                nrfx_twim_tx
 .text.nrfx_twim_rx
                0x0000000000001d38       0x24 Output/twi_mpu6050_pca10056 Release/Obj/nrfx_twim.o
                0x0000000000001d38                nrfx_twim_rx
 .text.nrf_uart_event_clear
                0x0000000000001d5c       0x10 Output/twi_mpu6050_pca10056 Release/Obj/nrfx_uart.o
 .text.tx_byte  0x0000000000001d6c       0x1e Output/twi_mpu6050_pca10056 Release/Obj/nrfx_uart.o
 .text.rx_byte  0x0000000000001d8a       0x2c Output/twi_mpu6050_pca10056 Release/Obj/nrfx_uart.o
 *fill*         0x0000000000001db6        0x2 
 .text.rx_done_event.constprop.0
                0x0000000000001db8       0x20 Output/twi_mpu6050_pca10056 Release/Obj/nrfx_uart.o
 .text.nrfx_uart_0_irq_handler
                0x0000000000001dd8      0x13c Output/twi_mpu6050_pca10056 Release/Obj/nrfx_uart.o
                0x0000000000001dd8                nrfx_uart_0_irq_handler
 .text.nrf_gpio_cfg_default
                0x0000000000001f14       0x20 Output/twi_mpu6050_pca10056 Release/Obj/nrfx_uart.o
 .text.nrfx_uart_init
                0x0000000000001f34      0x1a4 Output/twi_mpu6050_pca10056 Release/Obj/nrfx_uart.o
                0x0000000000001f34                nrfx_uart_init
 .text.nrfx_uart_uninit
                0x00000000000020d8       0xb8 Output/twi_mpu6050_pca10056 Release/Obj/nrfx_uart.o
                0x00000000000020d8                nrfx_uart_uninit
 .text.nrfx_uart_tx
                0x0000000000002190       0x8c Output/twi_mpu6050_pca10056 Release/Obj/nrfx_uart.o
                0x0000000000002190                nrfx_uart_tx
 .text.nrf_uarte_event_clear
                0x000000000000221c       0x10 Output/twi_mpu6050_pca10056 Release/Obj/nrfx_uarte.o
 .text.rx_done_event.constprop.0
                0x000000000000222c       0x20 Output/twi_mpu6050_pca10056 Release/Obj/nrfx_uarte.o
 .text.nrf_gpio_cfg_default
                0x000000000000224c       0x20 Output/twi_mpu6050_pca10056 Release/Obj/nrfx_uarte.o
 .text.nrfx_uarte_0_irq_handler
                0x000000000000226c      0x118 Output/twi_mpu6050_pca10056 Release/Obj/nrfx_uarte.o
                0x000000000000226c                nrfx_uarte_0_irq_handler
 .text.nrfx_uarte_init
                0x0000000000002384      0x1bc Output/twi_mpu6050_pca10056 Release/Obj/nrfx_uarte.o
                0x0000000000002384                nrfx_uarte_init
 .text.nrfx_uarte_uninit
                0x0000000000002540      0x108 Output/twi_mpu6050_pca10056 Release/Obj/nrfx_uarte.o
                0x0000000000002540                nrfx_uarte_uninit
 .text.nrfx_uarte_tx
                0x0000000000002648       0x90 Output/twi_mpu6050_pca10056 Release/Obj/nrfx_uarte.o
                0x0000000000002648                nrfx_uarte_tx
 .text.startup.main
                0x00000000000026d8       0xb4 Output/twi_mpu6050_pca10056 Release/Obj/main.o
                0x00000000000026d8                main
 .text._GetAvailWriteSpace
                0x000000000000278c       0x1c Output/twi_mpu6050_pca10056 Release/Obj/SEGGER_RTT.o
 .text._WriteNoCheck
                0x00000000000027a8       0x38 Output/twi_mpu6050_pca10056 Release/Obj/SEGGER_RTT.o
 .text._WriteBlocking
                0x00000000000027e0       0x52 Output/twi_mpu6050_pca10056 Release/Obj/SEGGER_RTT.o
 *fill*         0x0000000000002832        0x2 
 .text._DoInit  0x0000000000002834       0x60 Output/twi_mpu6050_pca10056 Release/Obj/SEGGER_RTT.o
 .text.SEGGER_RTT_WriteNoLock
                0x0000000000002894       0x68 Output/twi_mpu6050_pca10056 Release/Obj/SEGGER_RTT.o
                0x0000000000002894                SEGGER_RTT_WriteNoLock
 .text.SEGGER_RTT_Write
                0x00000000000028fc       0x34 Output/twi_mpu6050_pca10056 Release/Obj/SEGGER_RTT.o
                0x00000000000028fc                SEGGER_RTT_Write
 .text.printf   0x0000000000002930       0x3a Output/twi_mpu6050_pca10056 Release/Obj/SEGGER_RTT_Syscalls_SES.o
                0x0000000000002930                printf
 *fill*         0x000000000000296a        0x2 
 .text.nrf52_errata_36
                0x000000000000296c       0x14 Output/twi_mpu6050_pca10056 Release/Obj/system_nrf52840.o
 .text.nrf52_errata_98
                0x0000000000002980       0x28 Output/twi_mpu6050_pca10056 Release/Obj/system_nrf52840.o
 .text.SystemInit
                0x00000000000029a8      0x1d0 Output/twi_mpu6050_pca10056 Release/Obj/system_nrf52840.o
                0x00000000000029a8                SystemInit
 .text.twi_handler
                0x0000000000002b78       0x10 Output/twi_mpu6050_pca10056 Release/Obj/mpu6050s.o
                0x0000000000002b78                twi_handler
 .text.twi_master_init
                0x0000000000002b88       0x48 Output/twi_mpu6050_pca10056 Release/Obj/mpu6050s.o
                0x0000000000002b88                twi_master_init
 .text.mpu6050_register_write
                0x0000000000002bd0       0x38 Output/twi_mpu6050_pca10056 Release/Obj/mpu6050s.o
                0x0000000000002bd0                mpu6050_register_write
 .text.mpu6050_register_read
                0x0000000000002c08       0x54 Output/twi_mpu6050_pca10056 Release/Obj/mpu6050s.o
                0x0000000000002c08                mpu6050_register_read
 .text.mpu6050_verify_product_id
                0x0000000000002c5c       0x22 Output/twi_mpu6050_pca10056 Release/Obj/mpu6050s.o
                0x0000000000002c5c                mpu6050_verify_product_id
 .text.mpu6050_init
                0x0000000000002c7e       0x42 Output/twi_mpu6050_pca10056 Release/Obj/mpu6050s.o
                0x0000000000002c7e                mpu6050_init
 .text.MPU6050_ReadAcc
                0x0000000000002cc0       0x50 Output/twi_mpu6050_pca10056 Release/Obj/mpu6050s.o
                0x0000000000002cc0                MPU6050_ReadAcc
 .text.libc.__RAL_ascii_isctype
                0x0000000000002d10       0x1c F:/SES_nRF/lib/libc_v7em_fpv4_sp_d16_hard_t_le_eabi.a(libc2.o)
 .text.libc.__RAL_ascii_toupper
                0x0000000000002d2c        0xc F:/SES_nRF/lib/libc_v7em_fpv4_sp_d16_hard_t_le_eabi.a(libc2.o)
 .text.libc.__RAL_ascii_tolower
                0x0000000000002d38        0xc F:/SES_nRF/lib/libc_v7em_fpv4_sp_d16_hard_t_le_eabi.a(libc2.o)
 .text.libc.__RAL_ascii_iswctype
                0x0000000000002d44       0x1c F:/SES_nRF/lib/libc_v7em_fpv4_sp_d16_hard_t_le_eabi.a(libc2.o)
 .text.libc.__RAL_ascii_towupper
                0x0000000000002d60        0xc F:/SES_nRF/lib/libc_v7em_fpv4_sp_d16_hard_t_le_eabi.a(libc2.o)
 .text.libc.__RAL_ascii_towlower
                0x0000000000002d6c        0xc F:/SES_nRF/lib/libc_v7em_fpv4_sp_d16_hard_t_le_eabi.a(libc2.o)
 .text.libc.__RAL_ascii_wctomb
                0x0000000000002d78        0xe F:/SES_nRF/lib/libc_v7em_fpv4_sp_d16_hard_t_le_eabi.a(libc2.o)
                0x0000000000002d78                __RAL_ascii_wctomb
 .text.libc.__RAL_ascii_mbtowc
                0x0000000000002d86       0x24 F:/SES_nRF/lib/libc_v7em_fpv4_sp_d16_hard_t_le_eabi.a(libc2.o)
                0x0000000000002d86                __RAL_ascii_mbtowc
 .text.libc.__putc
                0x0000000000002daa       0x34 F:/SES_nRF/lib/libc_v7em_fpv4_sp_d16_hard_t_le_eabi.a(libc2.o)
                0x0000000000002daa                __putc
 .text.libc.__RAL_print_padding
                0x0000000000002dde       0x1c F:/SES_nRF/lib/libc_v7em_fpv4_sp_d16_hard_t_le_eabi.a(libc2.o)
                0x0000000000002dde                __RAL_print_padding
 .text.libc.__RAL_pre_padding
                0x0000000000002dfa       0x1a F:/SES_nRF/lib/libc_v7em_fpv4_sp_d16_hard_t_le_eabi.a(libc2.o)
                0x0000000000002dfa                __RAL_pre_padding
 .text.libc.__RAL_isctype
                0x0000000000002e14       0x14 F:/SES_nRF/lib/libc_v7em_fpv4_sp_d16_hard_t_le_eabi.a(libc2.o)
                0x0000000000002e14                __RAL_isctype
 .text.libc.isprint
                0x0000000000002e28        0xa F:/SES_nRF/lib/libc_v7em_fpv4_sp_d16_hard_t_le_eabi.a(libc2.o)
                0x0000000000002e28                isprint
 .text.libc.strnlen
                0x0000000000002e32       0x22 F:/SES_nRF/lib/libc_v7em_fpv4_sp_d16_hard_t_le_eabi.a(libc2.o)
                0x0000000000002e32                strnlen
 .text.libc.vsnprintf
                0x0000000000002e54       0x1c F:/SES_nRF/lib/libc_v7em_fpv4_sp_d16_hard_t_le_eabi.a(libc2.o)
                0x0000000000002e54                vsnprintf
 .text.libc.memcpy
                0x0000000000002e70       0x52 F:/SES_nRF/lib/libc_v7em_fpv4_sp_d16_hard_t_le_eabi.a(libc2_asm.o)
                0x0000000000002e70                __aeabi_memcpy
                0x0000000000002e70                memcpy
                0x0000000000002e7c                __aeabi_memcpy8
                0x0000000000002e7c                __aeabi_memcpy4
 .text.libc.strcpy
                0x0000000000002ec2       0x44 F:/SES_nRF/lib/libc_v7em_fpv4_sp_d16_hard_t_le_eabi.a(libc2_asm.o)
                0x0000000000002ec2                strcpy
 .text.libc.strlen
                0x0000000000002f06       0x60 F:/SES_nRF/lib/libc_v7em_fpv4_sp_d16_hard_t_le_eabi.a(libc2_asm.o)
                0x0000000000002f06                strlen
 *fill*         0x0000000000002f66        0x2 
 .text.libc.__vfprintf_long
                0x0000000000002f68      0x634 F:/SES_nRF/lib/libvfprintf_v7em_fpv4_sp_d16_hard_t_le_eabi.o
                0x0000000000002f68                __vfprintf_long
                0x000000000000359c                __text_end__ = (__text_start__ + SIZEOF (.text))
                0x00000000000031cc                __text_size__ = SIZEOF (.text)
                0x000000000000359c                __text_load_end__ = __text_end__

.vfp11_veneer   0x0000000100000000        0x0
 .vfp11_veneer  0x0000000100000000        0x0 linker stubs

.v4_bx          0x0000000100000000        0x0
 .v4_bx         0x0000000100000000        0x0 linker stubs

.iplt           0x0000000100000000        0x0
 .iplt          0x0000000100000000        0x0 Output/twi_mpu6050_pca10056 Release/Obj/thumb_crt0.o
                0x0000000000000001                . = ASSERT (((__text_start__ == __text_end__) || ((__text_end__ - __FLASH_segment_start__) <= __FLASH_segment_size__)), error: .text is too large to fit in FLASH memory segment)
                0x000000000000359c                __log_const_data_load_start__ = ALIGN (__text_end__, 0x4)

.log_const_data
                0x000000000000359c       0x28
                0x000000000000359c                __log_const_data_start__ = .
                0x000000000000359c                __start_log_const_data = __log_const_data_start__
 *(SORT_BY_NAME(.log_const_data*))
 .log_const_data_PRS
                0x000000000000359c        0x8 Output/twi_mpu6050_pca10056 Release/Obj/nrfx_prs.o
                0x000000000000359c                m_nrf_log_PRS_logs_data_const
 .log_const_data_TWIM
                0x00000000000035a4        0x8 Output/twi_mpu6050_pca10056 Release/Obj/nrfx_twim.o
                0x00000000000035a4                m_nrf_log_TWIM_logs_data_const
 .log_const_data_UART
                0x00000000000035ac        0x8 Output/twi_mpu6050_pca10056 Release/Obj/nrfx_uart.o
                0x00000000000035ac                m_nrf_log_UART_logs_data_const
 .log_const_data_UARTE
                0x00000000000035b4        0x8 Output/twi_mpu6050_pca10056 Release/Obj/nrfx_uarte.o
                0x00000000000035b4                m_nrf_log_UARTE_logs_data_const
 .log_const_data_app
                0x00000000000035bc        0x8 Output/twi_mpu6050_pca10056 Release/Obj/nrf_log_frontend.o
                0x00000000000035bc                m_nrf_log_app_logs_data_const
                0x00000000000035c4                __log_const_data_end__ = (__log_const_data_start__ + SIZEOF (.log_const_data))
                0x0000000000000028                __log_const_data_size__ = SIZEOF (.log_const_data)
                0x00000000000035c4                __stop_log_const_data = __log_const_data_end__
                0x00000000000035c4                __log_const_data_load_end__ = __log_const_data_end__
                0x0000000000000001                . = ASSERT (((__log_const_data_start__ == __log_const_data_end__) || ((__log_const_data_end__ - __FLASH_segment_start__) <= __FLASH_segment_size__)), error: .log_const_data is too large to fit in FLASH memory segment)
                0x00000000000035c4                __log_backends_load_start__ = ALIGN (__log_const_data_end__, 0x4)

.log_backends   0x00000000000035c4       0x10
                0x00000000000035c4                __log_backends_start__ = .
                0x00000000000035c4                __start_log_backends = __log_backends_start__
 *(SORT_BY_NAME(.log_backends*))
 .log_backends  0x00000000000035c4       0x10 Output/twi_mpu6050_pca10056 Release/Obj/nrf_log_default_backends.o
                0x00000000000035d4                __log_backends_end__ = (__log_backends_start__ + SIZEOF (.log_backends))
                0x0000000000000010                __log_backends_size__ = SIZEOF (.log_backends)
                0x00000000000035d4                __stop_log_backends = __log_backends_end__
                0x00000000000035d4                __log_backends_load_end__ = __log_backends_end__
                0x0000000000000001                . = ASSERT (((__log_backends_start__ == __log_backends_end__) || ((__log_backends_end__ - __FLASH_segment_start__) <= __FLASH_segment_size__)), error: .log_backends is too large to fit in FLASH memory segment)
                0x00000000000035d4                __nrf_balloc_load_start__ = ALIGN (__log_backends_end__, 0x4)

.nrf_balloc     0x00000000000035d4       0x14
                0x00000000000035d4                __nrf_balloc_start__ = .
                0x00000000000035d4                __start_nrf_balloc = __nrf_balloc_start__
 *(.nrf_balloc*)
 .nrf_balloc    0x00000000000035d4       0x14 Output/twi_mpu6050_pca10056 Release/Obj/nrf_log_frontend.o
                0x00000000000035d4                log_mempool
                0x00000000000035e8                __nrf_balloc_end__ = (__nrf_balloc_start__ + SIZEOF (.nrf_balloc))
                0x0000000000000014                __nrf_balloc_size__ = SIZEOF (.nrf_balloc)
                0x00000000000035e8                __stop_nrf_balloc = __nrf_balloc_end__
                0x00000000000035e8                __nrf_balloc_load_end__ = __nrf_balloc_end__
                0x0000000000000001                . = ASSERT (((__nrf_balloc_start__ == __nrf_balloc_end__) || ((__nrf_balloc_end__ - __FLASH_segment_start__) <= __FLASH_segment_size__)), error: .nrf_balloc is too large to fit in FLASH memory segment)
                0x00000000000035e8                __nrf_sections_load_start__ = ALIGN (__nrf_balloc_end__, 0x4)

.nrf_sections   0x00000000000035e8        0x0
                0x00000000000035e8                __nrf_sections_start__ = .
                0x00000000000035e8                __start_nrf_sections = __nrf_sections_start__
 *(.nrf_sections .nrf_sections.*)
                0x00000000000035e8                __nrf_sections_end__ = (__nrf_sections_start__ + SIZEOF (.nrf_sections))
                0x0000000000000000                __nrf_sections_size__ = SIZEOF (.nrf_sections)
                0x00000000000035e8                __nrf_sections_load_end__ = __nrf_sections_end__
                0x0000000000000001                . = ASSERT (((__nrf_sections_start__ == __nrf_sections_end__) || ((__nrf_sections_end__ - __FLASH_segment_start__) <= __FLASH_segment_size__)), error: .nrf_sections is too large to fit in FLASH memory segment)
                0x00000000000035e8                __log_dynamic_data_load_start__ = ALIGN (__nrf_sections_end__, 0x4)

.log_dynamic_data
                0x0000000020000000        0x0 load address 0x00000000000035e8
                0x0000000020000000                __log_dynamic_data_start__ = .
 *(SORT_BY_NAME(.log_dynamic_data*))
                0x0000000020000000                __log_dynamic_data_end__ = (__log_dynamic_data_start__ + SIZEOF (.log_dynamic_data))
                0x0000000000000000                __log_dynamic_data_size__ = SIZEOF (.log_dynamic_data)
                0x00000000000035e8                __log_dynamic_data_load_end__ = (__log_dynamic_data_load_start__ + SIZEOF (.log_dynamic_data))
                0x0000000000000001                . = ASSERT (((__log_dynamic_data_load_start__ == __log_dynamic_data_load_end__) || ((__log_dynamic_data_load_end__ - __FLASH_segment_start__) <= __FLASH_segment_size__)), error: .log_dynamic_data is too large to fit in FLASH memory segment)

.log_dynamic_data_run
                0x0000000020000000        0x0
                0x0000000020000000                __log_dynamic_data_run_start__ = .
                0x0000000020000000                __start_log_dynamic_data = __log_dynamic_data_run_start__
                0x0000000020000000                . = MAX ((__log_dynamic_data_run_start__ + SIZEOF (.log_dynamic_data)), .)
                0x0000000020000000                __log_dynamic_data_run_end__ = (__log_dynamic_data_run_start__ + SIZEOF (.log_dynamic_data_run))
                0x0000000000000000                __log_dynamic_data_run_size__ = SIZEOF (.log_dynamic_data_run)
                0x0000000020000000                __stop_log_dynamic_data = __log_dynamic_data_run_end__
                0x0000000020000000                __log_dynamic_data_run_load_end__ = __log_dynamic_data_run_end__
                0x0000000000000001                . = ASSERT (((__log_dynamic_data_run_start__ == __log_dynamic_data_run_end__) || ((__log_dynamic_data_run_end__ - __RAM1_segment_start__) <= __RAM1_segment_size__)), error: .log_dynamic_data_run is too large to fit in RAM1 memory segment)
                0x00000000000035e8                __log_filter_data_load_start__ = ALIGN ((__log_dynamic_data_load_start__ + SIZEOF (.log_dynamic_data)), 0x4)

.log_filter_data
                0x0000000020000000        0x0 load address 0x00000000000035e8
                0x0000000020000000                __log_filter_data_start__ = .
 *(SORT_BY_NAME(.log_filter_data*))
                0x0000000020000000                __log_filter_data_end__ = (__log_filter_data_start__ + SIZEOF (.log_filter_data))
                0x0000000000000000                __log_filter_data_size__ = SIZEOF (.log_filter_data)
                0x00000000000035e8                __log_filter_data_load_end__ = (__log_filter_data_load_start__ + SIZEOF (.log_filter_data))
                0x0000000000000001                . = ASSERT (((__log_filter_data_load_start__ == __log_filter_data_load_end__) || ((__log_filter_data_load_end__ - __FLASH_segment_start__) <= __FLASH_segment_size__)), error: .log_filter_data is too large to fit in FLASH memory segment)

.log_filter_data_run
                0x0000000020000000        0x0
                0x0000000020000000                __log_filter_data_run_start__ = .
                0x0000000020000000                __start_log_filter_data = __log_filter_data_run_start__
                0x0000000020000000                . = MAX ((__log_filter_data_run_start__ + SIZEOF (.log_filter_data)), .)
                0x0000000020000000                __log_filter_data_run_end__ = (__log_filter_data_run_start__ + SIZEOF (.log_filter_data_run))
                0x0000000000000000                __log_filter_data_run_size__ = SIZEOF (.log_filter_data_run)
                0x0000000020000000                __stop_log_filter_data = __log_filter_data_run_end__
                0x0000000020000000                __log_filter_data_run_load_end__ = __log_filter_data_run_end__
                0x0000000000000001                . = ASSERT (((__log_filter_data_run_start__ == __log_filter_data_run_end__) || ((__log_filter_data_run_end__ - __RAM1_segment_start__) <= __RAM1_segment_size__)), error: .log_filter_data_run is too large to fit in RAM1 memory segment)
                0x0000000020000000                __nrf_sections_run_end_load_start__ = ALIGN (__log_filter_data_run_end__, 0x4)

.nrf_sections_run_end
                0x0000000020000000        0x0
                0x0000000020000000                __nrf_sections_run_end_start__ = .
                0x0000000020000000                __end_nrf_sections_run = __nrf_sections_run_end_start__
 *(.nrf_sections_run_end .nrf_sections_run_end.*)
                0x0000000020000000                __nrf_sections_run_end_end__ = (__nrf_sections_run_end_start__ + SIZEOF (.nrf_sections_run_end))
                0x0000000000000000                __nrf_sections_run_end_size__ = SIZEOF (.nrf_sections_run_end)
                0x0000000020000000                __nrf_sections_run_end_load_end__ = __nrf_sections_run_end_end__
                0x0000000000000001                . = ASSERT (((__nrf_sections_run_end_start__ == __nrf_sections_run_end_end__) || ((__nrf_sections_run_end_end__ - __RAM1_segment_start__) <= __RAM1_segment_size__)), error: .nrf_sections_run_end is too large to fit in RAM1 memory segment)
                0x00000000000035e8                __dtors_load_start__ = ALIGN ((__log_filter_data_load_start__ + SIZEOF (.log_filter_data)), 0x4)

.dtors          0x00000000000035e8        0x0
                0x00000000000035e8                __dtors_start__ = .
 *(SORT_BY_NAME(.dtors.*))
 *(.dtors)
 *(.fini_array)
 *(SORT_BY_NAME(.fini_array.*))
                0x00000000000035e8                __dtors_end__ = (__dtors_start__ + SIZEOF (.dtors))
                0x0000000000000000                __dtors_size__ = SIZEOF (.dtors)
                0x00000000000035e8                __dtors_load_end__ = __dtors_end__
                0x0000000000000001                . = ASSERT (((__dtors_start__ == __dtors_end__) || ((__dtors_end__ - __FLASH_segment_start__) <= __FLASH_segment_size__)), error: .dtors is too large to fit in FLASH memory segment)
                0x00000000000035e8                __ctors_load_start__ = ALIGN (__dtors_end__, 0x4)

.ctors          0x00000000000035e8        0x0
                0x00000000000035e8                __ctors_start__ = .
 *(SORT_BY_NAME(.ctors.*))
 *(.ctors)
 *(.init_array)
 *(SORT_BY_NAME(.init_array.*))
                0x00000000000035e8                __ctors_end__ = (__ctors_start__ + SIZEOF (.ctors))
                0x0000000000000000                __ctors_size__ = SIZEOF (.ctors)
                0x00000000000035e8                __ctors_load_end__ = __ctors_end__
                0x0000000000000001                . = ASSERT (((__ctors_start__ == __ctors_end__) || ((__ctors_end__ - __FLASH_segment_start__) <= __FLASH_segment_size__)), error: .ctors is too large to fit in FLASH memory segment)
                0x00000000000035e8                __rodata_load_start__ = ALIGN (__ctors_end__, 0x4)

.rodata         0x00000000000035e8      0x4ab
                0x00000000000035e8                __rodata_start__ = .
 *(.rodata .rodata.* .gnu.linkonce.r.*)
 .rodata        0x00000000000035e8       0x20 Output/twi_mpu6050_pca10056 Release/Obj/nrf_log_backend_uart.o
 .rodata.nrf_log_backend_uart_api
                0x0000000000003608        0xc Output/twi_mpu6050_pca10056 Release/Obj/nrf_log_backend_uart.o
                0x0000000000003608                nrf_log_backend_uart_api
 .rodata.str1.1
                0x0000000000003614       0x11 Output/twi_mpu6050_pca10056 Release/Obj/nrf_log_default_backends.o
 .rodata.nrf_log_frontend_dequeue.str1.1
                0x0000000000003625       0x11 Output/twi_mpu6050_pca10056 Release/Obj/nrf_log_frontend.o
 .rodata.str1.1
                0x0000000000003636        0x4 Output/twi_mpu6050_pca10056 Release/Obj/nrf_log_frontend.o
 *fill*         0x000000000000363a        0x2 
 .rodata.m_log_push_ringbuf
                0x000000000000363c        0xc Output/twi_mpu6050_pca10056 Release/Obj/nrf_log_frontend.o
 .rodata.postfix_process.str1.1
                0x0000000000003648        0x8 Output/twi_mpu6050_pca10056 Release/Obj/nrf_log_str_formatter.o
                                          0xb (size before relaxing)
 .rodata.prefix_process.str1.1
                0x0000000000003650       0x2a Output/twi_mpu6050_pca10056 Release/Obj/nrf_log_str_formatter.o
 .rodata.nrf_log_hexdump_entry_process.str1.1
                0x000000000000367a        0xf Output/twi_mpu6050_pca10056 Release/Obj/nrf_log_str_formatter.o
                                         0x11 (size before relaxing)
 .rodata.str1.1
                0x0000000000003689       0x4b Output/twi_mpu6050_pca10056 Release/Obj/nrf_log_str_formatter.o
                                         0x51 (size before relaxing)
 .rodata.m_colors
                0x00000000000036d4       0x24 Output/twi_mpu6050_pca10056 Release/Obj/nrf_log_str_formatter.o
 .rodata.severity_names
                0x00000000000036f8       0x14 Output/twi_mpu6050_pca10056 Release/Obj/nrf_log_str_formatter.o
 .rodata.m_board_led_list
                0x000000000000370c        0x4 Output/twi_mpu6050_pca10056 Release/Obj/boards.o
 .rodata.app_error_fault_handler.str1.1
                0x0000000000003710       0x19 Output/twi_mpu6050_pca10056 Release/Obj/app_error_weak.o
 .rodata._aV2C.7885
                0x0000000000003729       0x10 Output/twi_mpu6050_pca10056 Release/Obj/nrf_fprintf_format.o
 *fill*         0x0000000000003739        0x7 
 .rodata.delay_machine_code.7957
                0x0000000000003740        0x6 Output/twi_mpu6050_pca10056 Release/Obj/nrf_drv_twi.o
 .rodata.str1.1
                0x0000000000003746        0x4 Output/twi_mpu6050_pca10056 Release/Obj/nrfx_prs.o
 .rodata.str1.1
                0x000000000000374a        0x5 Output/twi_mpu6050_pca10056 Release/Obj/nrfx_twim.o
 .rodata.str1.1
                0x000000000000374f        0x5 Output/twi_mpu6050_pca10056 Release/Obj/nrfx_uart.o
 .rodata.str1.1
                0x0000000000003754        0x6 Output/twi_mpu6050_pca10056 Release/Obj/nrfx_uarte.o
 .rodata.main.str1.1
                0x000000000000375a       0xaa Output/twi_mpu6050_pca10056 Release/Obj/main.o
 .rodata._DoInit.str1.1
                0x0000000000003804       0x14 Output/twi_mpu6050_pca10056 Release/Obj/SEGGER_RTT.o
 .rodata.CSWTCH.6
                0x0000000000003818        0x4 Output/twi_mpu6050_pca10056 Release/Obj/system_nrf52840.o
 .rodata.m_twi  0x000000000000381c       0x10 Output/twi_mpu6050_pca10056 Release/Obj/mpu6050s.o
 .rodata.libc.__RAL_find_locale.str1.4
                0x000000000000382c        0xa F:/SES_nRF/lib/libc_v7em_fpv4_sp_d16_hard_t_le_eabi.a(libc2.o)
 *fill*         0x0000000000003836        0x2 
 .rodata.libc.__RAL_ascii_ctype_map
                0x0000000000003838       0x80 F:/SES_nRF/lib/libc_v7em_fpv4_sp_d16_hard_t_le_eabi.a(libc2.o)
                0x0000000000003838                __RAL_ascii_ctype_map
 .rodata.libc.__RAL_ascii_ctype_mask
                0x00000000000038b8        0xd F:/SES_nRF/lib/libc_v7em_fpv4_sp_d16_hard_t_le_eabi.a(libc2.o)
 *fill*         0x00000000000038c5        0x3 
 .rodata.libc.__RAL_c_locale
                0x00000000000038c8        0xc F:/SES_nRF/lib/libc_v7em_fpv4_sp_d16_hard_t_le_eabi.a(libc2.o)
                0x00000000000038c8                __RAL_c_locale
 .rodata.libc.__RAL_c_locale_abbrev_day_names
                0x00000000000038d4       0x1d F:/SES_nRF/lib/libc_v7em_fpv4_sp_d16_hard_t_le_eabi.a(libc2.o)
                0x00000000000038d4                __RAL_c_locale_abbrev_day_names
 *fill*         0x00000000000038f1        0x3 
 .rodata.libc.__RAL_c_locale_abbrev_month_names
                0x00000000000038f4       0x31 F:/SES_nRF/lib/libc_v7em_fpv4_sp_d16_hard_t_le_eabi.a(libc2.o)
                0x00000000000038f4                __RAL_c_locale_abbrev_month_names
 *fill*         0x0000000000003925        0x3 
 .rodata.libc.__RAL_c_locale_am_pm_indicator
                0x0000000000003928        0x7 F:/SES_nRF/lib/libc_v7em_fpv4_sp_d16_hard_t_le_eabi.a(libc2.o)
                0x0000000000003928                __RAL_c_locale_am_pm_indicator
 *fill*         0x000000000000392f        0x1 
 .rodata.libc.__RAL_c_locale_data
                0x0000000000003930       0x58 F:/SES_nRF/lib/libc_v7em_fpv4_sp_d16_hard_t_le_eabi.a(libc2.o)
                0x0000000000003930                __RAL_c_locale_data
 .rodata.libc.__RAL_c_locale_date_format
                0x0000000000003988        0x9 F:/SES_nRF/lib/libc_v7em_fpv4_sp_d16_hard_t_le_eabi.a(libc2.o)
                0x0000000000003988                __RAL_c_locale_date_format
 *fill*         0x0000000000003991        0x3 
 .rodata.libc.__RAL_c_locale_date_time_format
                0x0000000000003994        0xf F:/SES_nRF/lib/libc_v7em_fpv4_sp_d16_hard_t_le_eabi.a(libc2.o)
                0x0000000000003994                __RAL_c_locale_date_time_format
 *fill*         0x00000000000039a3        0x1 
 .rodata.libc.__RAL_c_locale_day_names
                0x00000000000039a4       0x3a F:/SES_nRF/lib/libc_v7em_fpv4_sp_d16_hard_t_le_eabi.a(libc2.o)
                0x00000000000039a4                __RAL_c_locale_day_names
 *fill*         0x00000000000039de        0x2 
 .rodata.libc.__RAL_c_locale_month_names
                0x00000000000039e0       0x57 F:/SES_nRF/lib/libc_v7em_fpv4_sp_d16_hard_t_le_eabi.a(libc2.o)
                0x00000000000039e0                __RAL_c_locale_month_names
 *fill*         0x0000000000003a37        0x1 
 .rodata.libc.__RAL_c_locale_time_format
                0x0000000000003a38        0x9 F:/SES_nRF/lib/libc_v7em_fpv4_sp_d16_hard_t_le_eabi.a(libc2.o)
                0x0000000000003a38                __RAL_c_locale_time_format
 *fill*         0x0000000000003a41        0x3 
 .rodata.libc.__RAL_codeset_ascii
                0x0000000000003a44       0x20 F:/SES_nRF/lib/libc_v7em_fpv4_sp_d16_hard_t_le_eabi.a(libc2.o)
                0x0000000000003a44                __RAL_codeset_ascii
 .rodata.libc.__RAL_data_empty_string
                0x0000000000003a64        0x1 F:/SES_nRF/lib/libc_v7em_fpv4_sp_d16_hard_t_le_eabi.a(libc2.o)
                0x0000000000003a64                __RAL_data_empty_string
 *fill*         0x0000000000003a65        0x3 
 .rodata.libc.__RAL_data_utf8_period
                0x0000000000003a68        0x2 F:/SES_nRF/lib/libc_v7em_fpv4_sp_d16_hard_t_le_eabi.a(libc2.o)
                0x0000000000003a68                __RAL_data_utf8_period
 *fill*         0x0000000000003a6a        0x2 
 .rodata.libc.__RAL_hex_lc
                0x0000000000003a6c       0x10 F:/SES_nRF/lib/libc_v7em_fpv4_sp_d16_hard_t_le_eabi.a(libc2.o)
                0x0000000000003a6c                __RAL_hex_lc
 .rodata.libc.__RAL_hex_uc
                0x0000000000003a7c       0x10 F:/SES_nRF/lib/libc_v7em_fpv4_sp_d16_hard_t_le_eabi.a(libc2.o)
                0x0000000000003a7c                __RAL_hex_uc
 .rodata.libc.__vfprintf_int.str1.4
                0x0000000000003a8c        0x7 F:/SES_nRF/lib/libvfprintf_v7em_fpv4_sp_d16_hard_t_le_eabi.o
                0x0000000000003a93                __rodata_end__ = (__rodata_start__ + SIZEOF (.rodata))
                0x00000000000004ab                __rodata_size__ = SIZEOF (.rodata)
                0x0000000000003a93                __rodata_load_end__ = __rodata_end__

.rel.dyn        0x0000000000003a94        0x0
 .rel.iplt      0x0000000000003a94        0x0 Output/twi_mpu6050_pca10056 Release/Obj/thumb_crt0.o
                0x0000000000000001                . = ASSERT (((__rodata_start__ == __rodata_end__) || ((__rodata_end__ - __FLASH_segment_start__) <= __FLASH_segment_size__)), error: .rodata is too large to fit in FLASH memory segment)
                0x0000000000003a94                __ARM.exidx_load_start__ = ALIGN (__rodata_end__, 0x4)

.ARM.exidx      0x0000000000003a94        0x0
                0x0000000000003a94                __ARM.exidx_start__ = .
                0x0000000000003a94                __exidx_start = __ARM.exidx_start__
 *(.ARM.exidx .ARM.exidx.*)
                0x0000000000003a94                __ARM.exidx_end__ = (__ARM.exidx_start__ + SIZEOF (.ARM.exidx))
                0x0000000000000000                __ARM.exidx_size__ = SIZEOF (.ARM.exidx)
                0x0000000000003a94                __exidx_end = __ARM.exidx_end__
                0x0000000000003a94                __ARM.exidx_load_end__ = __ARM.exidx_end__
                0x0000000000000001                . = ASSERT (((__ARM.exidx_start__ == __ARM.exidx_end__) || ((__ARM.exidx_end__ - __FLASH_segment_start__) <= __FLASH_segment_size__)), error: .ARM.exidx is too large to fit in FLASH memory segment)
                0x0000000000003a94                __fast_load_start__ = ALIGN (__ARM.exidx_end__, 0x4)

.fast           0x0000000020000000        0x0 load address 0x0000000000003a94
                0x0000000020000000                __fast_start__ = .
 *(.fast .fast.*)
                0x0000000020000000                __fast_end__ = (__fast_start__ + SIZEOF (.fast))
                0x0000000000000000                __fast_size__ = SIZEOF (.fast)
                0x0000000000003a94                __fast_load_end__ = (__fast_load_start__ + SIZEOF (.fast))
                0x0000000000000001                . = ASSERT (((__fast_load_start__ == __fast_load_end__) || ((__fast_load_end__ - __FLASH_segment_start__) <= __FLASH_segment_size__)), error: .fast is too large to fit in FLASH memory segment)

.fast_run       0x0000000020000000        0x0
                0x0000000020000000                __fast_run_start__ = .
                0x0000000020000000                . = MAX ((__fast_run_start__ + SIZEOF (.fast)), .)
                0x0000000020000000                __fast_run_end__ = (__fast_run_start__ + SIZEOF (.fast_run))
                0x0000000000000000                __fast_run_size__ = SIZEOF (.fast_run)
                0x0000000020000000                __fast_run_load_end__ = __fast_run_end__
                0x0000000000000001                . = ASSERT (((__fast_run_start__ == __fast_run_end__) || ((__fast_run_end__ - __RAM1_segment_start__) <= __RAM1_segment_size__)), error: .fast_run is too large to fit in RAM1 memory segment)
                0x0000000000003a94                __data_load_start__ = ALIGN ((__fast_load_start__ + SIZEOF (.fast)), 0x4)

.data           0x0000000020000000       0x34 load address 0x0000000000003a94
                0x0000000020000000                __data_start__ = .
 *(.data .data.* .gnu.linkonce.d.*)
 .data.m_uart   0x0000000020000000       0x14 Output/twi_mpu6050_pca10056 Release/Obj/nrf_log_backend_uart.o
                0x0000000020000000                m_uart
 .data.log_backend_cb_uart_log_backend
                0x0000000020000014        0x8 Output/twi_mpu6050_pca10056 Release/Obj/nrf_log_default_backends.o
 .data.SystemCoreClock
                0x000000002000001c        0x4 Output/twi_mpu6050_pca10056 Release/Obj/system_nrf52840.o
                0x000000002000001c                SystemCoreClock
 .data.libc.__RAL_global_locale
                0x0000000020000020       0x14 F:/SES_nRF/lib/libc_v7em_fpv4_sp_d16_hard_t_le_eabi.a(libc2.o)
                0x0000000020000020                __RAL_global_locale
                0x0000000020000034                __data_end__ = (__data_start__ + SIZEOF (.data))
                0x0000000000000034                __data_size__ = SIZEOF (.data)
                0x0000000000003ac8                __data_load_end__ = (__data_load_start__ + SIZEOF (.data))

.igot.plt       0x0000000100000000        0x0
 .igot.plt      0x0000000100000000        0x0 Output/twi_mpu6050_pca10056 Release/Obj/thumb_crt0.o
                0x0000000000000001                . = ASSERT (((__data_load_start__ == __data_load_end__) || ((__data_load_end__ - __FLASH_segment_start__) <= __FLASH_segment_size__)), error: .data is too large to fit in FLASH memory segment)

.data_run       0x0000000020000000       0x34 load address 0x0000000000003a94
                0x0000000020000000                __data_run_start__ = .
                0x0000000020000034                . = MAX ((__data_run_start__ + SIZEOF (.data)), .)
 *fill*         0x0000000020000000       0x34 
                0x0000000020000034                __data_run_end__ = (__data_run_start__ + SIZEOF (.data_run))
                0x0000000000000034                __data_run_size__ = SIZEOF (.data_run)
                0x0000000020000034                __data_run_load_end__ = __data_run_end__
                0x0000000000000001                . = ASSERT (((__data_run_start__ == __data_run_end__) || ((__data_run_end__ - __RAM1_segment_start__) <= __RAM1_segment_size__)), error: .data_run is too large to fit in RAM1 memory segment)
                0x0000000000003ac8                __tdata_load_start__ = ALIGN ((__data_load_start__ + SIZEOF (.data)), 0x4)

.tdata          0x0000000020000034        0x0 load address 0x0000000000003ac8
                0x0000000020000034                __tdata_start__ = .
 *(.tdata .tdata.*)
                0x0000000020000034                __tdata_end__ = (__tdata_start__ + SIZEOF (.tdata))
                0x0000000000000000                __tdata_size__ = SIZEOF (.tdata)
                0x0000000000003ac8                __tdata_load_end__ = (__tdata_load_start__ + SIZEOF (.tdata))
                0x0000000000003ac8                __FLASH_segment_used_end__ = (ALIGN ((__data_load_start__ + SIZEOF (.data)), 0x4) + SIZEOF (.tdata))
                0x0000000000003ac8                __FLASH_segment_used_size__ = (__FLASH_segment_used_end__ - __FLASH_segment_start__)
                0x0000000000000001                . = ASSERT (((__tdata_load_start__ == __tdata_load_end__) || ((__tdata_load_end__ - __FLASH_segment_start__) <= __FLASH_segment_size__)), error: .tdata is too large to fit in FLASH memory segment)

.tdata_run      0x0000000020000034        0x0
                0x0000000020000034                __tdata_run_start__ = .
                0x0000000020000034                . = MAX ((__tdata_run_start__ + SIZEOF (.tdata)), .)
                0x0000000020000034                __tdata_run_end__ = (__tdata_run_start__ + SIZEOF (.tdata_run))
                0x0000000000000000                __tdata_run_size__ = SIZEOF (.tdata_run)
                0x0000000020000034                __tdata_run_load_end__ = __tdata_run_end__
                0x0000000000000001                . = ASSERT (((__tdata_run_start__ == __tdata_run_end__) || ((__tdata_run_end__ - __RAM1_segment_start__) <= __RAM1_segment_size__)), error: .tdata_run is too large to fit in RAM1 memory segment)
                0x0000000020000034                __bss_load_start__ = ALIGN (__tdata_run_end__, 0x4)

.bss            0x0000000020000034      0x91c
                0x0000000020000034                __bss_start__ = .
 *(.bss .bss.* .gnu.linkonce.b.*)
 .bss.m_async_mode
                0x0000000020000034        0x1 Output/twi_mpu6050_pca10056 Release/Obj/nrf_log_backend_uart.o
 .bss.m_string_buff
                0x0000000020000035       0x40 Output/twi_mpu6050_pca10056 Release/Obj/nrf_log_backend_uart.o
 .bss.m_xfer_done
                0x0000000020000075        0x1 Output/twi_mpu6050_pca10056 Release/Obj/nrf_log_backend_uart.o
 *fill*         0x0000000020000076        0x2 
 .bss.log_mempool_nrf_balloc_cb
                0x0000000020000078        0x8 Output/twi_mpu6050_pca10056 Release/Obj/nrf_log_frontend.o
 .bss.log_mempool_nrf_balloc_pool_mem
                0x0000000020000080       0xc0 Output/twi_mpu6050_pca10056 Release/Obj/nrf_log_frontend.o
 .bss.log_mempool_nrf_balloc_pool_stack
                0x0000000020000140        0x8 Output/twi_mpu6050_pca10056 Release/Obj/nrf_log_frontend.o
 .bss.m_log_data
                0x0000000020000148      0x420 Output/twi_mpu6050_pca10056 Release/Obj/nrf_log_frontend.o
 .bss.m_log_push_ringbuf_buf
                0x0000000020000568       0x80 Output/twi_mpu6050_pca10056 Release/Obj/nrf_log_frontend.o
 .bss.m_log_push_ringbuf_cb
                0x00000000200005e8       0x18 Output/twi_mpu6050_pca10056 Release/Obj/nrf_log_frontend.o
 .bss.m_in_critical_region
                0x0000000020000600        0x4 Output/twi_mpu6050_pca10056 Release/Obj/app_util_platform.o
 .bss.m_contexts
                0x0000000020000604        0x8 Output/twi_mpu6050_pca10056 Release/Obj/nrf_drv_twi.o
 .bss.m_handlers
                0x000000002000060c        0x8 Output/twi_mpu6050_pca10056 Release/Obj/nrf_drv_twi.o
 .bss.m_contexts
                0x0000000020000614        0x8 Output/twi_mpu6050_pca10056 Release/Obj/nrf_drv_uart.o
 .bss.m_handlers
                0x000000002000061c        0x8 Output/twi_mpu6050_pca10056 Release/Obj/nrf_drv_uart.o
 .bss.nrf_drv_uart_use_easy_dma
                0x0000000020000624        0x2 Output/twi_mpu6050_pca10056 Release/Obj/nrf_drv_uart.o
                0x0000000020000624                nrf_drv_uart_use_easy_dma
 *fill*         0x0000000020000626        0x2 
 .bss.m_prs_box_4
                0x0000000020000628        0x8 Output/twi_mpu6050_pca10056 Release/Obj/nrfx_prs.o
 .bss.m_cb      0x0000000020000630       0x34 Output/twi_mpu6050_pca10056 Release/Obj/nrfx_twim.o
 .bss.m_cb      0x0000000020000664       0x2c Output/twi_mpu6050_pca10056 Release/Obj/nrfx_uart.o
 .bss.m_cb      0x0000000020000690       0x24 Output/twi_mpu6050_pca10056 Release/Obj/nrfx_uarte.o
 .bss.AccValue.9649
                0x00000000200006b4        0x6 Output/twi_mpu6050_pca10056 Release/Obj/main.o
 *fill*         0x00000000200006ba        0x2 
 .bss.i         0x00000000200006bc        0x4 Output/twi_mpu6050_pca10056 Release/Obj/main.o
                0x00000000200006bc                i
 .bss._SEGGER_RTT
                0x00000000200006c0       0x78 Output/twi_mpu6050_pca10056 Release/Obj/SEGGER_RTT.o
                0x00000000200006c0                _SEGGER_RTT
 .bss._acDownBuffer
                0x0000000020000738       0x10 Output/twi_mpu6050_pca10056 Release/Obj/SEGGER_RTT.o
 .bss._acUpBuffer
                0x0000000020000748      0x200 Output/twi_mpu6050_pca10056 Release/Obj/SEGGER_RTT.o
 .bss.m_xfer_done
                0x0000000020000948        0x1 Output/twi_mpu6050_pca10056 Release/Obj/mpu6050s.o
 *fill*         0x0000000020000949        0x3 
 .bss.libc.__user_format_extender
                0x000000002000094c        0x4 F:/SES_nRF/lib/libc_v7em_fpv4_sp_d16_hard_t_le_eabi.a(libc2.o)
                0x000000002000094c                __user_format_extender
 *(COMMON)
                0x0000000020000950                __bss_end__ = (__bss_start__ + SIZEOF (.bss))
                0x000000000000091c                __bss_size__ = SIZEOF (.bss)
                0x0000000020000950                __bss_load_end__ = __bss_end__
                0x0000000000000001                . = ASSERT (((__bss_start__ == __bss_end__) || ((__bss_end__ - __RAM1_segment_start__) <= __RAM1_segment_size__)), error: .bss is too large to fit in RAM1 memory segment)
                0x0000000020000950                __tbss_load_start__ = ALIGN (__bss_end__, 0x4)

.tbss           0x0000000020000950        0x0
                0x0000000020000950                __tbss_start__ = .
 *(.tbss .tbss.*)
                0x0000000020000950                __tbss_end__ = (__tbss_start__ + SIZEOF (.tbss))
                0x0000000000000000                __tbss_size__ = SIZEOF (.tbss)
                0x0000000020000950                __tbss_load_end__ = __tbss_end__
                0x0000000000000001                . = ASSERT (((__tbss_start__ == __tbss_end__) || ((__tbss_end__ - __RAM1_segment_start__) <= __RAM1_segment_size__)), error: .tbss is too large to fit in RAM1 memory segment)
                0x0000000020000950                __non_init_load_start__ = ALIGN (__tbss_end__, 0x4)

.non_init       0x0000000020000950        0x0
                0x0000000020000950                __non_init_start__ = .
 *(.non_init .non_init.*)
                0x0000000020000950                __non_init_end__ = (__non_init_start__ + SIZEOF (.non_init))
                0x0000000000000000                __non_init_size__ = SIZEOF (.non_init)
                0x0000000020000950                __non_init_load_end__ = __non_init_end__
                0x0000000000000001                . = ASSERT (((__non_init_start__ == __non_init_end__) || ((__non_init_end__ - __RAM1_segment_start__) <= __RAM1_segment_size__)), error: .non_init is too large to fit in RAM1 memory segment)
                0x0000000020000950                __heap_load_start__ = ALIGN (__non_init_end__, 0x4)

.heap           0x0000000020000950     0x2000
                0x0000000020000950                __heap_start__ = .
 *(.heap .heap.*)
                0x0000000020002950                . = ALIGN (MAX ((__heap_start__ + __HEAPSIZE__), .), 0x4)
 *fill*         0x0000000020000950     0x2000 
                0x0000000020002950                __heap_end__ = (__heap_start__ + SIZEOF (.heap))
                0x0000000000002000                __heap_size__ = SIZEOF (.heap)
                0x0000000020002950                __heap_load_end__ = __heap_end__
                0x0000000000000001                . = ASSERT (((__heap_start__ == __heap_end__) || ((__heap_end__ - __RAM1_segment_start__) <= __RAM1_segment_size__)), error: .heap is too large to fit in RAM1 memory segment)
                0x000000002003e000                __stack_load_start__ = (__RAM1_segment_start__ + (__RAM1_segment_size__ - 0x2000))

.stack          0x000000002003e000     0x2000
                0x000000002003e000                __stack_start__ = .
                0x000000002003e000                __StackLimit = __stack_start__
 *(.stack .stack.*)
                0x0000000020040000                . = ALIGN (MAX ((__stack_start__ + __STACKSIZE__), .), 0x8)
 *fill*         0x000000002003e000     0x2000 
                0x0000000020040000                __stack_end__ = (__stack_start__ + SIZEOF (.stack))
                0x0000000000002000                __stack_size__ = SIZEOF (.stack)
                0x0000000020040000                __StackTop = __stack_end__
                0x0000000020040000                __stack_load_end__ = __stack_end__
                0x0000000000000001                . = ASSERT (((__stack_start__ == __stack_end__) || ((__stack_end__ - __RAM1_segment_start__) <= __RAM1_segment_size__)), error: .stack is too large to fit in RAM1 memory segment)
                0x0000000000000001                . = ASSERT ((__heap_end__ <= __stack_start__), error: section .heap overlaps absolute placed section .stack)
                0x0000000020040000                __stack_process_load_start__ = ALIGN (__stack_end__, 0x8)

.stack_process  0x0000000020040000        0x0
                0x0000000020040000                __stack_process_start__ = .
 *(.stack_process .stack_process.*)
                0x0000000020040000                . = ALIGN (MAX ((__stack_process_start__ + __STACKSIZE_PROCESS__), .), 0x8)
                0x0000000020040000                __stack_process_end__ = (__stack_process_start__ + SIZEOF (.stack_process))
                0x0000000000000000                __stack_process_size__ = SIZEOF (.stack_process)
                0x0000000020040000                __stack_process_load_end__ = __stack_process_end__
                0x0000000020040000                __RAM1_segment_used_end__ = (ALIGN (__stack_end__, 0x8) + SIZEOF (.stack_process))
                0x0000000000040000                __RAM1_segment_used_size__ = (__RAM1_segment_used_end__ - __RAM1_segment_start__)
                0x0000000000000001                . = ASSERT (((__stack_process_start__ == __stack_process_end__) || ((__stack_process_end__ - __RAM1_segment_start__) <= __RAM1_segment_size__)), error: .stack_process is too large to fit in RAM1 memory segment)
START GROUP
LOAD Output/twi_mpu6050_pca10056 Release/Obj/thumb_crt0.o
LOAD Output/twi_mpu6050_pca10056 Release/Obj/nrf_log_backend_rtt.o
LOAD Output/twi_mpu6050_pca10056 Release/Obj/nrf_log_backend_serial.o
LOAD Output/twi_mpu6050_pca10056 Release/Obj/nrf_log_backend_uart.o
LOAD Output/twi_mpu6050_pca10056 Release/Obj/nrf_log_default_backends.o
LOAD Output/twi_mpu6050_pca10056 Release/Obj/nrf_log_frontend.o
LOAD Output/twi_mpu6050_pca10056 Release/Obj/nrf_log_str_formatter.o
LOAD Output/twi_mpu6050_pca10056 Release/Obj/boards.o
LOAD Output/twi_mpu6050_pca10056 Release/Obj/app_error.o
LOAD Output/twi_mpu6050_pca10056 Release/Obj/app_error_handler_gcc.o
LOAD Output/twi_mpu6050_pca10056 Release/Obj/app_error_weak.o
LOAD Output/twi_mpu6050_pca10056 Release/Obj/app_util_platform.o
LOAD Output/twi_mpu6050_pca10056 Release/Obj/nrf_assert.o
LOAD Output/twi_mpu6050_pca10056 Release/Obj/nrf_atomic.o
LOAD Output/twi_mpu6050_pca10056 Release/Obj/nrf_balloc.o
LOAD Output/twi_mpu6050_pca10056 Release/Obj/nrf_fprintf.o
LOAD Output/twi_mpu6050_pca10056 Release/Obj/nrf_fprintf_format.o
LOAD Output/twi_mpu6050_pca10056 Release/Obj/nrf_memobj.o
LOAD Output/twi_mpu6050_pca10056 Release/Obj/nrf_ringbuf.o
LOAD Output/twi_mpu6050_pca10056 Release/Obj/nrf_strerror.o
LOAD Output/twi_mpu6050_pca10056 Release/Obj/nrf_drv_twi.o
LOAD Output/twi_mpu6050_pca10056 Release/Obj/nrf_drv_uart.o
LOAD Output/twi_mpu6050_pca10056 Release/Obj/nrfx_atomic.o
LOAD Output/twi_mpu6050_pca10056 Release/Obj/nrfx_prs.o
LOAD Output/twi_mpu6050_pca10056 Release/Obj/nrfx_twi.o
LOAD Output/twi_mpu6050_pca10056 Release/Obj/nrfx_twim.o
LOAD Output/twi_mpu6050_pca10056 Release/Obj/nrfx_uart.o
LOAD Output/twi_mpu6050_pca10056 Release/Obj/nrfx_uarte.o
LOAD Output/twi_mpu6050_pca10056 Release/Obj/main.o
LOAD Output/twi_mpu6050_pca10056 Release/Obj/SEGGER_RTT.o
LOAD Output/twi_mpu6050_pca10056 Release/Obj/SEGGER_RTT_Syscalls_SES.o
LOAD Output/twi_mpu6050_pca10056 Release/Obj/SEGGER_RTT_printf.o
LOAD Output/twi_mpu6050_pca10056 Release/Obj/ses_startup_nrf52840.o
LOAD Output/twi_mpu6050_pca10056 Release/Obj/ses_startup_nrf_common.o
LOAD Output/twi_mpu6050_pca10056 Release/Obj/system_nrf52840.o
LOAD Output/twi_mpu6050_pca10056 Release/Obj/mpu6050s.o
LOAD F:/SES_nRF/lib/libdebugio_mempoll_v7em_fpv4_sp_d16_hard_t_le_eabi.a
LOAD F:/SES_nRF/lib/libm_v7em_fpv4_sp_d16_hard_t_le_eabi.a
LOAD F:/SES_nRF/lib/libc_v7em_fpv4_sp_d16_hard_t_le_eabi.a
LOAD F:/SES_nRF/lib/libcpp_v7em_fpv4_sp_d16_hard_t_le_eabi.a
LOAD F:/SES_nRF/lib/libdebugio_v7em_fpv4_sp_d16_hard_t_le_eabi.a
LOAD F:/SES_nRF/lib/libvfprintf_v7em_fpv4_sp_d16_hard_t_le_eabi.o
LOAD F:/SES_nRF/lib/libvfscanf_v7em_fpv4_sp_d16_hard_t_le_eabi.o
END GROUP
OUTPUT(Output/Release/Exe/twi_mpu6050_pca10056.elf elf32-littlearm)

.ARM.attributes
                0x0000000000000000       0x35
 .ARM.attributes
                0x0000000000000000       0x25 Output/twi_mpu6050_pca10056 Release/Obj/thumb_crt0.o
 .ARM.attributes
                0x0000000000000025       0x39 Output/twi_mpu6050_pca10056 Release/Obj/nrf_log_backend_serial.o
 .ARM.attributes
                0x000000000000005e       0x39 Output/twi_mpu6050_pca10056 Release/Obj/nrf_log_backend_uart.o
 .ARM.attributes
                0x0000000000000097       0x39 Output/twi_mpu6050_pca10056 Release/Obj/nrf_log_default_backends.o
 .ARM.attributes
                0x00000000000000d0       0x39 Output/twi_mpu6050_pca10056 Release/Obj/nrf_log_frontend.o
 .ARM.attributes
                0x0000000000000109       0x39 Output/twi_mpu6050_pca10056 Release/Obj/nrf_log_str_formatter.o
 .ARM.attributes
                0x0000000000000142       0x39 Output/twi_mpu6050_pca10056 Release/Obj/boards.o
 .ARM.attributes
                0x000000000000017b       0x39 Output/twi_mpu6050_pca10056 Release/Obj/app_error.o
 .ARM.attributes
                0x00000000000001b4       0x39 Output/twi_mpu6050_pca10056 Release/Obj/app_error_weak.o
 .ARM.attributes
                0x00000000000001ed       0x39 Output/twi_mpu6050_pca10056 Release/Obj/app_util_platform.o
 .ARM.attributes
                0x0000000000000226       0x39 Output/twi_mpu6050_pca10056 Release/Obj/nrf_atomic.o
 .ARM.attributes
                0x000000000000025f       0x39 Output/twi_mpu6050_pca10056 Release/Obj/nrf_balloc.o
 .ARM.attributes
                0x0000000000000298       0x39 Output/twi_mpu6050_pca10056 Release/Obj/nrf_fprintf.o
 .ARM.attributes
                0x00000000000002d1       0x39 Output/twi_mpu6050_pca10056 Release/Obj/nrf_fprintf_format.o
 .ARM.attributes
                0x000000000000030a       0x39 Output/twi_mpu6050_pca10056 Release/Obj/nrf_memobj.o
 .ARM.attributes
                0x0000000000000343       0x39 Output/twi_mpu6050_pca10056 Release/Obj/nrf_ringbuf.o
 .ARM.attributes
                0x000000000000037c       0x39 Output/twi_mpu6050_pca10056 Release/Obj/nrf_drv_twi.o
 .ARM.attributes
                0x00000000000003b5       0x39 Output/twi_mpu6050_pca10056 Release/Obj/nrf_drv_uart.o
 .ARM.attributes
                0x00000000000003ee       0x39 Output/twi_mpu6050_pca10056 Release/Obj/nrfx_prs.o
 .ARM.attributes
                0x0000000000000427       0x39 Output/twi_mpu6050_pca10056 Release/Obj/nrfx_twim.o
 .ARM.attributes
                0x0000000000000460       0x39 Output/twi_mpu6050_pca10056 Release/Obj/nrfx_uart.o
 .ARM.attributes
                0x0000000000000499       0x39 Output/twi_mpu6050_pca10056 Release/Obj/nrfx_uarte.o
 .ARM.attributes
                0x00000000000004d2       0x39 Output/twi_mpu6050_pca10056 Release/Obj/main.o
 .ARM.attributes
                0x000000000000050b       0x39 Output/twi_mpu6050_pca10056 Release/Obj/SEGGER_RTT.o
 .ARM.attributes
                0x0000000000000544       0x39 Output/twi_mpu6050_pca10056 Release/Obj/SEGGER_RTT_Syscalls_SES.o
 .ARM.attributes
                0x000000000000057d       0x25 Output/twi_mpu6050_pca10056 Release/Obj/ses_startup_nrf52840.o
 .ARM.attributes
                0x00000000000005a2       0x25 Output/twi_mpu6050_pca10056 Release/Obj/ses_startup_nrf_common.o
 .ARM.attributes
                0x00000000000005c7       0x39 Output/twi_mpu6050_pca10056 Release/Obj/system_nrf52840.o
 .ARM.attributes
                0x0000000000000600       0x39 Output/twi_mpu6050_pca10056 Release/Obj/mpu6050s.o
 .ARM.attributes
                0x0000000000000639       0x34 F:/SES_nRF/lib/libc_v7em_fpv4_sp_d16_hard_t_le_eabi.a(libc2.o)
 .ARM.attributes
                0x000000000000066d       0x20 F:/SES_nRF/lib/libc_v7em_fpv4_sp_d16_hard_t_le_eabi.a(libc2_asm.o)
 .ARM.attributes
                0x000000000000068d       0x34 F:/SES_nRF/lib/libvfprintf_v7em_fpv4_sp_d16_hard_t_le_eabi.o

.comment        0x0000000000000000       0x47
 .comment       0x0000000000000000       0x47 Output/twi_mpu6050_pca10056 Release/Obj/nrf_log_backend_serial.o
                                         0x48 (size before relaxing)
 .comment       0x0000000000000047       0x48 Output/twi_mpu6050_pca10056 Release/Obj/nrf_log_backend_uart.o
 .comment       0x0000000000000047       0x48 Output/twi_mpu6050_pca10056 Release/Obj/nrf_log_default_backends.o
 .comment       0x0000000000000047       0x48 Output/twi_mpu6050_pca10056 Release/Obj/nrf_log_frontend.o
 .comment       0x0000000000000047       0x48 Output/twi_mpu6050_pca10056 Release/Obj/nrf_log_str_formatter.o
 .comment       0x0000000000000047       0x48 Output/twi_mpu6050_pca10056 Release/Obj/boards.o
 .comment       0x0000000000000047       0x48 Output/twi_mpu6050_pca10056 Release/Obj/app_error.o
 .comment       0x0000000000000047       0x48 Output/twi_mpu6050_pca10056 Release/Obj/app_error_weak.o
 .comment       0x0000000000000047       0x48 Output/twi_mpu6050_pca10056 Release/Obj/app_util_platform.o
 .comment       0x0000000000000047       0x48 Output/twi_mpu6050_pca10056 Release/Obj/nrf_atomic.o
 .comment       0x0000000000000047       0x48 Output/twi_mpu6050_pca10056 Release/Obj/nrf_balloc.o
 .comment       0x0000000000000047       0x48 Output/twi_mpu6050_pca10056 Release/Obj/nrf_fprintf.o
 .comment       0x0000000000000047       0x48 Output/twi_mpu6050_pca10056 Release/Obj/nrf_fprintf_format.o
 .comment       0x0000000000000047       0x48 Output/twi_mpu6050_pca10056 Release/Obj/nrf_memobj.o
 .comment       0x0000000000000047       0x48 Output/twi_mpu6050_pca10056 Release/Obj/nrf_ringbuf.o
 .comment       0x0000000000000047       0x48 Output/twi_mpu6050_pca10056 Release/Obj/nrf_drv_twi.o
 .comment       0x0000000000000047       0x48 Output/twi_mpu6050_pca10056 Release/Obj/nrf_drv_uart.o
 .comment       0x0000000000000047       0x48 Output/twi_mpu6050_pca10056 Release/Obj/nrfx_prs.o
 .comment       0x0000000000000047       0x48 Output/twi_mpu6050_pca10056 Release/Obj/nrfx_twim.o
 .comment       0x0000000000000047       0x48 Output/twi_mpu6050_pca10056 Release/Obj/nrfx_uart.o
 .comment       0x0000000000000047       0x48 Output/twi_mpu6050_pca10056 Release/Obj/nrfx_uarte.o
 .comment       0x0000000000000047       0x48 Output/twi_mpu6050_pca10056 Release/Obj/main.o
 .comment       0x0000000000000047       0x48 Output/twi_mpu6050_pca10056 Release/Obj/SEGGER_RTT.o
 .comment       0x0000000000000047       0x48 Output/twi_mpu6050_pca10056 Release/Obj/SEGGER_RTT_Syscalls_SES.o
 .comment       0x0000000000000047       0x48 Output/twi_mpu6050_pca10056 Release/Obj/system_nrf52840.o
 .comment       0x0000000000000047       0x48 Output/twi_mpu6050_pca10056 Release/Obj/mpu6050s.o
 .comment       0x0000000000000047       0x48 F:/SES_nRF/lib/libc_v7em_fpv4_sp_d16_hard_t_le_eabi.a(libc2.o)
 .comment       0x0000000000000047       0x48 F:/SES_nRF/lib/libvfprintf_v7em_fpv4_sp_d16_hard_t_le_eabi.o

.debug_line     0x0000000000000000     0xfda8
 .debug_line    0x0000000000000000      0x1cc Output/twi_mpu6050_pca10056 Release/Obj/thumb_crt0.o
 .debug_line    0x00000000000001cc      0x694 Output/twi_mpu6050_pca10056 Release/Obj/nrf_log_backend_serial.o
 .debug_line    0x0000000000000860      0x940 Output/twi_mpu6050_pca10056 Release/Obj/nrf_log_backend_uart.o
 .debug_line    0x00000000000011a0      0x58b Output/twi_mpu6050_pca10056 Release/Obj/nrf_log_default_backends.o
 .debug_line    0x000000000000172b     0x1202 Output/twi_mpu6050_pca10056 Release/Obj/nrf_log_frontend.o
 .debug_line    0x000000000000292d      0x7a5 Output/twi_mpu6050_pca10056 Release/Obj/nrf_log_str_formatter.o
 .debug_line    0x00000000000030d2      0xae2 Output/twi_mpu6050_pca10056 Release/Obj/boards.o
 .debug_line    0x0000000000003bb4      0x388 Output/twi_mpu6050_pca10056 Release/Obj/app_error.o
 .debug_line    0x0000000000003f3c      0x6b6 Output/twi_mpu6050_pca10056 Release/Obj/app_error_weak.o
 .debug_line    0x00000000000045f2      0x416 Output/twi_mpu6050_pca10056 Release/Obj/app_util_platform.o
 .debug_line    0x0000000000004a08      0x66c Output/twi_mpu6050_pca10056 Release/Obj/nrf_atomic.o
 .debug_line    0x0000000000005074      0x677 Output/twi_mpu6050_pca10056 Release/Obj/nrf_balloc.o
 .debug_line    0x00000000000056eb      0x3a8 Output/twi_mpu6050_pca10056 Release/Obj/nrf_fprintf.o
 .debug_line    0x0000000000005a93      0x808 Output/twi_mpu6050_pca10056 Release/Obj/nrf_fprintf_format.o
 .debug_line    0x000000000000629b      0x7bc Output/twi_mpu6050_pca10056 Release/Obj/nrf_memobj.o
 .debug_line    0x0000000000006a57      0x728 Output/twi_mpu6050_pca10056 Release/Obj/nrf_ringbuf.o
 .debug_line    0x000000000000717f      0x88a Output/twi_mpu6050_pca10056 Release/Obj/nrf_drv_twi.o
 .debug_line    0x0000000000007a09      0x653 Output/twi_mpu6050_pca10056 Release/Obj/nrf_drv_uart.o
 .debug_line    0x000000000000805c      0x703 Output/twi_mpu6050_pca10056 Release/Obj/nrfx_prs.o
 .debug_line    0x000000000000875f     0x17ca Output/twi_mpu6050_pca10056 Release/Obj/nrfx_twim.o
 .debug_line    0x0000000000009f29     0x17a8 Output/twi_mpu6050_pca10056 Release/Obj/nrfx_uart.o
 .debug_line    0x000000000000b6d1     0x1723 Output/twi_mpu6050_pca10056 Release/Obj/nrfx_uarte.o
 .debug_line    0x000000000000cdf4      0x9d7 Output/twi_mpu6050_pca10056 Release/Obj/main.o
 .debug_line    0x000000000000d7cb     0x11f2 Output/twi_mpu6050_pca10056 Release/Obj/SEGGER_RTT.o
 .debug_line    0x000000000000e9bd      0x41d Output/twi_mpu6050_pca10056 Release/Obj/SEGGER_RTT_Syscalls_SES.o
 .debug_line    0x000000000000edda       0x8d Output/twi_mpu6050_pca10056 Release/Obj/ses_startup_nrf52840.o
 .debug_line    0x000000000000ee67       0xac Output/twi_mpu6050_pca10056 Release/Obj/ses_startup_nrf_common.o
 .debug_line    0x000000000000ef13      0x566 Output/twi_mpu6050_pca10056 Release/Obj/system_nrf52840.o
 .debug_line    0x000000000000f479      0x92f Output/twi_mpu6050_pca10056 Release/Obj/mpu6050s.o

.debug_info     0x0000000000000000    0x23723
 .debug_info    0x0000000000000000       0x22 Output/twi_mpu6050_pca10056 Release/Obj/thumb_crt0.o
 .debug_info    0x0000000000000022      0xea0 Output/twi_mpu6050_pca10056 Release/Obj/nrf_log_backend_serial.o
 .debug_info    0x0000000000000ec2     0x18d1 Output/twi_mpu6050_pca10056 Release/Obj/nrf_log_backend_uart.o
 .debug_info    0x0000000000002793      0xa1a Output/twi_mpu6050_pca10056 Release/Obj/nrf_log_default_backends.o
 .debug_info    0x00000000000031ad     0x299c Output/twi_mpu6050_pca10056 Release/Obj/nrf_log_frontend.o
 .debug_info    0x0000000000005b49     0x1036 Output/twi_mpu6050_pca10056 Release/Obj/nrf_log_str_formatter.o
 .debug_info    0x0000000000006b7f     0x12e7 Output/twi_mpu6050_pca10056 Release/Obj/boards.o
 .debug_info    0x0000000000007e66      0x86a Output/twi_mpu6050_pca10056 Release/Obj/app_error.o
 .debug_info    0x00000000000086d0      0xc87 Output/twi_mpu6050_pca10056 Release/Obj/app_error_weak.o
 .debug_info    0x0000000000009357      0xd63 Output/twi_mpu6050_pca10056 Release/Obj/app_util_platform.o
 .debug_info    0x000000000000a0ba      0xee3 Output/twi_mpu6050_pca10056 Release/Obj/nrf_atomic.o
 .debug_info    0x000000000000af9d      0xae8 Output/twi_mpu6050_pca10056 Release/Obj/nrf_balloc.o
 .debug_info    0x000000000000ba85      0x7e4 Output/twi_mpu6050_pca10056 Release/Obj/nrf_fprintf.o
 .debug_info    0x000000000000c269      0xcc6 Output/twi_mpu6050_pca10056 Release/Obj/nrf_fprintf_format.o
 .debug_info    0x000000000000cf2f      0xff4 Output/twi_mpu6050_pca10056 Release/Obj/nrf_memobj.o
 .debug_info    0x000000000000df23      0xc18 Output/twi_mpu6050_pca10056 Release/Obj/nrf_ringbuf.o
 .debug_info    0x000000000000eb3b     0x1acc Output/twi_mpu6050_pca10056 Release/Obj/nrf_drv_twi.o
 .debug_info    0x0000000000010607     0x17a8 Output/twi_mpu6050_pca10056 Release/Obj/nrf_drv_uart.o
 .debug_info    0x0000000000011daf      0xe6f Output/twi_mpu6050_pca10056 Release/Obj/nrfx_prs.o
 .debug_info    0x0000000000012c1e     0x393f Output/twi_mpu6050_pca10056 Release/Obj/nrfx_twim.o
 .debug_info    0x000000000001655d     0x380c Output/twi_mpu6050_pca10056 Release/Obj/nrfx_uart.o
 .debug_info    0x0000000000019d69     0x39c7 Output/twi_mpu6050_pca10056 Release/Obj/nrfx_uarte.o
 .debug_info    0x000000000001d730      0xb68 Output/twi_mpu6050_pca10056 Release/Obj/main.o
 .debug_info    0x000000000001e298     0x1b9e Output/twi_mpu6050_pca10056 Release/Obj/SEGGER_RTT.o
 .debug_info    0x000000000001fe36      0xa67 Output/twi_mpu6050_pca10056 Release/Obj/SEGGER_RTT_Syscalls_SES.o
 .debug_info    0x000000000002089d       0x26 Output/twi_mpu6050_pca10056 Release/Obj/ses_startup_nrf52840.o
 .debug_info    0x00000000000208c3       0x26 Output/twi_mpu6050_pca10056 Release/Obj/ses_startup_nrf_common.o
 .debug_info    0x00000000000208e9     0x15ad Output/twi_mpu6050_pca10056 Release/Obj/system_nrf52840.o
 .debug_info    0x0000000000021e96     0x188d Output/twi_mpu6050_pca10056 Release/Obj/mpu6050s.o

.debug_abbrev   0x0000000000000000     0x51ea
 .debug_abbrev  0x0000000000000000       0x12 Output/twi_mpu6050_pca10056 Release/Obj/thumb_crt0.o
 .debug_abbrev  0x0000000000000012      0x26b Output/twi_mpu6050_pca10056 Release/Obj/nrf_log_backend_serial.o
 .debug_abbrev  0x000000000000027d      0x38e Output/twi_mpu6050_pca10056 Release/Obj/nrf_log_backend_uart.o
 .debug_abbrev  0x000000000000060b      0x206 Output/twi_mpu6050_pca10056 Release/Obj/nrf_log_default_backends.o
 .debug_abbrev  0x0000000000000811      0x61a Output/twi_mpu6050_pca10056 Release/Obj/nrf_log_frontend.o
 .debug_abbrev  0x0000000000000e2b      0x2b5 Output/twi_mpu6050_pca10056 Release/Obj/nrf_log_str_formatter.o
 .debug_abbrev  0x00000000000010e0      0x39b Output/twi_mpu6050_pca10056 Release/Obj/boards.o
 .debug_abbrev  0x000000000000147b      0x1d8 Output/twi_mpu6050_pca10056 Release/Obj/app_error.o
 .debug_abbrev  0x0000000000001653      0x27e Output/twi_mpu6050_pca10056 Release/Obj/app_error_weak.o
 .debug_abbrev  0x00000000000018d1      0x2c4 Output/twi_mpu6050_pca10056 Release/Obj/app_util_platform.o
 .debug_abbrev  0x0000000000001b95      0x25a Output/twi_mpu6050_pca10056 Release/Obj/nrf_atomic.o
 .debug_abbrev  0x0000000000001def      0x29d Output/twi_mpu6050_pca10056 Release/Obj/nrf_balloc.o
 .debug_abbrev  0x000000000000208c      0x1de Output/twi_mpu6050_pca10056 Release/Obj/nrf_fprintf.o
 .debug_abbrev  0x000000000000226a      0x368 Output/twi_mpu6050_pca10056 Release/Obj/nrf_fprintf_format.o
 .debug_abbrev  0x00000000000025d2      0x281 Output/twi_mpu6050_pca10056 Release/Obj/nrf_memobj.o
 .debug_abbrev  0x0000000000002853      0x1e7 Output/twi_mpu6050_pca10056 Release/Obj/nrf_ringbuf.o
 .debug_abbrev  0x0000000000002a3a      0x446 Output/twi_mpu6050_pca10056 Release/Obj/nrf_drv_twi.o
 .debug_abbrev  0x0000000000002e80      0x274 Output/twi_mpu6050_pca10056 Release/Obj/nrf_drv_uart.o
 .debug_abbrev  0x00000000000030f4      0x2f0 Output/twi_mpu6050_pca10056 Release/Obj/nrfx_prs.o
 .debug_abbrev  0x00000000000033e4      0x544 Output/twi_mpu6050_pca10056 Release/Obj/nrfx_twim.o
 .debug_abbrev  0x0000000000003928      0x5c6 Output/twi_mpu6050_pca10056 Release/Obj/nrfx_uart.o
 .debug_abbrev  0x0000000000003eee      0x52e Output/twi_mpu6050_pca10056 Release/Obj/nrfx_uarte.o
 .debug_abbrev  0x000000000000441c      0x219 Output/twi_mpu6050_pca10056 Release/Obj/main.o
 .debug_abbrev  0x0000000000004635      0x32c Output/twi_mpu6050_pca10056 Release/Obj/SEGGER_RTT.o
 .debug_abbrev  0x0000000000004961      0x22b Output/twi_mpu6050_pca10056 Release/Obj/SEGGER_RTT_Syscalls_SES.o
 .debug_abbrev  0x0000000000004b8c       0x14 Output/twi_mpu6050_pca10056 Release/Obj/ses_startup_nrf52840.o
 .debug_abbrev  0x0000000000004ba0       0x14 Output/twi_mpu6050_pca10056 Release/Obj/ses_startup_nrf_common.o
 .debug_abbrev  0x0000000000004bb4      0x26b Output/twi_mpu6050_pca10056 Release/Obj/system_nrf52840.o
 .debug_abbrev  0x0000000000004e1f      0x3cb Output/twi_mpu6050_pca10056 Release/Obj/mpu6050s.o

.debug_aranges  0x0000000000000000      0x980
 .debug_aranges
                0x0000000000000000       0x88 Output/twi_mpu6050_pca10056 Release/Obj/thumb_crt0.o
 .debug_aranges
                0x0000000000000088       0x20 Output/twi_mpu6050_pca10056 Release/Obj/nrf_log_backend_serial.o
 .debug_aranges
                0x00000000000000a8       0x50 Output/twi_mpu6050_pca10056 Release/Obj/nrf_log_backend_uart.o
 .debug_aranges
                0x00000000000000f8       0x20 Output/twi_mpu6050_pca10056 Release/Obj/nrf_log_default_backends.o
 .debug_aranges
                0x0000000000000118       0xd0 Output/twi_mpu6050_pca10056 Release/Obj/nrf_log_frontend.o
 .debug_aranges
                0x00000000000001e8       0x40 Output/twi_mpu6050_pca10056 Release/Obj/nrf_log_str_formatter.o
 .debug_aranges
                0x0000000000000228       0x78 Output/twi_mpu6050_pca10056 Release/Obj/boards.o
 .debug_aranges
                0x00000000000002a0       0x28 Output/twi_mpu6050_pca10056 Release/Obj/app_error.o
 .debug_aranges
                0x00000000000002c8       0x20 Output/twi_mpu6050_pca10056 Release/Obj/app_error_weak.o
 .debug_aranges
                0x00000000000002e8       0x48 Output/twi_mpu6050_pca10056 Release/Obj/app_util_platform.o
 .debug_aranges
                0x0000000000000330       0xb0 Output/twi_mpu6050_pca10056 Release/Obj/nrf_atomic.o
 .debug_aranges
                0x00000000000003e0       0x30 Output/twi_mpu6050_pca10056 Release/Obj/nrf_balloc.o
 .debug_aranges
                0x0000000000000410       0x28 Output/twi_mpu6050_pca10056 Release/Obj/nrf_fprintf.o
 .debug_aranges
                0x0000000000000438       0x30 Output/twi_mpu6050_pca10056 Release/Obj/nrf_fprintf_format.o
 .debug_aranges
                0x0000000000000468       0x58 Output/twi_mpu6050_pca10056 Release/Obj/nrf_memobj.o
 .debug_aranges
                0x00000000000004c0       0x50 Output/twi_mpu6050_pca10056 Release/Obj/nrf_ringbuf.o
 .debug_aranges
                0x0000000000000510       0x38 Output/twi_mpu6050_pca10056 Release/Obj/nrf_drv_twi.o
 .debug_aranges
                0x0000000000000548       0x30 Output/twi_mpu6050_pca10056 Release/Obj/nrf_drv_uart.o
 .debug_aranges
                0x0000000000000578       0x30 Output/twi_mpu6050_pca10056 Release/Obj/nrfx_prs.o
 .debug_aranges
                0x00000000000005a8       0x80 Output/twi_mpu6050_pca10056 Release/Obj/nrfx_twim.o
 .debug_aranges
                0x0000000000000628       0xa8 Output/twi_mpu6050_pca10056 Release/Obj/nrfx_uart.o
 .debug_aranges
                0x00000000000006d0       0x80 Output/twi_mpu6050_pca10056 Release/Obj/nrfx_uarte.o
 .debug_aranges
                0x0000000000000750       0x20 Output/twi_mpu6050_pca10056 Release/Obj/main.o
 .debug_aranges
                0x0000000000000770      0x108 Output/twi_mpu6050_pca10056 Release/Obj/SEGGER_RTT.o
 .debug_aranges
                0x0000000000000878       0x38 Output/twi_mpu6050_pca10056 Release/Obj/SEGGER_RTT_Syscalls_SES.o
 .debug_aranges
                0x00000000000008b0       0x20 Output/twi_mpu6050_pca10056 Release/Obj/ses_startup_nrf52840.o
 .debug_aranges
                0x00000000000008d0       0x20 Output/twi_mpu6050_pca10056 Release/Obj/ses_startup_nrf_common.o
 .debug_aranges
                0x00000000000008f0       0x38 Output/twi_mpu6050_pca10056 Release/Obj/system_nrf52840.o
 .debug_aranges
                0x0000000000000928       0x58 Output/twi_mpu6050_pca10056 Release/Obj/mpu6050s.o

.debug_str      0x0000000000000000    0x930e6
 .debug_str     0x0000000000000000       0x88 Output/twi_mpu6050_pca10056 Release/Obj/thumb_crt0.o
 .debug_str     0x0000000000000088    0x8368b Output/twi_mpu6050_pca10056 Release/Obj/nrf_log_backend_serial.o
                                      0x84a7d (size before relaxing)
 .debug_str     0x0000000000083713     0x463e Output/twi_mpu6050_pca10056 Release/Obj/nrf_log_backend_uart.o
                                      0x88bf0 (size before relaxing)
 .debug_str     0x0000000000087d51      0x132 Output/twi_mpu6050_pca10056 Release/Obj/nrf_log_default_backends.o
                                      0x84839 (size before relaxing)
 .debug_str     0x0000000000087e83     0x138a Output/twi_mpu6050_pca10056 Release/Obj/nrf_log_frontend.o
                                      0x85ced (size before relaxing)
 .debug_str     0x000000000008920d      0x2ef Output/twi_mpu6050_pca10056 Release/Obj/nrf_log_str_formatter.o